Archive member included because of file (symbol)

C:\nxp\projects\NBrazo_Memoria_4\cr_dsplibFFTbin_cm3\libcr_dsplibFFT_cm3.a(cr_dsplib_fft1024.o)
                              ./main.o (vF_dspl_fftR4b16N1024)
C:\nxp\projects\NBrazo_Memoria_4\CMSISv1p30_LPC17xx\Debug\libCMSISv1p30_LPC17xx.a(system_LPC17xx.o)
                              ./adc.o (SystemCoreClock)
C:\nxp\projects\NBrazo_Memoria_4\lib_small_printf_m3\Lib\liblib_small_printf_m3.a(small_printf_nofloat.o)
                              ./debug.o (printf_format_nofloat)
C:\nxp\projects\NBrazo_Memoria_4\lib_small_printf_m3\Lib\liblib_small_printf_m3.a(small_printf_support.o)
                              C:\nxp\projects\NBrazo_Memoria_4\lib_small_printf_m3\Lib\liblib_small_printf_m3.a(small_printf_nofloat.o) (prints)
C:\nxp\projects\NBrazo_Memoria_4\lib_small_printf_m3\Lib\liblib_small_printf_m3.a(small_utils.o)
                              ./debug.o (small_strlen)
C:\nxp\projects\NBrazo_Memoria_4\LIB_GLCDgui\Debug\libLIB_GLCDgui.a(GLCDgui.o)
                              ./main.o (GUI_StartLibrary)
C:\nxp\projects\NBrazo_Memoria_4\LIB_GLCDgui\Debug\libLIB_GLCDgui.a(button.o)
                              ./main.o (GUI_Button_Create)
C:\nxp\projects\NBrazo_Memoria_4\LIB_GLCDgui\Debug\libLIB_GLCDgui.a(list.o)
                              C:\nxp\projects\NBrazo_Memoria_4\LIB_GLCDgui\Debug\libLIB_GLCDgui.a(GLCDgui.o) (List_Init)
C:\nxp\projects\NBrazo_Memoria_4\LIB_GLCDgui\Debug\libLIB_GLCDgui.a(text.o)
                              ./main.o (GUI_Text_Create)
C:\nxp\projects\NBrazo_Memoria_4\LIB_GLCDgui\Debug\libLIB_GLCDgui.a(windows.o)
                              ./main.o (GUI_Window_Create)
C:\nxp\projects\NBrazo_Memoria_4\LIB_GLCDgui\Debug\libLIB_GLCDgui.a(object.o)
                              C:\nxp\projects\NBrazo_Memoria_4\LIB_GLCDgui\Debug\libLIB_GLCDgui.a(windows.o) (GUI_DrawObject)
C:\nxp\projects\NBrazo_Memoria_4\LIB_GLCDgui\Debug\libLIB_GLCDgui.a(picture.o)
                              C:\nxp\projects\NBrazo_Memoria_4\LIB_GLCDgui\Debug\libLIB_GLCDgui.a(object.o) (GUI_Picture_Draw)
C:\nxp\projects\NBrazo_Memoria_4\LIB_GLCDgui\Debug\libLIB_GLCDgui.a(textSlider.o)
                              C:\nxp\projects\NBrazo_Memoria_4\LIB_GLCDgui\Debug\libLIB_GLCDgui.a(object.o) (GUI_TextSlider_Draw)
C:\nxp\projects\NBrazo_Memoria_4\LIB_GLCDPrimitives\Debug\libLIB_GLCDPrimitives.a(GLCDFonts.o)
                              C:\nxp\projects\NBrazo_Memoria_4\LIB_GLCDgui\Debug\libLIB_GLCDgui.a(button.o) (GLCD_SelectFont)
C:\nxp\projects\NBrazo_Memoria_4\LIB_GLCDPrimitives\Debug\libLIB_GLCDPrimitives.a(GLCDPrimitives.o)
                              C:\nxp\projects\NBrazo_Memoria_4\LIB_GLCDgui\Debug\libLIB_GLCDgui.a(GLCDgui.o) (GLCDPrimitives_ClearScreen)
C:\nxp\projects\NBrazo_Memoria_4\Lib_GLCDLowLevel\Debug\libLib_GLCDLowLevel.a(GLCDLowLevel.o)
                              C:\nxp\projects\NBrazo_Memoria_4\LIB_GLCDgui\Debug\libLIB_GLCDgui.a(GLCDgui.o) (GLCDLowLevel_Init)
C:\nxp\projects\NBrazo_Memoria_4\Lib_GLCDLowLevel\Debug\libLib_GLCDLowLevel.a(MicroInterface.o)
                              C:\nxp\projects\NBrazo_Memoria_4\Lib_GLCDLowLevel\Debug\libLib_GLCDLowLevel.a(GLCDLowLevel.o) (MicroInterface_Init)
C:\nxp\projects\NBrazo_Memoria_4\Lib_TouchPanel\Debug\libLib_TouchPanel.a(touchPanel.o)
                              ./main.o (TouchPanel_Read)
C:\nxp\projects\NBrazo_Memoria_4\Lib_MCU\Debug\libLib_MCU.a(lpc17xx_gpio.o)
                              C:\nxp\projects\NBrazo_Memoria_4\Lib_TouchPanel\Debug\libLib_TouchPanel.a(touchPanel.o) (GPIO_SetDir)
C:\nxp\projects\NBrazo_Memoria_4\Lib_MCU\Debug\libLib_MCU.a(lpc17xx_pinsel.o)
                              C:\nxp\projects\NBrazo_Memoria_4\Lib_TouchPanel\Debug\libLib_TouchPanel.a(touchPanel.o) (PINSEL_ConfigPin)
c:/nxp/lpcxpresso_7.0.2_102/lpcxpresso/tools/bin/../lib/gcc/arm-none-eabi/4.8.3/../../../../arm-none-eabi/lib/armv7-m\libcr_semihost.a(__sys_write.o)
                              ./debug.o (__write)
c:/nxp/lpcxpresso_7.0.2_102/lpcxpresso/tools/bin/../lib/gcc/arm-none-eabi/4.8.3/../../../../arm-none-eabi/lib/armv7-m\libcr_semihost.a(_cr__main.o)
                              ./cr_startup_lpc17.o (__main)
c:/nxp/lpcxpresso_7.0.2_102/lpcxpresso/tools/bin/../lib/gcc/arm-none-eabi/4.8.3/../../../../arm-none-eabi/lib/armv7-m\libcr_c.a(memcpy.o)
                              ./Lib_FreeRTOS/queue.o (memcpy)
c:/nxp/lpcxpresso_7.0.2_102/lpcxpresso/tools/bin/../lib/gcc/arm-none-eabi/4.8.3/../../../../arm-none-eabi/lib/armv7-m\libcr_c.a(memset.o)
                              ./Lib_FreeRTOS/tasks.o (memset)
c:/nxp/lpcxpresso_7.0.2_102/lpcxpresso/tools/bin/../lib/gcc/arm-none-eabi/4.8.3/../../../../arm-none-eabi/lib/armv7-m\libcr_c.a(floor.o)
                              ./main.o (floor)
c:/nxp/lpcxpresso_7.0.2_102/lpcxpresso/tools/bin/../lib/gcc/arm-none-eabi/4.8.3/../../../../arm-none-eabi/lib/armv7-m\libcr_c.a(fpprintf.o)
                              ./Lib_FreeRTOS/tasks.o (sprintf)
[...]
Memory Configuration

Name             Origin             Length             Attributes
MFlash512        0x00000000         0x00080000         xr
RamLoc32         0x10000000         0x00008000         xrw
RamAHB32         0x2007c000         0x00008000         xrw
*default*        0x00000000         0xffffffff

Linker script and memory map

LOAD ./Lib_FreeRTOS/portable/MemMang/heap_2.o
LOAD ./Lib_FreeRTOS/portable/GCC/ARM_CM3/port.o
LOAD ./Lib_FreeRTOS/list.o
LOAD ./Lib_FreeRTOS/queue.o
LOAD ./Lib_FreeRTOS/tasks.o
LOAD ./adc.o
LOAD ./cr_startup_lpc17.o
LOAD ./debug.o
LOAD ./freq.o
LOAD ./iap_driver.o
LOAD ./main.o
LOAD ./rtc.o
LOAD ./uart.o
LOAD C:\nxp\projects\NBrazo_Memoria_4\cr_dsplibFFTbin_cm3\libcr_dsplibFFT_cm3.a
LOAD C:\nxp\projects\NBrazo_Memoria_4\CMSISv1p30_LPC17xx\Debug\libCMSISv1p30_LPC17xx.a
LOAD C:\nxp\projects\NBrazo_Memoria_4\lib_small_printf_m3\Lib\liblib_small_printf_m3.a
LOAD C:\nxp\projects\NBrazo_Memoria_4\LIB_GLCDgui\Debug\libLIB_GLCDgui.a
LOAD C:\nxp\projects\NBrazo_Memoria_4\LIB_GLCDPrimitives\Debug\libLIB_GLCDPrimitives.a
LOAD C:\nxp\projects\NBrazo_Memoria_4\Lib_GLCDLowLevel\Debug\libLib_GLCDLowLevel.a
LOAD C:\nxp\projects\NBrazo_Memoria_4\Lib_TouchPanel\Debug\libLib_TouchPanel.a
LOAD C:\nxp\projects\NBrazo_Memoria_4\Lib_MCU\Debug\libLib_MCU.a
LOAD C:\nxp\projects\NBrazo_Memoria_4\CMSISv1p30_LPC17xx\Debug\libCMSISv1p30_LPC17xx.a
START GROUP
LOAD c:/nxp/lpcxpresso_7.0.2_102/lpcxpresso/tools/bin/../lib/gcc/arm-none-eabi/4.8.3/../../../../arm-none-eabi/lib/armv7-m\libcr_semihost.a
LOAD c:/nxp/lpcxpresso_7.0.2_102/lpcxpresso/tools/bin/../lib/gcc/arm-none-eabi/4.8.3/../../../../arm-none-eabi/lib/armv7-m\libcr_c.a
LOAD c:/nxp/lpcxpresso_7.0.2_102/lpcxpresso/tools/bin/../lib/gcc/arm-none-eabi/4.8.3/armv7-m\libcr_eabihelpers.a
END GROUP
                0x00080000                __top_MFlash512 = 0x80000
                0x10008000                __top_RamLoc32 = 0x10008000
                0x20084000                __top_RamAHB32 = 0x20084000

.text           0x00000000     0xcc48
 FILL mask 0xff
                0x00000000                __vectors_start__ = ABSOLUTE (.)
 *(.isr_vector)
 .isr_vector    0x00000000       0xc8 ./cr_startup_lpc17.o
                0x00000000                g_pfnVectors
                0x000000c8                . = ALIGN (0x4)
                0x000000c8                __section_table_start = .
                0x000000c8                __data_section_table = .
                0x000000c8        0x4 LONG 0xcc48 LOADADDR (.data)
                0x000000cc        0x4 LONG 0x10000000 ADDR (.data)
                0x000000d0        0x4 LONG 0xd8 SIZEOF (.data)
                0x000000d4        0x4 LONG 0xcc48 LOADADDR (.data_RAM2)
                0x000000d8        0x4 LONG 0x2007c000 ADDR (.data_RAM2)
                0x000000dc        0x4 LONG 0x0 SIZEOF (.data_RAM2)
                0x000000e0                __data_section_table_end = .
                0x000000e0                __bss_section_table = .
                0x000000e0        0x4 LONG 0x100000d8 ADDR (.bss)
                0x000000e4        0x4 LONG 0x7628 SIZEOF (.bss)
                0x000000e8        0x4 LONG 0x2007c000 ADDR (.bss_RAM2)
                0x000000ec        0x4 LONG 0x0 SIZEOF (.bss_RAM2)
                0x000000f0                __bss_section_table_end = .
                0x000000f0                __section_table_end = .
 *(.after_vectors*)
 *(.text*)
 .text.pvPortMalloc
                0x000000f0      0x144 ./Lib_FreeRTOS/portable/MemMang/heap_2.o
                0x000000f0                pvPortMalloc
 .text.vPortFree
                0x00000234       0x70 ./Lib_FreeRTOS/portable/MemMang/heap_2.o
                0x00000234                vPortFree
 .text.vPortSVCHandler
                0x000002a4       0x20 ./Lib_FreeRTOS/portable/GCC/ARM_CM3/port.o
                0x000002a4                vPortSVCHandler
 .text.vPortYieldFromISR
                0x000002c4       0x18 ./Lib_FreeRTOS/portable/GCC/ARM_CM3/port.o
                0x000002c4                vPortYieldFromISR
 .text.vPortEnterCritical
                0x000002dc       0x24 ./Lib_FreeRTOS/portable/GCC/ARM_CM3/port.o
                0x000002dc                vPortEnterCritical
 .text.vPortExitCritical
                0x00000300       0x2c ./Lib_FreeRTOS/portable/GCC/ARM_CM3/port.o
                0x00000300                vPortExitCritical
 .text.xPortPendSVHandler
                0x0000032c       0x3c ./Lib_FreeRTOS/portable/GCC/ARM_CM3/port.o
                0x0000032c                xPortPendSVHandler
 .text.xPortSysTickHandler
                0x00000368       0x30 ./Lib_FreeRTOS/portable/GCC/ARM_CM3/port.o
                0x00000368                xPortSysTickHandler
 .text.vListInsertEnd
                0x00000398       0x50 ./Lib_FreeRTOS/list.o
                0x00000398                vListInsertEnd
 .text.vListRemove
                0x000003e8       0x50 ./Lib_FreeRTOS/list.o
                0x000003e8                vListRemove
 .text.xQueueGenericSendFromISR
                0x00000438       0x80 ./Lib_FreeRTOS/queue.o
                0x00000438                xQueueGenericSendFromISR
 .text.prvCopyDataToQueue
                0x000004b8       0xb8 ./Lib_FreeRTOS/queue.o
 .text.vTaskSuspendAll
                0x00000570       0x1c ./Lib_FreeRTOS/tasks.o
                0x00000570                vTaskSuspendAll
 .text.xTaskResumeAll
                0x0000058c       0xf4 ./Lib_FreeRTOS/tasks.o
                0x0000058c                xTaskResumeAll
 .text.vTaskIncrementTick
                0x00000680      0x12c ./Lib_FreeRTOS/tasks.o
                0x00000680                vTaskIncrementTick
 .text.vTaskSwitchContext
                0x000007ac      0x154 ./Lib_FreeRTOS/tasks.o
                0x000007ac                vTaskSwitchContext
 .text.xTaskRemoveFromEventList
                0x00000900       0xa0 ./Lib_FreeRTOS/tasks.o
                0x00000900                xTaskRemoveFromEventList
 .text.vTaskPriorityDisinherit
                0x000009a0       0x7c ./Lib_FreeRTOS/tasks.o
                0x000009a0                vTaskPriorityDisinherit
 .text.ADCInit  0x00000a1c       0xc0 ./adc.o
                0x00000a1c                ADCInit
 .text.ADC0Read
                0x00000adc       0x8c ./adc.o
                0x00000adc                ADC0Read
 .text.ResetISR
                0x00000b68       0x5c ./cr_startup_lpc17.o
                0x00000b68                ResetISR
 .text.NMI_Handler
                0x00000bc4        0x8 ./cr_startup_lpc17.o
                0x00000bc4                NMI_Handler
 .text.HardFault_Handler
                0x00000bcc        0x8 ./cr_startup_lpc17.o
                0x00000bcc                HardFault_Handler
 .text.MemManage_Handler
                0x00000bd4        0x8 ./cr_startup_lpc17.o
                0x00000bd4                MemManage_Handler
 .text.BusFault_Handler
                0x00000bdc        0x8 ./cr_startup_lpc17.o
                0x00000bdc                BusFault_Handler
 .text.UsageFault_Handler
                0x00000be4        0x8 ./cr_startup_lpc17.o
                0x00000be4                UsageFault_Handler
 .text.DebugMon_Handler
                0x00000bec        0x8 ./cr_startup_lpc17.o
                0x00000bec                DebugMon_Handler
 .text.IntDefaultHandler
                0x00000bf4        0x8 ./cr_startup_lpc17.o
                0x00000bf4                TIMER2_IRQHandler
                0x00000bf4                RIT_IRQHandler
                0x00000bf4                I2C0_IRQHandler
                0x00000bf4                USBActivity_IRQHandler
                0x00000bf4                PWM1_IRQHandler
                0x00000bf4                I2C1_IRQHandler
                0x00000bf4                EINT2_IRQHandler
                0x00000bf4                CANActivity_IRQHandler
                0x00000bf4                TIMER3_IRQHandler
                0x00000bf4                IntDefaultHandler
                0x00000bf4                PLL0_IRQHandler
                0x00000bf4                CAN_IRQHandler
                0x00000bf4                PLL1_IRQHandler
                0x00000bf4                SSP0_IRQHandler
                0x00000bf4                I2S_IRQHandler
                0x00000bf4                I2C2_IRQHandler
                0x00000bf4                TIMER0_IRQHandler
                0x00000bf4                SPI_IRQHandler
                0x00000bf4                EINT1_IRQHandler
                0x00000bf4                TIMER1_IRQHandler
                0x00000bf4                UART2_IRQHandler
                0x00000bf4                ADC_IRQHandler
                0x00000bf4                SSP1_IRQHandler
                0x00000bf4                USB_IRQHandler
                0x00000bf4                BOD_IRQHandler
                0x00000bf4                WDT_IRQHandler
                0x00000bf4                QEI_IRQHandler
                0x00000bf4                EINT0_IRQHandler
                0x00000bf4                DMA_IRQHandler
                0x00000bf4                MCPWM_IRQHandler
                0x00000bf4                ENET_IRQHandler
 .text.iap_erase_sector
                0x00000bfc       0x4c ./iap_driver.o
                0x00000bfc                iap_erase_sector
 .text.iap_prepare_sector
                0x00000c48       0x34 ./iap_driver.o
                0x00000c48                iap_prepare_sector
 .text.iap_copy_ram_to_flash
                0x00000c7c       0x50 ./iap_driver.o
                0x00000c7c                iap_copy_ram_to_flash
 .text.NVIC_EnableIRQ
                0x00000ccc       0x30 ./main.o
 .text.NVIC_DisableIRQ
                0x00000cfc       0x34 ./main.o
 .text.GLCD_Bmp
                0x00000d30       0x90 ./main.o
                0x00000d30                GLCD_Bmp
 .text.itoa     0x00000dc0       0xb4 ./main.o
                0x00000dc0                itoa
 .text.IniciarVariables
                0x00000e74       0xbc ./main.o
                0x00000e74                IniciarVariables
 .text.IniciarPromedio
                0x00000f30       0x68 ./main.o
                0x00000f30                IniciarPromedio
 .text.Teclado  0x00000f98       0x40 ./main.o
                0x00000f98                Teclado
 .text.EsperaTecla
                0x00000fd8       0x28 ./main.o
                0x00000fd8                EsperaTecla
 .text.PresentaTMedicion
                0x00001000      0x110 ./main.o
                0x00001000                PresentaTMedicion
 .text.PresentaResultados
                0x00001110      0x1b0 ./main.o
                0x00001110                PresentaResultados
 .text.PresentaGrafico
                0x000012c0      0x124 ./main.o
                0x000012c0                PresentaGrafico
 .text.Tiempito
                0x000013e4       0x4c ./main.o
                0x000013e4                Tiempito
 .text.PoneFechaHora
                0x00001430       0x20 ./main.o
                0x00001430                PoneFechaHora
 .text.MandarVector
                0x00001450      0x19c ./main.o
                0x00001450                MandarVector
 .text.LeeFechaHora
                0x000015ec      0x15c ./main.o
                0x000015ec                LeeFechaHora
 .text.MandarVector2
                0x00001748      0x200 ./main.o
                0x00001748                MandarVector2
 .text.LevantaMedicion
                0x00001948      0x13c ./main.o
                0x00001948                LevantaMedicion
 *fill*         0x00001a84        0x4 
 .text.CalculoRMS
                0x00001a88      0x478 ./main.o
                0x00001a88                CalculoRMS
 .text.AnalisisFrec
                0x00001f00      0x278 ./main.o
                0x00001f00                AnalisisFrec
 .text.CalculaDecibeles
                0x00002178      0x134 ./main.o
                0x00002178                CalculaDecibeles
 .text.LargaMedicion
                0x000022ac      0x360 ./main.o
                0x000022ac                LargaMedicion
 .text.main     0x0000260c      0x8e0 ./main.o
                0x0000260c                main
 .text.CompactaTemp
                0x00002eec      0x194 ./main.o
                0x00002eec                CompactaTemp
 .text.Grabacion
                0x00003080       0x18 ./main.o
                0x00003080                Grabacion
 .text.BorraYGraba
                0x00003098       0x54 ./main.o
                0x00003098                BorraYGraba
 .text.LeeMemoria
                0x000030ec       0x10 ./main.o
                0x000030ec                LeeMemoria
 .text.BorraMemoria
                0x000030fc       0x50 ./main.o
                0x000030fc                BorraMemoria
 .text.EnviaInfo
                0x0000314c       0x54 ./main.o
                0x0000314c                EnviaInfo
 .text.DesculaFH
                0x000031a0      0x1cc ./main.o
                0x000031a0                DesculaFH
 .text.RecibeFechaHora
                0x0000336c       0x38 ./main.o
                0x0000336c                RecibeFechaHora
 .text.ConstruyeFH
                0x000033a4      0x1d0 ./main.o
                0x000033a4                ConstruyeFH
 .text.MiraUART1
                0x00003574      0x170 ./main.o
                0x00003574                MiraUART1
 .text.StartGUI
                0x000036e4       0x20 ./main.o
                0x000036e4                StartGUI
 .text.CreateGUI
                0x00003704      0x8a0 ./main.o
                0x00003704                CreateGUI
 .text.wndHome_btnSettings_OnClik
                0x00003fa4       0x18 ./main.o
                0x00003fa4                wndHome_btnSettings_OnClik
 .text.EINT3_IRQHandler
                0x00003fbc       0x40 ./main.o
                0x00003fbc                EINT3_IRQHandler
 .text.vApplicationStackOverflowHook
                0x00003ffc        0xc ./main.o
                0x00003ffc                vApplicationStackOverflowHook
 .text.vTest_PerformFFT
                0x00004008       0x20 ./main.o
 .text.RTC_IRQHandler
                0x00004028       0x2c ./rtc.o
                0x00004028                RTC_IRQHandler
 .text.RTCInit  0x00004054       0x68 ./rtc.o
                0x00004054                RTCInit
 .text.RTCStart
                0x000040bc       0x28 ./rtc.o
                0x000040bc                RTCStart
 .text.RTCSetTime
                0x000040e4       0x6c ./rtc.o
                0x000040e4                RTCSetTime
 .text.RTCGetTime
                0x00004150       0x78 ./rtc.o
                0x00004150                RTCGetTime
 .text.NVIC_EnableIRQ
                0x000041c8       0x30 ./uart.o
 .text.UART0_IRQHandler
                0x000041f8       0xf4 ./uart.o
                0x000041f8                UART0_IRQHandler
 .text.UART1_IRQHandler
                0x000042ec       0xf4 ./uart.o
                0x000042ec                UART1_IRQHandler
 .text.UART3_IRQHandler
                0x000043e0       0xf4 ./uart.o
                0x000043e0                UART3_IRQHandler
 .text.UARTInit
                0x000044d4      0x220 ./uart.o
                0x000044d4                UARTInit
 .text.UARTSend
                0x000046f4       0xdc ./uart.o
                0x000046f4                UARTSend
 .text          0x000047d0     0x11dc C:\nxp\projects\NBrazo_Memoria_4\cr_dsplibFFTbin_cm3\libcr_dsplibFFT_cm3.a(cr_dsplib_fft1024.o)
                0x000047d0                vF_dspl_fftR4b16N1024
 .text.SystemInit
                0x000059ac      0x22c C:\nxp\projects\NBrazo_Memoria_4\CMSISv1p30_LPC17xx\Debug\libCMSISv1p30_LPC17xx.a(system_LPC17xx.o)
                0x000059ac                SystemInit
 .text.GUI_StartLibrary
                0x00005bd8       0x28 C:\nxp\projects\NBrazo_Memoria_4\LIB_GLCDgui\Debug\libLIB_GLCDgui.a(GLCDgui.o)
                0x00005bd8                GUI_StartLibrary
 .text.GUI_DefineHeapMalloc
                0x00005c00       0x20 C:\nxp\projects\NBrazo_Memoria_4\LIB_GLCDgui\Debug\libLIB_GLCDgui.a(GLCDgui.o)
                0x00005c00                GUI_DefineHeapMalloc
 .text.GUI_DefineHeapFree
                0x00005c20       0x20 C:\nxp\projects\NBrazo_Memoria_4\LIB_GLCDgui\Debug\libLIB_GLCDgui.a(GLCDgui.o)
                0x00005c20                GUI_DefineHeapFree
 .text.GUI_Malloc
                0x00005c40       0x24 C:\nxp\projects\NBrazo_Memoria_4\LIB_GLCDgui\Debug\libLIB_GLCDgui.a(GLCDgui.o)
                0x00005c40                GUI_Malloc
 .text.GUI_Button_Create
                0x00005c64      0x104 C:\nxp\projects\NBrazo_Memoria_4\LIB_GLCDgui\Debug\libLIB_GLCDgui.a(button.o)
                0x00005c64                GUI_Button_Create
 .text.GUI_Button_Draw
                0x00005d68       0xc4 C:\nxp\projects\NBrazo_Memoria_4\LIB_GLCDgui\Debug\libLIB_GLCDgui.a(button.o)
                0x00005d68                GUI_Button_Draw
 .text.List_Init
                0x00005e2c       0x2c C:\nxp\projects\NBrazo_Memoria_4\LIB_GLCDgui\Debug\libLIB_GLCDgui.a(list.o)
                0x00005e2c                List_Init
 .text.List_AddNode
                0x00005e58       0x74 C:\nxp\projects\NBrazo_Memoria_4\LIB_GLCDgui\Debug\libLIB_GLCDgui.a(list.o)
                0x00005e58                List_AddNode
 .text.List_SearchNode
                0x00005ecc       0x40 C:\nxp\projects\NBrazo_Memoria_4\LIB_GLCDgui\Debug\libLIB_GLCDgui.a(list.o)
                0x00005ecc                List_SearchNode
 .text.GUI_Text_Create
                0x00005f0c       0xec C:\nxp\projects\NBrazo_Memoria_4\LIB_GLCDgui\Debug\libLIB_GLCDgui.a(text.o)
                0x00005f0c                GUI_Text_Create
 .text.GUI_Text_Draw
                0x00005ff8       0x40 C:\nxp\projects\NBrazo_Memoria_4\LIB_GLCDgui\Debug\libLIB_GLCDgui.a(text.o)
                0x00005ff8                GUI_Text_Draw
 .text.GUI_Text_Draw_In_Dimmer
                0x00006038      0x110 C:\nxp\projects\NBrazo_Memoria_4\LIB_GLCDgui\Debug\libLIB_GLCDgui.a(text.o)
                0x00006038                GUI_Text_Draw_In_Dimmer
 .text.GUI_Text_Draw_In_Menu
                0x00006148      0x12c C:\nxp\projects\NBrazo_Memoria_4\LIB_GLCDgui\Debug\libLIB_GLCDgui.a(text.o)
                0x00006148                GUI_Text_Draw_In_Menu
 .text.GUI_Text_Draw_In_Credits
                0x00006274      0x144 C:\nxp\projects\NBrazo_Memoria_4\LIB_GLCDgui\Debug\libLIB_GLCDgui.a(text.o)
                0x00006274                GUI_Text_Draw_In_Credits
 .text.GUI_Text_Draw_In_Credit4
                0x000063b8      0x144 C:\nxp\projects\NBrazo_Memoria_4\LIB_GLCDgui\Debug\libLIB_GLCDgui.a(text.o)
                0x000063b8                GUI_Text_Draw_In_Credit4
 .text.GUI_Text_Draw_In_Credits5
                0x000064fc      0x144 C:\nxp\projects\NBrazo_Memoria_4\LIB_GLCDgui\Debug\libLIB_GLCDgui.a(text.o)
                0x000064fc                GUI_Text_Draw_In_Credits5
 .text.GUI_Text_Draw_In_GrafRes
                0x00006640      0x204 C:\nxp\projects\NBrazo_Memoria_4\LIB_GLCDgui\Debug\libLIB_GLCDgui.a(text.o)
                0x00006640                GUI_Text_Draw_In_GrafRes
 .text.GUI_Window_Create
                0x00006844       0xb4 C:\nxp\projects\NBrazo_Memoria_4\LIB_GLCDgui\Debug\libLIB_GLCDgui.a(windows.o)
                0x00006844                GUI_Window_Create
 .text.GUI_Window_Draw
                0x000068f8      0x1bc C:\nxp\projects\NBrazo_Memoria_4\LIB_GLCDgui\Debug\libLIB_GLCDgui.a(windows.o)
                0x000068f8                GUI_Window_Draw
 .text.GUI_DrawObject
                0x00006ab4       0x64 C:\nxp\projects\NBrazo_Memoria_4\LIB_GLCDgui\Debug\libLIB_GLCDgui.a(object.o)
                0x00006ab4                GUI_DrawObject
 .text.GUI_Picture_Draw
                0x00006b18       0x9c C:\nxp\projects\NBrazo_Memoria_4\LIB_GLCDgui\Debug\libLIB_GLCDgui.a(picture.o)
                0x00006b18                GUI_Picture_Draw
 .text.GUI_TextSlider_Draw
                0x00006bb4       0xd0 C:\nxp\projects\NBrazo_Memoria_4\LIB_GLCDgui\Debug\libLIB_GLCDgui.a(textSlider.o)
                0x00006bb4                GUI_TextSlider_Draw
 .text.FontRead
                0x00006c84       0x18 C:\nxp\projects\NBrazo_Memoria_4\LIB_GLCDPrimitives\Debug\libLIB_GLCDPrimitives.a(GLCDFonts.o)
                0x00006c84                FontRead
 .text.GLCD_SelectFont
                0x00006c9c       0x30 C:\nxp\projects\NBrazo_Memoria_4\LIB_GLCDPrimitives\Debug\libLIB_GLCDPrimitives.a(GLCDFonts.o)
                0x00006c9c                GLCD_SelectFont
 .text.GLCD_FreePuts
                0x00006ccc       0x90 C:\nxp\projects\NBrazo_Memoria_4\LIB_GLCDPrimitives\Debug\libLIB_GLCDPrimitives.a(GLCDFonts.o)
                0x00006ccc                GLCD_FreePuts
 .text.GLCD_FreePutChar
                0x00006d5c      0x5a0 C:\nxp\projects\NBrazo_Memoria_4\LIB_GLCDPrimitives\Debug\libLIB_GLCDPrimitives.a(GLCDFonts.o)
                0x00006d5c                GLCD_FreePutChar
 .text.GLCD_CursorFreeTo
                0x000072fc       0x30 C:\nxp\projects\NBrazo_Memoria_4\LIB_GLCDPrimitives\Debug\libLIB_GLCDPrimitives.a(GLCDFonts.o)
                0x000072fc                GLCD_CursorFreeTo
 .text.SetPage  0x0000732c       0x48 C:\nxp\projects\NBrazo_Memoria_4\LIB_GLCDPrimitives\Debug\libLIB_GLCDPrimitives.a(GLCDPrimitives.o)
                0x0000732c                SetPage
 .text.GLCDPrimitives_ClearScreen
                0x00007374       0x68 C:\nxp\projects\NBrazo_Memoria_4\LIB_GLCDPrimitives\Debug\libLIB_GLCDPrimitives.a(GLCDPrimitives.o)
                0x00007374                GLCDPrimitives_ClearScreen
 .text.GLCDPrimitives_DrawBitmap
                0x000073dc       0xc8 C:\nxp\projects\NBrazo_Memoria_4\LIB_GLCDPrimitives\Debug\libLIB_GLCDPrimitives.a(GLCDPrimitives.o)
                0x000073dc                GLCDPrimitives_DrawBitmap
 .text.GLCDPrimitives_DrawLine
                0x000074a4      0x358 C:\nxp\projects\NBrazo_Memoria_4\LIB_GLCDPrimitives\Debug\libLIB_GLCDPrimitives.a(GLCDPrimitives.o)
                0x000074a4                GLCDPrimitives_DrawLine
 .text.GLCDPrimitives_FillRect
                0x000077fc      0x274 C:\nxp\projects\NBrazo_Memoria_4\LIB_GLCDPrimitives\Debug\libLIB_GLCDPrimitives.a(GLCDPrimitives.o)
                0x000077fc                GLCDPrimitives_FillRect
 .text.SendData
                0x00007a70      0x10c C:\nxp\projects\NBrazo_Memoria_4\Lib_GLCDLowLevel\Debug\libLib_GLCDLowLevel.a(GLCDLowLevel.o)
 .text.GLCDLowLevel_Init
                0x00007b7c       0xe0 C:\nxp\projects\NBrazo_Memoria_4\Lib_GLCDLowLevel\Debug\libLib_GLCDLowLevel.a(GLCDLowLevel.o)
                0x00007b7c                GLCDLowLevel_Init
 .text.GLCDLowLevel_SwapBuffer
                0x00007c5c       0xd4 C:\nxp\projects\NBrazo_Memoria_4\Lib_GLCDLowLevel\Debug\libLib_GLCDLowLevel.a(GLCDLowLevel.o)
                0x00007c5c                GLCDLowLevel_SwapBuffer
 .text.MicroInterface_Init
                0x00007d30       0x7c C:\nxp\projects\NBrazo_Memoria_4\Lib_GLCDLowLevel\Debug\libLib_GLCDLowLevel.a(MicroInterface.o)
                0x00007d30                MicroInterface_Init
 .text.MicroInterface_Bit_WriteLow
                0x00007dac       0x2c C:\nxp\projects\NBrazo_Memoria_4\Lib_GLCDLowLevel\Debug\libLib_GLCDLowLevel.a(MicroInterface.o)
                0x00007dac                MicroInterface_Bit_WriteLow
 .text.MicroInterface_Bit_WriteHigh
                0x00007dd8       0x2c C:\nxp\projects\NBrazo_Memoria_4\Lib_GLCDLowLevel\Debug\libLib_GLCDLowLevel.a(MicroInterface.o)
                0x00007dd8                MicroInterface_Bit_WriteHigh
 .text.MicroInterface_Byte_WriteData
                0x00007e04       0x5c C:\nxp\projects\NBrazo_Memoria_4\Lib_GLCDLowLevel\Debug\libLib_GLCDLowLevel.a(MicroInterface.o)
                0x00007e04                MicroInterface_Byte_WriteData
 .text.GPIO_GetPointer
                0x00007e60       0x7c C:\nxp\projects\NBrazo_Memoria_4\Lib_MCU\Debug\libLib_MCU.a(lpc17xx_gpio.o)
 .text.FIO_ByteGetPointer
                0x00007edc       0x7c C:\nxp\projects\NBrazo_Memoria_4\Lib_MCU\Debug\libLib_MCU.a(lpc17xx_gpio.o)
 .text.GPIO_SetDir
                0x00007f58       0x54 C:\nxp\projects\NBrazo_Memoria_4\Lib_MCU\Debug\libLib_MCU.a(lpc17xx_gpio.o)
                0x00007f58                GPIO_SetDir
 .text.GPIO_SetValue
                0x00007fac       0x2c C:\nxp\projects\NBrazo_Memoria_4\Lib_MCU\Debug\libLib_MCU.a(lpc17xx_gpio.o)
                0x00007fac                GPIO_SetValue
 .text.GPIO_ClearValue
                0x00007fd8       0x2c C:\nxp\projects\NBrazo_Memoria_4\Lib_MCU\Debug\libLib_MCU.a(lpc17xx_gpio.o)
                0x00007fd8                GPIO_ClearValue
 .text.FIO_SetDir
                0x00008004       0x28 C:\nxp\projects\NBrazo_Memoria_4\Lib_MCU\Debug\libLib_MCU.a(lpc17xx_gpio.o)
                0x00008004                FIO_SetDir
 .text.FIO_SetValue
                0x0000802c       0x20 C:\nxp\projects\NBrazo_Memoria_4\Lib_MCU\Debug\libLib_MCU.a(lpc17xx_gpio.o)
                0x0000802c                FIO_SetValue
 .text.FIO_ClearValue
                0x0000804c       0x20 C:\nxp\projects\NBrazo_Memoria_4\Lib_MCU\Debug\libLib_MCU.a(lpc17xx_gpio.o)
                0x0000804c                FIO_ClearValue
 .text.FIO_ByteSetDir
                0x0000806c       0x70 C:\nxp\projects\NBrazo_Memoria_4\Lib_MCU\Debug\libLib_MCU.a(lpc17xx_gpio.o)
                0x0000806c                FIO_ByteSetDir
 .text.FIO_ByteSetValue
                0x000080dc       0x3c C:\nxp\projects\NBrazo_Memoria_4\Lib_MCU\Debug\libLib_MCU.a(lpc17xx_gpio.o)
                0x000080dc                FIO_ByteSetValue
 .text.FIO_ByteClearValue
                0x00008118       0x3c C:\nxp\projects\NBrazo_Memoria_4\Lib_MCU\Debug\libLib_MCU.a(lpc17xx_gpio.o)
                0x00008118                FIO_ByteClearValue
 .text.__sys_write
                0x00008154        0xc c:/nxp/lpcxpresso_7.0.2_102/lpcxpresso/tools/bin/../lib/gcc/arm-none-eabi/4.8.3/../../../../arm-none-eabi/lib/armv7-m\libcr_semihost.a(__sys_write.o)
                0x00008154                __sys_write
                0x00008154                __write
 .text.__main   0x00008160       0x14 c:/nxp/lpcxpresso_7.0.2_102/lpcxpresso/tools/bin/../lib/gcc/arm-none-eabi/4.8.3/../../../../arm-none-eabi/lib/armv7-m\libcr_semihost.a(_cr__main.o)
                0x00008160                __main
 .text.memcpy   0x00008174        0x4 c:/nxp/lpcxpresso_7.0.2_102/lpcxpresso/tools/bin/../lib/gcc/arm-none-eabi/4.8.3/../../../../arm-none-eabi/lib/armv7-m\libcr_c.a(memcpy.o)
                0x00008174                memcpy
 .text.memset   0x00008178        0x4 c:/nxp/lpcxpresso_7.0.2_102/lpcxpresso/tools/bin/../lib/gcc/arm-none-eabi/4.8.3/../../../../arm-none-eabi/lib/armv7-m\libcr_c.a(memset.o)
                0x00008178                memset
 .text.floor    0x0000817c       0x90 c:/nxp/lpcxpresso_7.0.2_102/lpcxpresso/tools/bin/../lib/gcc/arm-none-eabi/4.8.3/../../../../arm-none-eabi/lib/armv7-m\libcr_c.a(floor.o)
                0x0000817c                floor
 .text.fp_round
                0x0000820c       0x4e c:/nxp/lpcxpresso_7.0.2_102/lpcxpresso/tools/bin/../lib/gcc/arm-none-eabi/4.8.3/../../../../arm-none-eabi/lib/armv7-m\libcr_c.a(fpprintf.o)
 .text.pr_dec.constprop.1
                0x0000825a       0x26 c:/nxp/lpcxpresso_7.0.2_102/lpcxpresso/tools/bin/../lib/gcc/arm-none-eabi/4.8.3/../../../../arm-none-eabi/lib/armv7-m\libcr_c.a(fpprintf.o)
 .text.sprintf  0x00008280       0x6c c:/nxp/lpcxpresso_7.0.2_102/lpcxpresso/tools/bin/../lib/gcc/arm-none-eabi/4.8.3/../../../../arm-none-eabi/lib/armv7-m\libcr_c.a(fpprintf.o)
                0x00008280                sprintf
 *fill*         0x000082ec        0x4 
 .text.fp_display
                0x000082f0      0x998 c:/nxp/lpcxpresso_7.0.2_102/lpcxpresso/tools/bin/../lib/gcc/arm-none-eabi/4.8.3/../../../../arm-none-eabi/lib/armv7-m\libcr_c.a(fpprintf.o)
 .text._initio  0x00008c88       0xa4 c:/nxp/lpcxpresso_7.0.2_102/lpcxpresso/tools/bin/../lib/gcc/arm-none-eabi/4.8.3/../../../../arm-none-eabi/lib/armv7-m\libcr_c.a(initio.o)
                0x00008c88                _initio
 *fill*         0x00008d2c        0x4 
 .text.log10    0x00008d30       0x20 c:/nxp/lpcxpresso_7.0.2_102/lpcxpresso/tools/bin/../lib/gcc/arm-none-eabi/4.8.3/../../../../arm-none-eabi/lib/armv7-m\libcr_c.a(log10.o)
                0x00008d30                log10
 .text.memcmp   0x00008d50       0x44 c:/nxp/lpcxpresso_7.0.2_102/lpcxpresso/tools/bin/../lib/gcc/arm-none-eabi/4.8.3/../../../../arm-none-eabi/lib/armv7-m\libcr_c.a(memcmp.o)
                0x00008d50                memcmp
 *fill*         0x00008d94        0x4 
 .text.pow      0x00008d98      0x570 c:/nxp/lpcxpresso_7.0.2_102/lpcxpresso/tools/bin/../lib/gcc/arm-none-eabi/4.8.3/../../../../arm-none-eabi/lib/armv7-m\libcr_c.a(pow.o)
                0x00008d98                pow
 .text.__vfprintf
                0x00009308      0xca0 c:/nxp/lpcxpresso_7.0.2_102/lpcxpresso/tools/bin/../lib/gcc/arm-none-eabi/4.8.3/../../../../arm-none-eabi/lib/armv7-m\libcr_c.a(printf.o)
                0x00009308                __vfprintf
 .text.setvbuf  0x00009fa8       0x40 c:/nxp/lpcxpresso_7.0.2_102/lpcxpresso/tools/bin/../lib/gcc/arm-none-eabi/4.8.3/../../../../arm-none-eabi/lib/armv7-m\libcr_c.a(setvbuf.o)
                0x00009fa8                setvbuf
 .text.sqrt     0x00009fe8      0x138 c:/nxp/lpcxpresso_7.0.2_102/lpcxpresso/tools/bin/../lib/gcc/arm-none-eabi/4.8.3/../../../../arm-none-eabi/lib/armv7-m\libcr_c.a(sqrt.o)
                0x00009fe8                sqrt
 .text.strcat   0x0000a120       0x1a c:/nxp/lpcxpresso_7.0.2_102/lpcxpresso/tools/bin/../lib/gcc/arm-none-eabi/4.8.3/../../../../arm-none-eabi/lib/armv7-m\libcr_c.a(strcat.o)
                0x0000a120                strcat
 .text.strcpy   0x0000a13a       0x40 c:/nxp/lpcxpresso_7.0.2_102/lpcxpresso/tools/bin/../lib/gcc/arm-none-eabi/4.8.3/../../../../arm-none-eabi/lib/armv7-m\libcr_c.a(strcpy.o)
                0x0000a13a                strcpy
 .text.strlen   0x0000a17a       0x4a c:/nxp/lpcxpresso_7.0.2_102/lpcxpresso/tools/bin/../lib/gcc/arm-none-eabi/4.8.3/../../../../arm-none-eabi/lib/armv7-m\libcr_c.a(strlen.o)
                0x0000a17a                strlen
 .text.strncmp  0x0000a1c4       0x54 c:/nxp/lpcxpresso_7.0.2_102/lpcxpresso/tools/bin/../lib/gcc/arm-none-eabi/4.8.3/../../../../arm-none-eabi/lib/armv7-m\libcr_c.a(strncmp.o)
                0x0000a1c4                strncmp
 .text.strncpy  0x0000a218       0x58 c:/nxp/lpcxpresso_7.0.2_102/lpcxpresso/tools/bin/../lib/gcc/arm-none-eabi/4.8.3/../../../../arm-none-eabi/lib/armv7-m\libcr_c.a(strncpy.o)
                0x0000a218                strncpy
 .text._deferredlazyseek
                0x0000a270       0x44 c:/nxp/lpcxpresso_7.0.2_102/lpcxpresso/tools/bin/../lib/gcc/arm-none-eabi/4.8.3/../../../../arm-none-eabi/lib/armv7-m\libcr_c.a(_deferredlazyseek.o)
                0x0000a270                _deferredlazyseek
 .text.__flsbuf
                0x0000a2b4      0x142 c:/nxp/lpcxpresso_7.0.2_102/lpcxpresso/tools/bin/../lib/gcc/arm-none-eabi/4.8.3/../../../../arm-none-eabi/lib/armv7-m\libcr_c.a(_deferredlazyseek.o)
                0x0000a2b4                __flsbuf
 .text._fdopen  0x0000a3f6       0x6a c:/nxp/lpcxpresso_7.0.2_102/lpcxpresso/tools/bin/../lib/gcc/arm-none-eabi/4.8.3/../../../../arm-none-eabi/lib/armv7-m\libcr_c.a(_fdopen.o)
                0x0000a3f6                _fdopen
 .text._fflush  0x0000a460       0x58 c:/nxp/lpcxpresso_7.0.2_102/lpcxpresso/tools/bin/../lib/gcc/arm-none-eabi/4.8.3/../../../../arm-none-eabi/lib/armv7-m\libcr_c.a(_fflush.o)
                0x0000a460                _fflush
 .text._frexpl  0x0000a4b8       0x5c c:/nxp/lpcxpresso_7.0.2_102/lpcxpresso/tools/bin/../lib/gcc/arm-none-eabi/4.8.3/../../../../arm-none-eabi/lib/armv7-m\libcr_c.a(_frexpl.o)
                0x0000a4b8                _frexpl
 .text._ldexpl  0x0000a514       0x4c c:/nxp/lpcxpresso_7.0.2_102/lpcxpresso/tools/bin/../lib/gcc/arm-none-eabi/4.8.3/../../../../arm-none-eabi/lib/armv7-m\libcr_c.a(_ldexpl.o)
                0x0000a514                _ldexpl
 .text._Cwritebuf
                0x0000a560       0x70 c:/nxp/lpcxpresso_7.0.2_102/lpcxpresso/tools/bin/../lib/gcc/arm-none-eabi/4.8.3/../../../../arm-none-eabi/lib/armv7-m\libcr_c.a(_writebuf.o)
                0x0000a560                _Cwritebuf
 .text.malloc   0x0000a5d0       0xc4 c:/nxp/lpcxpresso_7.0.2_102/lpcxpresso/tools/bin/../lib/gcc/arm-none-eabi/4.8.3/../../../../arm-none-eabi/lib/armv7-m\libcr_c.a(alloc.o)
                0x0000a5d0                malloc
 .text.free     0x0000a694        0xc c:/nxp/lpcxpresso_7.0.2_102/lpcxpresso/tools/bin/../lib/gcc/arm-none-eabi/4.8.3/../../../../arm-none-eabi/lib/armv7-m\libcr_c.a(alloc.o)
                0x0000a694                free
 .text._Csys_alloc
                0x0000a6a0       0x20 c:/nxp/lpcxpresso_7.0.2_102/lpcxpresso/tools/bin/../lib/gcc/arm-none-eabi/4.8.3/../../../../arm-none-eabi/lib/armv7-m\libcr_c.a(alloc.o)
                0x0000a6a0                _Csys_alloc
 .text.fclose   0x0000a6c0       0x6c c:/nxp/lpcxpresso_7.0.2_102/lpcxpresso/tools/bin/../lib/gcc/arm-none-eabi/4.8.3/../../../../arm-none-eabi/lib/armv7-m\libcr_c.a(fclose.o)
                0x0000a6c0                fclose
 .text.fflush   0x0000a72c       0x30 c:/nxp/lpcxpresso_7.0.2_102/lpcxpresso/tools/bin/../lib/gcc/arm-none-eabi/4.8.3/../../../../arm-none-eabi/lib/armv7-m\libcr_c.a(fflush.o)
                0x0000a72c                fflush
 .text.frexp    0x0000a75c       0x5c c:/nxp/lpcxpresso_7.0.2_102/lpcxpresso/tools/bin/../lib/gcc/arm-none-eabi/4.8.3/../../../../arm-none-eabi/lib/armv7-m\libcr_c.a(frexp.o)
                0x0000a75c                frexp
 .text.fseek    0x0000a7b8      0x10c c:/nxp/lpcxpresso_7.0.2_102/lpcxpresso/tools/bin/../lib/gcc/arm-none-eabi/4.8.3/../../../../arm-none-eabi/lib/armv7-m\libcr_c.a(fseek.o)
                0x0000a7b8                fseek
 .text.ftell    0x0000a8c4       0x4c c:/nxp/lpcxpresso_7.0.2_102/lpcxpresso/tools/bin/../lib/gcc/arm-none-eabi/4.8.3/../../../../arm-none-eabi/lib/armv7-m\libcr_c.a(ftell.o)
                0x0000a8c4                ftell
 .text.ldexp    0x0000a910       0x4c c:/nxp/lpcxpresso_7.0.2_102/lpcxpresso/tools/bin/../lib/gcc/arm-none-eabi/4.8.3/../../../../arm-none-eabi/lib/armv7-m\libcr_c.a(ldexp.o)
                0x0000a910                ldexp
 *fill*         0x0000a95c        0x4 
 .text.log      0x0000a960      0x1e0 c:/nxp/lpcxpresso_7.0.2_102/lpcxpresso/tools/bin/../lib/gcc/arm-none-eabi/4.8.3/../../../../arm-none-eabi/lib/armv7-m\libcr_c.a(log.o)
                0x0000a960                log
 .text.remove   0x0000ab40       0x14 c:/nxp/lpcxpresso_7.0.2_102/lpcxpresso/tools/bin/../lib/gcc/arm-none-eabi/4.8.3/../../../../arm-none-eabi/lib/armv7-m\libcr_c.a(remove.o)
                0x0000ab40                remove
 .text._sbrk    0x0000ab54       0x40 c:/nxp/lpcxpresso_7.0.2_102/lpcxpresso/tools/bin/../lib/gcc/arm-none-eabi/4.8.3/../../../../arm-none-eabi/lib/armv7-m\libcr_c.a(_cr_sbrk.o)
                0x0000ab54                _sbrk
 .text._do_fflush
                0x0000ab94       0x44 c:/nxp/lpcxpresso_7.0.2_102/lpcxpresso/tools/bin/../lib/gcc/arm-none-eabi/4.8.3/../../../../arm-none-eabi/lib/armv7-m\libcr_c.a(_do_fflush.o)
                0x0000ab94                _do_fflush
 .text.__check_heap_overflow
                0x0000abd8       0x24 c:/nxp/lpcxpresso_7.0.2_102/lpcxpresso/tools/bin/../lib/gcc/arm-none-eabi/4.8.3/../../../../arm-none-eabi/lib/armv7-m\libcr_c.a(_cr_check_heap.o)
                0x0000abd8                __check_heap_overflow
 .text.__aeabi_dmul
                0x0000abfc      0x12c c:/nxp/lpcxpresso_7.0.2_102/lpcxpresso/tools/bin/../lib/gcc/arm-none-eabi/4.8.3/armv7-m\libcr_eabihelpers.a(double.o)
                0x0000abfc                __aeabi_dmul
 .text.__aeabi_ddiv
                0x0000ad28      0x16c c:/nxp/lpcxpresso_7.0.2_102/lpcxpresso/tools/bin/../lib/gcc/arm-none-eabi/4.8.3/armv7-m\libcr_eabihelpers.a(double.o)
                0x0000ad28                __aeabi_ddiv
 .text.__aeabi_dsub
                0x0000ae94      0x228 c:/nxp/lpcxpresso_7.0.2_102/lpcxpresso/tools/bin/../lib/gcc/arm-none-eabi/4.8.3/armv7-m\libcr_eabihelpers.a(double.o)
                0x0000ae94                __aeabi_dsub
 .text.__aeabi_dadd
                0x0000b0bc      0x178 c:/nxp/lpcxpresso_7.0.2_102/lpcxpresso/tools/bin/../lib/gcc/arm-none-eabi/4.8.3/armv7-m\libcr_eabihelpers.a(double.o)
                0x0000b0bc                __aeabi_dadd
 .text.__aeabi_d2f
                0x0000b234       0x58 c:/nxp/lpcxpresso_7.0.2_102/lpcxpresso/tools/bin/../lib/gcc/arm-none-eabi/4.8.3/armv7-m\libcr_eabihelpers.a(double.o)
                0x0000b234                __aeabi_d2f
 .text.__aeabi_d2iz
                0x0000b28c       0x4c c:/nxp/lpcxpresso_7.0.2_102/lpcxpresso/tools/bin/../lib/gcc/arm-none-eabi/4.8.3/armv7-m\libcr_eabihelpers.a(double.o)
                0x0000b28c                __aeabi_d2iz
 .text.__bhs_ui2d
                0x0000b2d8       0x48 c:/nxp/lpcxpresso_7.0.2_102/lpcxpresso/tools/bin/../lib/gcc/arm-none-eabi/4.8.3/armv7-m\libcr_eabihelpers.a(double.o)
                0x0000b2d8                __bhs_ui2d
 .text.__aeabi_i2d
                0x0000b320       0x10 c:/nxp/lpcxpresso_7.0.2_102/lpcxpresso/tools/bin/../lib/gcc/arm-none-eabi/4.8.3/armv7-m\libcr_eabihelpers.a(double.o)
                0x0000b320                __aeabi_i2d
 .text.__aeabi_dcmpeq
                0x0000b330       0x40 c:/nxp/lpcxpresso_7.0.2_102/lpcxpresso/tools/bin/../lib/gcc/arm-none-eabi/4.8.3/armv7-m\libcr_eabihelpers.a(double.o)
                0x0000b330                __aeabi_dcmpeq
 .text.__aeabi_dcmplt
                0x0000b370       0x60 c:/nxp/lpcxpresso_7.0.2_102/lpcxpresso/tools/bin/../lib/gcc/arm-none-eabi/4.8.3/armv7-m\libcr_eabihelpers.a(double.o)
                0x0000b370                __aeabi_dcmplt
 .text.__aeabi_dcmpgt
                0x0000b3d0       0x5c c:/nxp/lpcxpresso_7.0.2_102/lpcxpresso/tools/bin/../lib/gcc/arm-none-eabi/4.8.3/armv7-m\libcr_eabihelpers.a(double.o)
                0x0000b3d0                __aeabi_dcmpgt
 .text.__aeabi_dcmple
                0x0000b42c       0x60 c:/nxp/lpcxpresso_7.0.2_102/lpcxpresso/tools/bin/../lib/gcc/arm-none-eabi/4.8.3/armv7-m\libcr_eabihelpers.a(double.o)
                0x0000b42c                __aeabi_dcmple
 .text.__aeabi_dcmpge
                0x0000b48c       0x5c c:/nxp/lpcxpresso_7.0.2_102/lpcxpresso/tools/bin/../lib/gcc/arm-none-eabi/4.8.3/armv7-m\libcr_eabihelpers.a(double.o)
                0x0000b48c                __aeabi_dcmpge
 .text.__bhs_ui2f.part.0
                0x0000b4e8       0x20 c:/nxp/lpcxpresso_7.0.2_102/lpcxpresso/tools/bin/../lib/gcc/arm-none-eabi/4.8.3/armv7-m\libcr_eabihelpers.a(float.o)
 .text.__aeabi_fmul
                0x0000b508       0xbc c:/nxp/lpcxpresso_7.0.2_102/lpcxpresso/tools/bin/../lib/gcc/arm-none-eabi/4.8.3/armv7-m\libcr_eabihelpers.a(float.o)
                0x0000b508                __aeabi_fmul
 .text.__aeabi_fdiv
                0x0000b5c4       0xc0 c:/nxp/lpcxpresso_7.0.2_102/lpcxpresso/tools/bin/../lib/gcc/arm-none-eabi/4.8.3/armv7-m\libcr_eabihelpers.a(float.o)
                0x0000b5c4                __aeabi_fdiv
 .text.__aeabi_fsub
                0x0000b684       0xfc c:/nxp/lpcxpresso_7.0.2_102/lpcxpresso/tools/bin/../lib/gcc/arm-none-eabi/4.8.3/armv7-m\libcr_eabihelpers.a(float.o)
                0x0000b684                __aeabi_fsub
 .text.__aeabi_fadd
                0x0000b780       0xb0 c:/nxp/lpcxpresso_7.0.2_102/lpcxpresso/tools/bin/../lib/gcc/arm-none-eabi/4.8.3/armv7-m\libcr_eabihelpers.a(float.o)
                0x0000b780                __aeabi_fadd
 .text.__aeabi_f2iz
                0x0000b830       0x34 c:/nxp/lpcxpresso_7.0.2_102/lpcxpresso/tools/bin/../lib/gcc/arm-none-eabi/4.8.3/armv7-m\libcr_eabihelpers.a(float.o)
                0x0000b830                __aeabi_f2iz
 .text.__aeabi_i2f
                0x0000b864       0x18 c:/nxp/lpcxpresso_7.0.2_102/lpcxpresso/tools/bin/../lib/gcc/arm-none-eabi/4.8.3/armv7-m\libcr_eabihelpers.a(float.o)
                0x0000b864                __aeabi_i2f
 .text.__aeabi_f2d
                0x0000b87c       0x44 c:/nxp/lpcxpresso_7.0.2_102/lpcxpresso/tools/bin/../lib/gcc/arm-none-eabi/4.8.3/armv7-m\libcr_eabihelpers.a(float.o)
                0x0000b87c                __aeabi_f2d
 .text.__aeabi_fcmplt
                0x0000b8c0       0x34 c:/nxp/lpcxpresso_7.0.2_102/lpcxpresso/tools/bin/../lib/gcc/arm-none-eabi/4.8.3/armv7-m\libcr_eabihelpers.a(float.o)
                0x0000b8c0                __aeabi_fcmplt
 .text.__aeabi_fcmpgt
                0x0000b8f4       0x34 c:/nxp/lpcxpresso_7.0.2_102/lpcxpresso/tools/bin/../lib/gcc/arm-none-eabi/4.8.3/armv7-m\libcr_eabihelpers.a(float.o)
                0x0000b8f4                __aeabi_fcmpgt
 .text.__aeabi_memcpy
                0x0000b928       0x2a c:/nxp/lpcxpresso_7.0.2_102/lpcxpresso/tools/bin/../lib/gcc/arm-none-eabi/4.8.3/armv7-m\libcr_eabihelpers.a(memcpy.o)
                0x0000b928                __aeabi_memcpy4
                0x0000b928                __aeabi_memcpy8
                0x0000b928                __aeabi_memcpy
 .text.__aeabi_memset_lowlevel
                0x0000b952       0x2c c:/nxp/lpcxpresso_7.0.2_102/lpcxpresso/tools/bin/../lib/gcc/arm-none-eabi/4.8.3/armv7-m\libcr_eabihelpers.a(memcpy.o)
                0x0000b952                __aeabi_lowlevel_memset
 *fill*         0x0000b97e        0x2 
 .text.__sys_appexit
                0x0000b980        0xc c:/nxp/lpcxpresso_7.0.2_102/lpcxpresso/tools/bin/../lib/gcc/arm-none-eabi/4.8.3/../../../../arm-none-eabi/lib/armv7-m\libcr_semihost.a(__sys_appexit.o)
                0x0000b980                __sys_appexit
                0x0000b980                __exit
 .text.__sys_close
                0x0000b98c        0xc c:/nxp/lpcxpresso_7.0.2_102/lpcxpresso/tools/bin/../lib/gcc/arm-none-eabi/4.8.3/../../../../arm-none-eabi/lib/armv7-m\libcr_semihost.a(__sys_close.o)
                0x0000b98c                __sys_close
 .text.__sys_flen
                0x0000b998        0xc c:/nxp/lpcxpresso_7.0.2_102/lpcxpresso/tools/bin/../lib/gcc/arm-none-eabi/4.8.3/../../../../arm-none-eabi/lib/armv7-m\libcr_semihost.a(__sys_flen.o)
                0x0000b998                __sys_flen
 .text.__sys_istty
                0x0000b9a4        0xc c:/nxp/lpcxpresso_7.0.2_102/lpcxpresso/tools/bin/../lib/gcc/arm-none-eabi/4.8.3/../../../../arm-none-eabi/lib/armv7-m\libcr_semihost.a(__sys_istty.o)
                0x0000b9a4                __sys_istty
 .text.__sys_remove
                0x0000b9b0        0xc c:/nxp/lpcxpresso_7.0.2_102/lpcxpresso/tools/bin/../lib/gcc/arm-none-eabi/4.8.3/../../../../arm-none-eabi/lib/armv7-m\libcr_semihost.a(__sys_remove.o)
                0x0000b9b0                __sys_remove
 .text.__sys_seek
                0x0000b9bc        0xc c:/nxp/lpcxpresso_7.0.2_102/lpcxpresso/tools/bin/../lib/gcc/arm-none-eabi/4.8.3/../../../../arm-none-eabi/lib/armv7-m\libcr_semihost.a(__sys_seek.o)
                0x0000b9bc                __sys_seek
 .text.__sys_tmpnam
                0x0000b9c8        0xc c:/nxp/lpcxpresso_7.0.2_102/lpcxpresso/tools/bin/../lib/gcc/arm-none-eabi/4.8.3/../../../../arm-none-eabi/lib/armv7-m\libcr_semihost.a(__sys_tmpnam.o)
                0x0000b9c8                __sys_tmpnam
 *(.rodata .rodata.* .constdata .constdata.*)
 .rodata        0x0000b9d4       0x34 ./Lib_FreeRTOS/tasks.o
 .rodata        0x0000ba08      0x908 ./main.o
                0x0000bbf0                Octavas
                0x0000bc6c                NumCanal
                0x0000bc70                VecTMedicion
                0x0000bc74                FacTiempo
                0x0000bc7c                AnchoBanda
                0x0000bc84                NumMuestras
                0x0000bc88                FacEsc
                0x0000bca0                LongReg
                0x0000bca1                Max_Mediciones
                0x0000bca4                W
 .rodata.System5x7
                0x0000c310      0x1e8 C:\nxp\projects\NBrazo_Memoria_4\LIB_GLCDgui\Debug\libLIB_GLCDgui.a(button.o)
 .rodata.System5x7
                0x0000c4f8      0x1e8 C:\nxp\projects\NBrazo_Memoria_4\LIB_GLCDgui\Debug\libLIB_GLCDgui.a(text.o)
 .rodata        0x0000c6e0       0x20 C:\nxp\projects\NBrazo_Memoria_4\LIB_GLCDgui\Debug\libLIB_GLCDgui.a(text.o)
 .rodata.System5x7
                0x0000c700      0x1e8 C:\nxp\projects\NBrazo_Memoria_4\LIB_GLCDgui\Debug\libLIB_GLCDgui.a(windows.o)
 .rodata.System5x7
                0x0000c8e8      0x1e8 C:\nxp\projects\NBrazo_Memoria_4\LIB_GLCDgui\Debug\libLIB_GLCDgui.a(textSlider.o)
 .rodata        0x0000cad0       0x14 C:\nxp\projects\NBrazo_Memoria_4\LIB_GLCDgui\Debug\libLIB_GLCDgui.a(textSlider.o)
 .rodata.str1.1
                0x0000cae4       0x34 c:/nxp/lpcxpresso_7.0.2_102/lpcxpresso/tools/bin/../lib/gcc/arm-none-eabi/4.8.3/../../../../arm-none-eabi/lib/armv7-m\libcr_c.a(fpprintf.o)
                                 0x35 (size before relaxing)
 .rodata.str1.1
                0x0000cb18        0x4 c:/nxp/lpcxpresso_7.0.2_102/lpcxpresso/tools/bin/../lib/gcc/arm-none-eabi/4.8.3/../../../../arm-none-eabi/lib/armv7-m\libcr_c.a(initio.o)
 *fill*         0x0000cb1c        0x4 
 .rodata.a2.3913
                0x0000cb20       0x40 c:/nxp/lpcxpresso_7.0.2_102/lpcxpresso/tools/bin/../lib/gcc/arm-none-eabi/4.8.3/../../../../arm-none-eabi/lib/armv7-m\libcr_c.a(pow.o)
 .rodata.a1.3912
                0x0000cb60       0x88 c:/nxp/lpcxpresso_7.0.2_102/lpcxpresso/tools/bin/../lib/gcc/arm-none-eabi/4.8.3/../../../../arm-none-eabi/lib/armv7-m\libcr_c.a(pow.o)
 .rodata.str1.1
                0x0000cbe8       0x31 c:/nxp/lpcxpresso_7.0.2_102/lpcxpresso/tools/bin/../lib/gcc/arm-none-eabi/4.8.3/../../../../arm-none-eabi/lib/armv7-m\libcr_c.a(printf.o)
                                 0x38 (size before relaxing)
 *fill*         0x0000cc19        0x7 
 .rodata.__huge_val
                0x0000cc20        0x8 c:/nxp/lpcxpresso_7.0.2_102/lpcxpresso/tools/bin/../lib/gcc/arm-none-eabi/4.8.3/../../../../arm-none-eabi/lib/armv7-m\libcr_c.a(_hugeval.o)
                0x0000cc20                __huge_val
 .rodata.__huge_vall
                0x0000cc28        0x8 c:/nxp/lpcxpresso_7.0.2_102/lpcxpresso/tools/bin/../lib/gcc/arm-none-eabi/4.8.3/../../../../arm-none-eabi/lib/armv7-m\libcr_c.a(_hugeval.o)
                0x0000cc28                __huge_vall
 .rodata.str1.1
                0x0000cc30       0x18 c:/nxp/lpcxpresso_7.0.2_102/lpcxpresso/tools/bin/../lib/gcc/arm-none-eabi/4.8.3/../../../../arm-none-eabi/lib/armv7-m\libcr_c.a(alloc.o)
                0x0000cc48                . = ALIGN (0x4)

.glue_7         0x0000cc48        0x0
 .glue_7        0x00000000        0x0 linker stubs

.glue_7t        0x0000cc48        0x0
 .glue_7t       0x00000000        0x0 linker stubs

.vfp11_veneer   0x0000cc48        0x0
 .vfp11_veneer  0x00000000        0x0 linker stubs

.v4_bx          0x0000cc48        0x0
 .v4_bx         0x00000000        0x0 linker stubs

.iplt           0x0000cc48        0x0
 .iplt          0x00000000        0x0 ./Lib_FreeRTOS/portable/MemMang/heap_2.o

.rel.dyn        0x0000cc48        0x0
 .rel.iplt      0x00000000        0x0 ./Lib_FreeRTOS/portable/MemMang/heap_2.o

.ARM.extab
 *(.ARM.extab* .gnu.linkonce.armextab.*)
                0x0000cc48                __exidx_start = .

.ARM.exidx
 *(.ARM.exidx* .gnu.linkonce.armexidx.*)
                0x0000cc48                __exidx_end = .
                0x0000cc48                _etext = .

.data_RAM2      0x2007c000        0x0 load address 0x0000cc48
 FILL mask 0xff
 *(.ramfunc.$RAM2)
 *(.data.$RAM2*)
 *(.data.$RamAHB32*)
                0x2007c000                . = ALIGN (0x4)

.uninit_RESERVED
                0x10000000        0x0
 *(.bss.$RESERVED*)
                0x10000000                . = ALIGN (0x4)
                0x10000000                _end_uninit_RESERVED = .

.data           0x10000000       0xd8 load address 0x0000cc48
 FILL mask 0xff
                0x10000000                _data = .
 *(vtable)
 *(.ramfunc*)
 *(.data*)
 .data          0x10000000        0x4 ./Lib_FreeRTOS/portable/MemMang/heap_2.o
 .data          0x10000004        0x4 ./Lib_FreeRTOS/portable/GCC/ARM_CM3/port.o
 .data          0x10000008        0x8 ./Lib_FreeRTOS/tasks.o
 .data          0x10000010       0xc0 ./main.o
                0x100000c4                coma
 .data          0x100000d0        0x3 ./uart.o
                0x100000d0                UART0TxEmpty
                0x100000d1                UART1TxEmpty
                0x100000d2                UART3TxEmpty
 *fill*         0x100000d3        0x1 
 .data          0x100000d4        0x4 C:\nxp\projects\NBrazo_Memoria_4\CMSISv1p30_LPC17xx\Debug\libCMSISv1p30_LPC17xx.a(system_LPC17xx.o)
                0x100000d4                SystemCoreClock
                0x100000d8                . = ALIGN (0x4)
                0x100000d8                _edata = .

.igot.plt       0x100000d8        0x0 load address 0x0000cd20
 .igot.plt      0x00000000        0x0 ./Lib_FreeRTOS/portable/MemMang/heap_2.o

.bss_RAM2       0x2007c000        0x0
 *(.bss.$RAM2*)
 *(.bss.$RamAHB32*)
                0x2007c000                . = ALIGN (0x4)

.bss            0x100000d8     0x7628
                0x100000d8                _bss = .
 *(.bss*)
 .bss           0x100000d8     0x3c18 ./Lib_FreeRTOS/portable/MemMang/heap_2.o
 .bss           0x10003cf0      0x144 ./Lib_FreeRTOS/tasks.o
                0x10003cf0                pxCurrentTCB
 .bss           0x10003e34        0x4 ./rtc.o
                0x10003e34                alarm_on
 .bss           0x10003e38        0xc ./uart.o
                0x10003e38                UART0Count
                0x10003e3c                UART1Count
                0x10003e40                UART3Count
 .bss.__GLCD_Coord
                0x10003e44        0x4 C:\nxp\projects\NBrazo_Memoria_4\LIB_GLCDPrimitives\Debug\libLIB_GLCDPrimitives.a(GLCDFonts.o)
 .bss.Font      0x10003e48        0x4 C:\nxp\projects\NBrazo_Memoria_4\LIB_GLCDPrimitives\Debug\libLIB_GLCDPrimitives.a(GLCDFonts.o)
 .bss.FontColor
                0x10003e4c        0x1 C:\nxp\projects\NBrazo_Memoria_4\LIB_GLCDPrimitives\Debug\libLIB_GLCDPrimitives.a(GLCDFonts.o)
 *fill*         0x10003e4d        0x3 
 .bss.errno     0x10003e50        0x4 c:/nxp/lpcxpresso_7.0.2_102/lpcxpresso/tools/bin/../lib/gcc/arm-none-eabi/4.8.3/../../../../arm-none-eabi/lib/armv7-m\libcr_c.a(errno.o)
                0x10003e50                errno
 *(COMMON)
 COMMON         0x10003e54     0x368e ./main.o
                0x10003e54                Minutos
                0x10003e56                NumeroOctavas
                0x10003e58                TMedicion
                0x10003e5c                TG
                0x10003e60                SysTickCount
                0x10003e64                inicio
                0x10003e68                j
                0x10003e6c                FechaHora
                0x10003e80                promedio
                0x10003e88                final
                0x10003e8c                MemoriaVacia
                0x10003e8e                DI
                0x10003e90                Dale
                0x10003e94                local_time
                0x10003eb4                current_time
                0x10003ed4                TGBHIn
                0x10003ed8                iap_status
                0x10003edc                alarm_time
                0x10003efc                AN
                0x10003efe                CantMediciones
                0x10003f00                MedTie
                0x10003f02                LongitudTotal
                0x10003f04                w
                0x10003f08                k
                0x10003f0c                GUI_Malloc_Pointer
                0x10003f10                NumEje
                0x10003f14                AcelEficaz
                0x10003f20                aux
                0x10003f2a                Divisor
                0x10003f2c                pActiveWindow
                0x10003f30                HO
                0x10003f34                diferencia
                0x10003f38                windowsList
                0x10003f44                NumFiltro
                0x10003f48                lectura
                0x10003f4c                coso
                0x10003f50                touchPanel_eventPoints
                0x10003f8c                aceler
                0x10003f90                ValorOctava
                0x10004008                salid
                0x1000400a                Sensibilidad
                0x1000400c                SE
                0x1000400e                c
                0x10004010                NumRepe
                0x10004012                Segundos
                0x10004014                Sensor
                0x10004016                Dia
                0x10004018                TBH
                0x1000401c                GUI_Free_Pointer
                0x10004020                Year
                0x10004024                Fourier
                0x10004828                ME
                0x1000482c                estafeta
                0x1000485e                Hora
                0x10004860                AceEnvio
                0x10004878                TGBHOut
                0x1000487c                mens3
                0x10004890                MI
                0x10004894                GLCDLowLevel_VideoRAM
                0x10004c94                NumMedicion
                0x10004c95                touchPanel_pointsCounter
                0x10004c98                AceleDecibel
                0x10004d10                TBS
                0x10004d14                Mes
                0x10004d18                semaphore_TouchInterrupt
                0x10004d1c                m
                0x10004d1e                q
                0x10004d20                HR
                0x10004d24                vector
                0x10006530                cadena
                0x100074cc                DelayStart_SysTickCount
                0x100074d0                FH
                0x100074e0                IndiceOctava
 *fill*         0x100074e2        0x2 
 COMMON         0x100074e4       0xcc ./uart.o
                0x100074e4                UART1Buffer
                0x10007524                UART3Status
                0x10007528                UART0Buffer
                0x10007568                UART1Status
                0x1000756c                UART3Buffer
                0x100075ac                UART0Status
 COMMON         0x100075b0        0x4 C:\nxp\projects\NBrazo_Memoria_4\Lib_GLCDLowLevel\Debug\libLib_GLCDLowLevel.a(GLCDLowLevel.o)
                0x100075b0                _delayCounter
 COMMON         0x100075b4        0x4 c:/nxp/lpcxpresso_7.0.2_102/lpcxpresso/tools/bin/../lib/gcc/arm-none-eabi/4.8.3/../../../../arm-none-eabi/lib/armv7-m\libcr_c.a(initio.o)
                0x100075b4                _extra
 COMMON         0x100075b8      0x140 c:/nxp/lpcxpresso_7.0.2_102/lpcxpresso/tools/bin/../lib/gcc/arm-none-eabi/4.8.3/../../../../arm-none-eabi/lib/armv7-m\libcr_c.a(stdio.o)
                0x100075b8                __Ciob
 COMMON         0x100076f8        0x8 c:/nxp/lpcxpresso_7.0.2_102/lpcxpresso/tools/bin/../lib/gcc/arm-none-eabi/4.8.3/../../../../arm-none-eabi/lib/armv7-m\libcr_c.a(__init_alloc.o)
                0x100076f8                __heaps
                0x100076fc                __end_of_heap
                0x10007700                . = ALIGN (0x4)
                0x10007700                _ebss = .
                0x10007700                PROVIDE (end, .)

.noinit_RAM2    0x2007c000        0x0
 *(.noinit.$RAM2*)
 *(.noinit.$RamAHB32*)
                0x2007c000                . = ALIGN (0x4)

.noinit         0x10007700        0x0
                0x10007700                _noinit = .
 *(.noinit*)
                0x10007700                . = ALIGN (0x4)
                0x10007700                _end_noinit = .
                0x10007700                PROVIDE (_pvHeapStart, .)
                0x10008000                PROVIDE (_vStackTop, (__top_RamLoc32 - 0x0))
OUTPUT(Application.axf elf32-littlearm)

.debug_info     0x00000000     0xa809
 .debug_info    0x00000000      0x2b4 ./Lib_FreeRTOS/portable/MemMang/heap_2.o
 .debug_info    0x000002b4      0x1ec ./Lib_FreeRTOS/portable/GCC/ARM_CM3/port.o
 .debug_info    0x000004a0      0x29c ./Lib_FreeRTOS/list.o
 .debug_info    0x0000073c      0x85a ./Lib_FreeRTOS/queue.o
 .debug_info    0x00000f96      0xf81 ./Lib_FreeRTOS/tasks.o
 .debug_info    0x00001f17      0x5d3 ./adc.o
 .debug_info    0x000024ea      0x182 ./cr_startup_lpc17.o
 .debug_info    0x0000266c      0x21a ./iap_driver.o
 .debug_info    0x00002886     0x2501 ./main.o
 .debug_info    0x00004d87      0x722 ./rtc.o
 .debug_info    0x000054a9      0xdc1 ./uart.o
 .debug_info    0x0000626a      0x357 C:\nxp\projects\NBrazo_Memoria_4\CMSISv1p30_LPC17xx\Debug\libCMSISv1p30_LPC17xx.a(system_LPC17xx.o)
 .debug_info    0x000065c1      0x34c C:\nxp\projects\NBrazo_Memoria_4\LIB_GLCDgui\Debug\libLIB_GLCDgui.a(GLCDgui.o)
 .debug_info    0x0000690d      0x670 C:\nxp\projects\NBrazo_Memoria_4\LIB_GLCDgui\Debug\libLIB_GLCDgui.a(button.o)
 .debug_info    0x00006f7d      0x1f6 C:\nxp\projects\NBrazo_Memoria_4\LIB_GLCDgui\Debug\libLIB_GLCDgui.a(list.o)
 .debug_info    0x00007173      0x7e1 C:\nxp\projects\NBrazo_Memoria_4\LIB_GLCDgui\Debug\libLIB_GLCDgui.a(text.o)
 .debug_info    0x00007954      0x595 C:\nxp\projects\NBrazo_Memoria_4\LIB_GLCDgui\Debug\libLIB_GLCDgui.a(windows.o)
 .debug_info    0x00007ee9      0x543 C:\nxp\projects\NBrazo_Memoria_4\LIB_GLCDgui\Debug\libLIB_GLCDgui.a(object.o)
 .debug_info    0x0000842c      0x475 C:\nxp\projects\NBrazo_Memoria_4\LIB_GLCDgui\Debug\libLIB_GLCDgui.a(picture.o)
 .debug_info    0x000088a1      0x6d1 C:\nxp\projects\NBrazo_Memoria_4\LIB_GLCDgui\Debug\libLIB_GLCDgui.a(textSlider.o)
 .debug_info    0x00008f72      0x5b1 C:\nxp\projects\NBrazo_Memoria_4\LIB_GLCDPrimitives\Debug\libLIB_GLCDPrimitives.a(GLCDFonts.o)
 .debug_info    0x00009523      0x470 C:\nxp\projects\NBrazo_Memoria_4\LIB_GLCDPrimitives\Debug\libLIB_GLCDPrimitives.a(GLCDPrimitives.o)
 .debug_info    0x00009993      0x192 C:\nxp\projects\NBrazo_Memoria_4\Lib_GLCDLowLevel\Debug\libLib_GLCDLowLevel.a(GLCDLowLevel.o)
 .debug_info    0x00009b25      0x14f C:\nxp\projects\NBrazo_Memoria_4\Lib_GLCDLowLevel\Debug\libLib_GLCDLowLevel.a(MicroInterface.o)
 .debug_info    0x00009c74      0xb95 C:\nxp\projects\NBrazo_Memoria_4\Lib_MCU\Debug\libLib_MCU.a(lpc17xx_gpio.o)

.debug_abbrev   0x00000000     0x20fb
 .debug_abbrev  0x00000000      0x17c ./Lib_FreeRTOS/portable/MemMang/heap_2.o
 .debug_abbrev  0x0000017c      0x135 ./Lib_FreeRTOS/portable/GCC/ARM_CM3/port.o
 .debug_abbrev  0x000002b1       0xb8 ./Lib_FreeRTOS/list.o
 .debug_abbrev  0x00000369      0x1cc ./Lib_FreeRTOS/queue.o
 .debug_abbrev  0x00000535      0x1fd ./Lib_FreeRTOS/tasks.o
 .debug_abbrev  0x00000732      0x14f ./adc.o
 .debug_abbrev  0x00000881       0xb9 ./cr_startup_lpc17.o
 .debug_abbrev  0x0000093a       0xff ./iap_driver.o
 .debug_abbrev  0x00000a39      0x3ac ./main.o
 .debug_abbrev  0x00000de5      0x167 ./rtc.o
 .debug_abbrev  0x00000f4c      0x1fb ./uart.o
 .debug_abbrev  0x00001147       0xce C:\nxp\projects\NBrazo_Memoria_4\CMSISv1p30_LPC17xx\Debug\libCMSISv1p30_LPC17xx.a(system_LPC17xx.o)
 .debug_abbrev  0x00001215      0x111 C:\nxp\projects\NBrazo_Memoria_4\LIB_GLCDgui\Debug\libLIB_GLCDgui.a(GLCDgui.o)
 .debug_abbrev  0x00001326      0x12e C:\nxp\projects\NBrazo_Memoria_4\LIB_GLCDgui\Debug\libLIB_GLCDgui.a(button.o)
 .debug_abbrev  0x00001454       0xd2 C:\nxp\projects\NBrazo_Memoria_4\LIB_GLCDgui\Debug\libLIB_GLCDgui.a(list.o)
 .debug_abbrev  0x00001526      0x181 C:\nxp\projects\NBrazo_Memoria_4\LIB_GLCDgui\Debug\libLIB_GLCDgui.a(text.o)
 .debug_abbrev  0x000016a7      0x150 C:\nxp\projects\NBrazo_Memoria_4\LIB_GLCDgui\Debug\libLIB_GLCDgui.a(windows.o)
 .debug_abbrev  0x000017f7       0xef C:\nxp\projects\NBrazo_Memoria_4\LIB_GLCDgui\Debug\libLIB_GLCDgui.a(object.o)
 .debug_abbrev  0x000018e6      0x140 C:\nxp\projects\NBrazo_Memoria_4\LIB_GLCDgui\Debug\libLIB_GLCDgui.a(picture.o)
 .debug_abbrev  0x00001a26      0x11e C:\nxp\projects\NBrazo_Memoria_4\LIB_GLCDgui\Debug\libLIB_GLCDgui.a(textSlider.o)
 .debug_abbrev  0x00001b44      0x19b C:\nxp\projects\NBrazo_Memoria_4\LIB_GLCDPrimitives\Debug\libLIB_GLCDPrimitives.a(GLCDFonts.o)
 .debug_abbrev  0x00001cdf      0x12e C:\nxp\projects\NBrazo_Memoria_4\LIB_GLCDPrimitives\Debug\libLIB_GLCDPrimitives.a(GLCDPrimitives.o)
 .debug_abbrev  0x00001e0d       0xce C:\nxp\projects\NBrazo_Memoria_4\Lib_GLCDLowLevel\Debug\libLib_GLCDLowLevel.a(GLCDLowLevel.o)
 .debug_abbrev  0x00001edb       0x9b C:\nxp\projects\NBrazo_Memoria_4\Lib_GLCDLowLevel\Debug\libLib_GLCDLowLevel.a(MicroInterface.o)
 .debug_abbrev  0x00001f76      0x185 C:\nxp\projects\NBrazo_Memoria_4\Lib_MCU\Debug\libLib_MCU.a(lpc17xx_gpio.o)

.debug_aranges  0x00000000      0xa08
 .debug_aranges
                0x00000000       0x38 ./Lib_FreeRTOS/portable/MemMang/heap_2.o
 .debug_aranges
                0x00000038       0x70 ./Lib_FreeRTOS/portable/GCC/ARM_CM3/port.o
 .debug_aranges
                0x000000a8       0x40 ./Lib_FreeRTOS/list.o
 .debug_aranges
                0x000000e8       0xb8 ./Lib_FreeRTOS/queue.o
 .debug_aranges
                0x000001a0      0x158 ./Lib_FreeRTOS/tasks.o
 .debug_aranges
                0x000002f8       0x30 ./adc.o
 .debug_aranges
                0x00000328       0x58 ./cr_startup_lpc17.o
 .debug_aranges
                0x00000380       0x38 ./iap_driver.o
 .debug_aranges
                0x000003b8      0x1c8 ./main.o
 .debug_aranges
                0x00000580       0x60 ./rtc.o
 .debug_aranges
                0x000005e0       0x48 ./uart.o
 .debug_aranges
                0x00000628       0x28 C:\nxp\projects\NBrazo_Memoria_4\CMSISv1p30_LPC17xx\Debug\libCMSISv1p30_LPC17xx.a(system_LPC17xx.o)
 .debug_aranges
                0x00000650       0x40 C:\nxp\projects\NBrazo_Memoria_4\LIB_GLCDgui\Debug\libLIB_GLCDgui.a(GLCDgui.o)
 .debug_aranges
                0x00000690       0x30 C:\nxp\projects\NBrazo_Memoria_4\LIB_GLCDgui\Debug\libLIB_GLCDgui.a(button.o)
 .debug_aranges
                0x000006c0       0x30 C:\nxp\projects\NBrazo_Memoria_4\LIB_GLCDgui\Debug\libLIB_GLCDgui.a(list.o)
 .debug_aranges
                0x000006f0       0x58 C:\nxp\projects\NBrazo_Memoria_4\LIB_GLCDgui\Debug\libLIB_GLCDgui.a(text.o)
 .debug_aranges
                0x00000748       0x40 C:\nxp\projects\NBrazo_Memoria_4\LIB_GLCDgui\Debug\libLIB_GLCDgui.a(windows.o)
 .debug_aranges
                0x00000788       0x28 C:\nxp\projects\NBrazo_Memoria_4\LIB_GLCDgui\Debug\libLIB_GLCDgui.a(object.o)
 .debug_aranges
                0x000007b0       0x28 C:\nxp\projects\NBrazo_Memoria_4\LIB_GLCDgui\Debug\libLIB_GLCDgui.a(picture.o)
 .debug_aranges
                0x000007d8       0x38 C:\nxp\projects\NBrazo_Memoria_4\LIB_GLCDgui\Debug\libLIB_GLCDgui.a(textSlider.o)
 .debug_aranges
                0x00000810       0x70 C:\nxp\projects\NBrazo_Memoria_4\LIB_GLCDPrimitives\Debug\libLIB_GLCDPrimitives.a(GLCDFonts.o)
 .debug_aranges
                0x00000880       0x58 C:\nxp\projects\NBrazo_Memoria_4\LIB_GLCDPrimitives\Debug\libLIB_GLCDPrimitives.a(GLCDPrimitives.o)
 .debug_aranges
                0x000008d8       0x30 C:\nxp\projects\NBrazo_Memoria_4\Lib_GLCDLowLevel\Debug\libLib_GLCDLowLevel.a(GLCDLowLevel.o)
 .debug_aranges
                0x00000908       0x38 C:\nxp\projects\NBrazo_Memoria_4\Lib_GLCDLowLevel\Debug\libLib_GLCDLowLevel.a(MicroInterface.o)
 .debug_aranges
                0x00000940       0xc8 C:\nxp\projects\NBrazo_Memoria_4\Lib_MCU\Debug\libLib_MCU.a(lpc17xx_gpio.o)

.debug_ranges   0x00000000      0x878
 .debug_ranges  0x00000000       0x28 ./Lib_FreeRTOS/portable/MemMang/heap_2.o
 .debug_ranges  0x00000028       0x60 ./Lib_FreeRTOS/portable/GCC/ARM_CM3/port.o
 .debug_ranges  0x00000088       0x30 ./Lib_FreeRTOS/list.o
 .debug_ranges  0x000000b8       0xa8 ./Lib_FreeRTOS/queue.o
 .debug_ranges  0x00000160      0x148 ./Lib_FreeRTOS/tasks.o
 .debug_ranges  0x000002a8       0x20 ./adc.o
 .debug_ranges  0x000002c8       0x48 ./cr_startup_lpc17.o
 .debug_ranges  0x00000310       0x28 ./iap_driver.o
 .debug_ranges  0x00000338      0x1b8 ./main.o
 .debug_ranges  0x000004f0       0x50 ./rtc.o
 .debug_ranges  0x00000540       0x38 ./uart.o
 .debug_ranges  0x00000578       0x18 C:\nxp\projects\NBrazo_Memoria_4\CMSISv1p30_LPC17xx\Debug\libCMSISv1p30_LPC17xx.a(system_LPC17xx.o)
 .debug_ranges  0x00000590       0x30 C:\nxp\projects\NBrazo_Memoria_4\LIB_GLCDgui\Debug\libLIB_GLCDgui.a(GLCDgui.o)
 .debug_ranges  0x000005c0       0x20 C:\nxp\projects\NBrazo_Memoria_4\LIB_GLCDgui\Debug\libLIB_GLCDgui.a(button.o)
 .debug_ranges  0x000005e0       0x20 C:\nxp\projects\NBrazo_Memoria_4\LIB_GLCDgui\Debug\libLIB_GLCDgui.a(list.o)
 .debug_ranges  0x00000600       0x48 C:\nxp\projects\NBrazo_Memoria_4\LIB_GLCDgui\Debug\libLIB_GLCDgui.a(text.o)
 .debug_ranges  0x00000648       0x30 C:\nxp\projects\NBrazo_Memoria_4\LIB_GLCDgui\Debug\libLIB_GLCDgui.a(windows.o)
 .debug_ranges  0x00000678       0x18 C:\nxp\projects\NBrazo_Memoria_4\LIB_GLCDgui\Debug\libLIB_GLCDgui.a(object.o)
 .debug_ranges  0x00000690       0x18 C:\nxp\projects\NBrazo_Memoria_4\LIB_GLCDgui\Debug\libLIB_GLCDgui.a(picture.o)
 .debug_ranges  0x000006a8       0x28 C:\nxp\projects\NBrazo_Memoria_4\LIB_GLCDgui\Debug\libLIB_GLCDgui.a(textSlider.o)
 .debug_ranges  0x000006d0       0x60 C:\nxp\projects\NBrazo_Memoria_4\LIB_GLCDPrimitives\Debug\libLIB_GLCDPrimitives.a(GLCDFonts.o)
 .debug_ranges  0x00000730       0x48 C:\nxp\projects\NBrazo_Memoria_4\LIB_GLCDPrimitives\Debug\libLIB_GLCDPrimitives.a(GLCDPrimitives.o)
 .debug_ranges  0x00000778       0x20 C:\nxp\projects\NBrazo_Memoria_4\Lib_GLCDLowLevel\Debug\libLib_GLCDLowLevel.a(GLCDLowLevel.o)
 .debug_ranges  0x00000798       0x28 C:\nxp\projects\NBrazo_Memoria_4\Lib_GLCDLowLevel\Debug\libLib_GLCDLowLevel.a(MicroInterface.o)
 .debug_ranges  0x000007c0       0xb8 C:\nxp\projects\NBrazo_Memoria_4\Lib_MCU\Debug\libLib_MCU.a(lpc17xx_gpio.o)

.debug_macro    0x00000000     0x3625
 .debug_macro   0x00000000      0x10a ./Lib_FreeRTOS/portable/MemMang/heap_2.o
 .debug_macro   0x0000010a      0x862 ./Lib_FreeRTOS/portable/MemMang/heap_2.o
 .debug_macro   0x0000096c       0x10 ./Lib_FreeRTOS/portable/MemMang/heap_2.o
 .debug_macro   0x0000097c      0x122 ./Lib_FreeRTOS/portable/MemMang/heap_2.o
 .debug_macro   0x00000a9e       0x28 ./Lib_FreeRTOS/portable/MemMang/heap_2.o
 .debug_macro   0x00000ac6       0x46 ./Lib_FreeRTOS/portable/MemMang/heap_2.o
 .debug_macro   0x00000b0c       0xa3 ./Lib_FreeRTOS/portable/MemMang/heap_2.o
 .debug_macro   0x00000baf       0x12 ./Lib_FreeRTOS/portable/MemMang/heap_2.o
 .debug_macro   0x00000bc1       0x1f ./Lib_FreeRTOS/portable/MemMang/heap_2.o
 .debug_macro   0x00000be0       0x1c ./Lib_FreeRTOS/portable/MemMang/heap_2.o
 .debug_macro   0x00000bfc       0x22 ./Lib_FreeRTOS/portable/MemMang/heap_2.o
 .debug_macro   0x00000c1e      0x5b9 ./Lib_FreeRTOS/portable/MemMang/heap_2.o
 .debug_macro   0x000011d7      0x7b7 ./Lib_FreeRTOS/portable/MemMang/heap_2.o
 .debug_macro   0x0000198e      0x2c7 ./Lib_FreeRTOS/portable/MemMang/heap_2.o
 .debug_macro   0x00001c55      0x129 ./Lib_FreeRTOS/portable/MemMang/heap_2.o
 .debug_macro   0x00001d7e      0x17e ./Lib_FreeRTOS/portable/MemMang/heap_2.o
 .debug_macro   0x00001efc       0x49 ./Lib_FreeRTOS/portable/MemMang/heap_2.o
 .debug_macro   0x00001f45       0x57 ./Lib_FreeRTOS/portable/MemMang/heap_2.o
 .debug_macro   0x00001f9c      0x119 ./Lib_FreeRTOS/portable/GCC/ARM_CM3/port.o
 .debug_macro   0x000020b5       0x16 ./Lib_FreeRTOS/portable/GCC/ARM_CM3/port.o
 .debug_macro   0x000020cb       0xdc ./Lib_FreeRTOS/list.o
 .debug_macro   0x000021a7      0x15d ./Lib_FreeRTOS/queue.o
 .debug_macro   0x00002304       0x49 ./Lib_FreeRTOS/queue.o
 .debug_macro   0x0000234d      0x176 ./Lib_FreeRTOS/tasks.o
 .debug_macro   0x000024c3       0xa0 ./Lib_FreeRTOS/tasks.o
 .debug_macro   0x00002563       0x22 ./Lib_FreeRTOS/tasks.o
 .debug_macro   0x00002585       0x61 ./Lib_FreeRTOS/tasks.o
 .debug_macro   0x000025e6       0x17 ./Lib_FreeRTOS/tasks.o
 .debug_macro   0x000025fd       0x74 ./adc.o
 .debug_macro   0x00002671       0x1c ./adc.o
 .debug_macro   0x0000268d       0x40 ./adc.o
 .debug_macro   0x000026cd       0x52 ./cr_startup_lpc17.o
 .debug_macro   0x0000271f       0xa8 ./iap_driver.o
 .debug_macro   0x000027c7      0x28e ./main.o
 .debug_macro   0x00002a55       0x1c ./main.o
 .debug_macro   0x00002a71       0x10 ./main.o
 .debug_macro   0x00002a81       0x70 ./main.o
 .debug_macro   0x00002af1       0x94 ./main.o
 .debug_macro   0x00002b85       0xc4 ./main.o
 .debug_macro   0x00002c49       0x22 ./main.o
 .debug_macro   0x00002c6b       0x16 ./main.o
 .debug_macro   0x00002c81       0x3a ./main.o
 .debug_macro   0x00002cbb       0x10 ./main.o
 .debug_macro   0x00002ccb      0x12f ./main.o
 .debug_macro   0x00002dfa       0x6a ./main.o
 .debug_macro   0x00002e64       0x62 ./main.o
 .debug_macro   0x00002ec6       0x52 ./main.o
 .debug_macro   0x00002f18       0x5d ./main.o
 .debug_macro   0x00002f75       0xee ./main.o
 .debug_macro   0x00003063      0x149 ./main.o
 .debug_macro   0x000031ac       0x4c ./main.o
 .debug_macro   0x000031f8       0x16 ./main.o
 .debug_macro   0x0000320e       0x4c ./main.o
 .debug_macro   0x0000325a       0x74 ./rtc.o
 .debug_macro   0x000032ce       0x1c ./rtc.o
 .debug_macro   0x000032ea      0x2c7 ./rtc.o
 .debug_macro   0x000035b1       0x74 ./uart.o

.debug_line     0x00000000     0x7899
 .debug_line    0x00000000      0x336 ./Lib_FreeRTOS/portable/MemMang/heap_2.o
 .debug_line    0x00000336      0x35f ./Lib_FreeRTOS/portable/GCC/ARM_CM3/port.o
 .debug_line    0x00000695      0x2f6 ./Lib_FreeRTOS/list.o
 .debug_line    0x0000098b      0x53f ./Lib_FreeRTOS/queue.o
 .debug_line    0x00000eca      0x8c2 ./Lib_FreeRTOS/tasks.o
 .debug_line    0x0000178c      0x1c8 ./adc.o
 .debug_line    0x00001954      0x1ff ./cr_startup_lpc17.o
 .debug_line    0x00001b53      0x1c4 ./iap_driver.o
 .debug_line    0x00001d17     0x1278 ./main.o
 .debug_line    0x00002f8f      0x231 ./rtc.o
 .debug_line    0x000031c0      0x2ba ./uart.o
 .debug_line    0x0000347a      0x41c C:\nxp\projects\NBrazo_Memoria_4\CMSISv1p30_LPC17xx\Debug\libCMSISv1p30_LPC17xx.a(system_LPC17xx.o)
 .debug_line    0x00003896      0x474 C:\nxp\projects\NBrazo_Memoria_4\LIB_GLCDgui\Debug\libLIB_GLCDgui.a(GLCDgui.o)
 .debug_line    0x00003d0a      0x502 C:\nxp\projects\NBrazo_Memoria_4\LIB_GLCDgui\Debug\libLIB_GLCDgui.a(button.o)
 .debug_line    0x0000420c      0x39a C:\nxp\projects\NBrazo_Memoria_4\LIB_GLCDgui\Debug\libLIB_GLCDgui.a(list.o)
 .debug_line    0x000045a6      0x625 C:\nxp\projects\NBrazo_Memoria_4\LIB_GLCDgui\Debug\libLIB_GLCDgui.a(text.o)
 .debug_line    0x00004bcb      0x558 C:\nxp\projects\NBrazo_Memoria_4\LIB_GLCDgui\Debug\libLIB_GLCDgui.a(windows.o)
 .debug_line    0x00005123      0x402 C:\nxp\projects\NBrazo_Memoria_4\LIB_GLCDgui\Debug\libLIB_GLCDgui.a(object.o)
 .debug_line    0x00005525      0x41d C:\nxp\projects\NBrazo_Memoria_4\LIB_GLCDgui\Debug\libLIB_GLCDgui.a(picture.o)
 .debug_line    0x00005942      0x534 C:\nxp\projects\NBrazo_Memoria_4\LIB_GLCDgui\Debug\libLIB_GLCDgui.a(textSlider.o)
 .debug_line    0x00005e76      0x5d6 C:\nxp\projects\NBrazo_Memoria_4\LIB_GLCDPrimitives\Debug\libLIB_GLCDPrimitives.a(GLCDFonts.o)
 .debug_line    0x0000644c      0x59a C:\nxp\projects\NBrazo_Memoria_4\LIB_GLCDPrimitives\Debug\libLIB_GLCDPrimitives.a(GLCDPrimitives.o)
 .debug_line    0x000069e6      0x417 C:\nxp\projects\NBrazo_Memoria_4\Lib_GLCDLowLevel\Debug\libLib_GLCDLowLevel.a(GLCDLowLevel.o)
 .debug_line    0x00006dfd      0x4a0 C:\nxp\projects\NBrazo_Memoria_4\Lib_GLCDLowLevel\Debug\libLib_GLCDLowLevel.a(MicroInterface.o)
 .debug_line    0x0000729d      0x5fc C:\nxp\projects\NBrazo_Memoria_4\Lib_MCU\Debug\libLib_MCU.a(lpc17xx_gpio.o)

.debug_str      0x00000000    0x11799
 .debug_str     0x00000000     0x9aa3 ./Lib_FreeRTOS/portable/MemMang/heap_2.o
                               0x9b2e (size before relaxing)
 .debug_str     0x00009aa3      0x3ab ./Lib_FreeRTOS/portable/GCC/ARM_CM3/port.o
                               0x99ad (size before relaxing)
 .debug_str     0x00009e4e      0x12a ./Lib_FreeRTOS/list.o
                               0x948f (size before relaxing)
 .debug_str     0x00009f78      0xc42 ./Lib_FreeRTOS/queue.o
                               0xa3de (size before relaxing)
 .debug_str     0x0000abba     0x19f6 ./Lib_FreeRTOS/tasks.o
                               0xb20c (size before relaxing)
 .debug_str     0x0000c5b0      0x3eb ./adc.o
                               0x7f00 (size before relaxing)
 .debug_str     0x0000c99b      0x10e ./cr_startup_lpc17.o
                               0x3c6b (size before relaxing)
 .debug_str     0x0000caa9      0x164 ./iap_driver.o
                               0x7c81 (size before relaxing)
 .debug_str     0x0000cc0d     0x3ced ./main.o
                               0xd7db (size before relaxing)
 .debug_str     0x000108fa       0x83 ./rtc.o
                               0x8040 (size before relaxing)
 .debug_str     0x0001097d      0x125 ./uart.o
                               0x8245 (size before relaxing)
 .debug_str     0x00010aa2       0xe4 C:\nxp\projects\NBrazo_Memoria_4\CMSISv1p30_LPC17xx\Debug\libCMSISv1p30_LPC17xx.a(system_LPC17xx.o)
                                0x2b4 (size before relaxing)
 .debug_str     0x00010b86       0xb0 C:\nxp\projects\NBrazo_Memoria_4\LIB_GLCDgui\Debug\libLIB_GLCDgui.a(GLCDgui.o)
                                0x29a (size before relaxing)
 .debug_str     0x00010c36      0x1a9 C:\nxp\projects\NBrazo_Memoria_4\LIB_GLCDgui\Debug\libLIB_GLCDgui.a(button.o)
                                0x41a (size before relaxing)
 .debug_str     0x00010ddf       0x53 C:\nxp\projects\NBrazo_Memoria_4\LIB_GLCDgui\Debug\libLIB_GLCDgui.a(list.o)
                                0x1aa (size before relaxing)
 .debug_str     0x00010e32       0x67 C:\nxp\projects\NBrazo_Memoria_4\LIB_GLCDgui\Debug\libLIB_GLCDgui.a(text.o)
                                0x3d6 (size before relaxing)
 .debug_str     0x00010e99      0x104 C:\nxp\projects\NBrazo_Memoria_4\LIB_GLCDgui\Debug\libLIB_GLCDgui.a(windows.o)
                                0x4ab (size before relaxing)
 .debug_str     0x00010f9d       0xa3 C:\nxp\projects\NBrazo_Memoria_4\LIB_GLCDgui\Debug\libLIB_GLCDgui.a(object.o)
                                0x3ca (size before relaxing)
 .debug_str     0x00011040       0x44 C:\nxp\projects\NBrazo_Memoria_4\LIB_GLCDgui\Debug\libLIB_GLCDgui.a(picture.o)
                                0x321 (size before relaxing)
 .debug_str     0x00011084      0x119 C:\nxp\projects\NBrazo_Memoria_4\LIB_GLCDgui\Debug\libLIB_GLCDgui.a(textSlider.o)
                                0x4eb (size before relaxing)
 .debug_str     0x0001119d      0x144 C:\nxp\projects\NBrazo_Memoria_4\LIB_GLCDPrimitives\Debug\libLIB_GLCDPrimitives.a(GLCDFonts.o)
                                0x259 (size before relaxing)
 .debug_str     0x000112e1      0x111 C:\nxp\projects\NBrazo_Memoria_4\LIB_GLCDPrimitives\Debug\libLIB_GLCDPrimitives.a(GLCDPrimitives.o)
                                0x25c (size before relaxing)
 .debug_str     0x000113f2       0xca C:\nxp\projects\NBrazo_Memoria_4\Lib_GLCDLowLevel\Debug\libLib_GLCDLowLevel.a(GLCDLowLevel.o)
                                0x1af (size before relaxing)
 .debug_str     0x000114bc       0x88 C:\nxp\projects\NBrazo_Memoria_4\Lib_GLCDLowLevel\Debug\libLib_GLCDLowLevel.a(MicroInterface.o)
                                0x1b7 (size before relaxing)
 .debug_str     0x00011544      0x255 C:\nxp\projects\NBrazo_Memoria_4\Lib_MCU\Debug\libLib_MCU.a(lpc17xx_gpio.o)
                                0x480 (size before relaxing)

.comment        0x00000000       0xe0
 .comment       0x00000000       0x70 ./Lib_FreeRTOS/portable/MemMang/heap_2.o
                                 0x71 (size before relaxing)
 .comment       0x00000000       0x71 ./Lib_FreeRTOS/portable/GCC/ARM_CM3/port.o
 .comment       0x00000000       0x71 ./Lib_FreeRTOS/list.o
 .comment       0x00000000       0x71 ./Lib_FreeRTOS/queue.o
 .comment       0x00000000       0x71 ./Lib_FreeRTOS/tasks.o
 .comment       0x00000000       0x71 ./adc.o
 .comment       0x00000000       0x71 ./cr_startup_lpc17.o
 .comment       0x00000000       0x71 ./iap_driver.o
 .comment       0x00000000       0x71 ./main.o
 .comment       0x00000000       0x71 ./rtc.o
 .comment       0x00000000       0x71 ./uart.o
 .comment       0x00000070       0x70 C:\nxp\projects\NBrazo_Memoria_4\CMSISv1p30_LPC17xx\Debug\libCMSISv1p30_LPC17xx.a(system_LPC17xx.o)
                                 0x71 (size before relaxing)
 .comment       0x00000000       0x71 C:\nxp\projects\NBrazo_Memoria_4\LIB_GLCDgui\Debug\libLIB_GLCDgui.a(GLCDgui.o)
 .comment       0x00000000       0x71 C:\nxp\projects\NBrazo_Memoria_4\LIB_GLCDgui\Debug\libLIB_GLCDgui.a(button.o)
 .comment       0x00000000       0x71 C:\nxp\projects\NBrazo_Memoria_4\LIB_GLCDgui\Debug\libLIB_GLCDgui.a(list.o)
 .comment       0x00000000       0x71 C:\nxp\projects\NBrazo_Memoria_4\LIB_GLCDgui\Debug\libLIB_GLCDgui.a(text.o)
 .comment       0x00000000       0x71 C:\nxp\projects\NBrazo_Memoria_4\LIB_GLCDgui\Debug\libLIB_GLCDgui.a(windows.o)
 .comment       0x00000000       0x71 C:\nxp\projects\NBrazo_Memoria_4\LIB_GLCDgui\Debug\libLIB_GLCDgui.a(object.o)
 .comment       0x00000000       0x71 C:\nxp\projects\NBrazo_Memoria_4\LIB_GLCDgui\Debug\libLIB_GLCDgui.a(picture.o)
 .comment       0x00000000       0x71 C:\nxp\projects\NBrazo_Memoria_4\LIB_GLCDgui\Debug\libLIB_GLCDgui.a(textSlider.o)
 .comment       0x00000000       0x71 C:\nxp\projects\NBrazo_Memoria_4\LIB_GLCDPrimitives\Debug\libLIB_GLCDPrimitives.a(GLCDFonts.o)
 .comment       0x00000000       0x71 C:\nxp\projects\NBrazo_Memoria_4\LIB_GLCDPrimitives\Debug\libLIB_GLCDPrimitives.a(GLCDPrimitives.o)
 .comment       0x00000000       0x71 C:\nxp\projects\NBrazo_Memoria_4\Lib_GLCDLowLevel\Debug\libLib_GLCDLowLevel.a(GLCDLowLevel.o)
 .comment       0x00000000       0x71 C:\nxp\projects\NBrazo_Memoria_4\Lib_GLCDLowLevel\Debug\libLib_GLCDLowLevel.a(MicroInterface.o)
 .comment       0x00000000       0x71 C:\nxp\projects\NBrazo_Memoria_4\Lib_MCU\Debug\libLib_MCU.a(lpc17xx_gpio.o)
 .comment       0x00000000       0x71 c:/nxp/lpcxpresso_7.0.2_102/lpcxpresso/tools/bin/../lib/gcc/arm-none-eabi/4.8.3/../../../../arm-none-eabi/lib/armv7-m\libcr_semihost.a(_cr__main.o)
 .comment       0x00000000       0x71 c:/nxp/lpcxpresso_7.0.2_102/lpcxpresso/tools/bin/../lib/gcc/arm-none-eabi/4.8.3/../../../../arm-none-eabi/lib/armv7-m\libcr_c.a(memcpy.o)
 .comment       0x00000000       0x71 c:/nxp/lpcxpresso_7.0.2_102/lpcxpresso/tools/bin/../lib/gcc/arm-none-eabi/4.8.3/../../../../arm-none-eabi/lib/armv7-m\libcr_c.a(memset.o)
 .comment       0x00000000       0x71 c:/nxp/lpcxpresso_7.0.2_102/lpcxpresso/tools/bin/../lib/gcc/arm-none-eabi/4.8.3/../../../../arm-none-eabi/lib/armv7-m\libcr_c.a(floor.o)
 .comment       0x00000000       0x71 c:/nxp/lpcxpresso_7.0.2_102/lpcxpresso/tools/bin/../lib/gcc/arm-none-eabi/4.8.3/../../../../arm-none-eabi/lib/armv7-m\libcr_c.a(fpprintf.o)
 .comment       0x00000000       0x71 c:/nxp/lpcxpresso_7.0.2_102/lpcxpresso/tools/bin/../lib/gcc/arm-none-eabi/4.8.3/../../../../arm-none-eabi/lib/armv7-m\libcr_c.a(initio.o)
 .comment       0x00000000       0x71 c:/nxp/lpcxpresso_7.0.2_102/lpcxpresso/tools/bin/../lib/gcc/arm-none-eabi/4.8.3/../../../../arm-none-eabi/lib/armv7-m\libcr_c.a(log10.o)
 .comment       0x00000000       0x71 c:/nxp/lpcxpresso_7.0.2_102/lpcxpresso/tools/bin/../lib/gcc/arm-none-eabi/4.8.3/../../../../arm-none-eabi/lib/armv7-m\libcr_c.a(memcmp.o)
 .comment       0x00000000       0x71 c:/nxp/lpcxpresso_7.0.2_102/lpcxpresso/tools/bin/../lib/gcc/arm-none-eabi/4.8.3/../../../../arm-none-eabi/lib/armv7-m\libcr_c.a(pow.o)
 .comment       0x00000000       0x71 c:/nxp/lpcxpresso_7.0.2_102/lpcxpresso/tools/bin/../lib/gcc/arm-none-eabi/4.8.3/../../../../arm-none-eabi/lib/armv7-m\libcr_c.a(printf.o)
 .comment       0x00000000       0x71 c:/nxp/lpcxpresso_7.0.2_102/lpcxpresso/tools/bin/../lib/gcc/arm-none-eabi/4.8.3/../../../../arm-none-eabi/lib/armv7-m\libcr_c.a(setvbuf.o)
 .comment       0x00000000       0x71 c:/nxp/lpcxpresso_7.0.2_102/lpcxpresso/tools/bin/../lib/gcc/arm-none-eabi/4.8.3/../../../../arm-none-eabi/lib/armv7-m\libcr_c.a(sqrt.o)
 .comment       0x00000000       0x71 c:/nxp/lpcxpresso_7.0.2_102/lpcxpresso/tools/bin/../lib/gcc/arm-none-eabi/4.8.3/../../../../arm-none-eabi/lib/armv7-m\libcr_c.a(stdio.o)
 .comment       0x00000000       0x71 c:/nxp/lpcxpresso_7.0.2_102/lpcxpresso/tools/bin/../lib/gcc/arm-none-eabi/4.8.3/../../../../arm-none-eabi/lib/armv7-m\libcr_c.a(strcat.o)
 .comment       0x00000000       0x71 c:/nxp/lpcxpresso_7.0.2_102/lpcxpresso/tools/bin/../lib/gcc/arm-none-eabi/4.8.3/../../../../arm-none-eabi/lib/armv7-m\libcr_c.a(strcpy.o)
 .comment       0x00000000       0x71 c:/nxp/lpcxpresso_7.0.2_102/lpcxpresso/tools/bin/../lib/gcc/arm-none-eabi/4.8.3/../../../../arm-none-eabi/lib/armv7-m\libcr_c.a(strlen.o)
 .comment       0x00000000       0x71 c:/nxp/lpcxpresso_7.0.2_102/lpcxpresso/tools/bin/../lib/gcc/arm-none-eabi/4.8.3/../../../../arm-none-eabi/lib/armv7-m\libcr_c.a(strncmp.o)
 .comment       0x00000000       0x71 c:/nxp/lpcxpresso_7.0.2_102/lpcxpresso/tools/bin/../lib/gcc/arm-none-eabi/4.8.3/../../../../arm-none-eabi/lib/armv7-m\libcr_c.a(strncpy.o)
 .comment       0x00000000       0x71 c:/nxp/lpcxpresso_7.0.2_102/lpcxpresso/tools/bin/../lib/gcc/arm-none-eabi/4.8.3/../../../../arm-none-eabi/lib/armv7-m\libcr_c.a(_deferredlazyseek.o)
 .comment       0x00000000       0x71 c:/nxp/lpcxpresso_7.0.2_102/lpcxpresso/tools/bin/../lib/gcc/arm-none-eabi/4.8.3/../../../../arm-none-eabi/lib/armv7-m\libcr_c.a(_fdopen.o)
 .comment       0x00000000       0x71 c:/nxp/lpcxpresso_7.0.2_102/lpcxpresso/tools/bin/../lib/gcc/arm-none-eabi/4.8.3/../../../../arm-none-eabi/lib/armv7-m\libcr_c.a(_fflush.o)
 .comment       0x00000000       0x71 c:/nxp/lpcxpresso_7.0.2_102/lpcxpresso/tools/bin/../lib/gcc/arm-none-eabi/4.8.3/../../../../arm-none-eabi/lib/armv7-m\libcr_c.a(_frexpl.o)
 .comment       0x00000000       0x71 c:/nxp/lpcxpresso_7.0.2_102/lpcxpresso/tools/bin/../lib/gcc/arm-none-eabi/4.8.3/../../../../arm-none-eabi/lib/armv7-m\libcr_c.a(_hugeval.o)
 .comment       0x00000000       0x71 c:/nxp/lpcxpresso_7.0.2_102/lpcxpresso/tools/bin/../lib/gcc/arm-none-eabi/4.8.3/../../../../arm-none-eabi/lib/armv7-m\libcr_c.a(_ldexpl.o)
 .comment       0x00000000       0x71 c:/nxp/lpcxpresso_7.0.2_102/lpcxpresso/tools/bin/../lib/gcc/arm-none-eabi/4.8.3/../../../../arm-none-eabi/lib/armv7-m\libcr_c.a(_writebuf.o)
 .comment       0x00000000       0x71 c:/nxp/lpcxpresso_7.0.2_102/lpcxpresso/tools/bin/../lib/gcc/arm-none-eabi/4.8.3/../../../../arm-none-eabi/lib/armv7-m\libcr_c.a(alloc.o)
 .comment       0x00000000       0x71 c:/nxp/lpcxpresso_7.0.2_102/lpcxpresso/tools/bin/../lib/gcc/arm-none-eabi/4.8.3/../../../../arm-none-eabi/lib/armv7-m\libcr_c.a(errno.o)
 .comment       0x00000000       0x71 c:/nxp/lpcxpresso_7.0.2_102/lpcxpresso/tools/bin/../lib/gcc/arm-none-eabi/4.8.3/../../../../arm-none-eabi/lib/armv7-m\libcr_c.a(fclose.o)
 .comment       0x00000000       0x71 c:/nxp/lpcxpresso_7.0.2_102/lpcxpresso/tools/bin/../lib/gcc/arm-none-eabi/4.8.3/../../../../arm-none-eabi/lib/armv7-m\libcr_c.a(fflush.o)
 .comment       0x00000000       0x71 c:/nxp/lpcxpresso_7.0.2_102/lpcxpresso/tools/bin/../lib/gcc/arm-none-eabi/4.8.3/../../../../arm-none-eabi/lib/armv7-m\libcr_c.a(frexp.o)
 .comment       0x00000000       0x71 c:/nxp/lpcxpresso_7.0.2_102/lpcxpresso/tools/bin/../lib/gcc/arm-none-eabi/4.8.3/../../../../arm-none-eabi/lib/armv7-m\libcr_c.a(fseek.o)
 .comment       0x00000000       0x71 c:/nxp/lpcxpresso_7.0.2_102/lpcxpresso/tools/bin/../lib/gcc/arm-none-eabi/4.8.3/../../../../arm-none-eabi/lib/armv7-m\libcr_c.a(ftell.o)
 .comment       0x00000000       0x71 c:/nxp/lpcxpresso_7.0.2_102/lpcxpresso/tools/bin/../lib/gcc/arm-none-eabi/4.8.3/../../../../arm-none-eabi/lib/armv7-m\libcr_c.a(ldexp.o)
 .comment       0x00000000       0x71 c:/nxp/lpcxpresso_7.0.2_102/lpcxpresso/tools/bin/../lib/gcc/arm-none-eabi/4.8.3/../../../../arm-none-eabi/lib/armv7-m\libcr_c.a(log.o)
 .comment       0x00000000       0x71 c:/nxp/lpcxpresso_7.0.2_102/lpcxpresso/tools/bin/../lib/gcc/arm-none-eabi/4.8.3/../../../../arm-none-eabi/lib/armv7-m\libcr_c.a(remove.o)
 .comment       0x00000000       0x71 c:/nxp/lpcxpresso_7.0.2_102/lpcxpresso/tools/bin/../lib/gcc/arm-none-eabi/4.8.3/../../../../arm-none-eabi/lib/armv7-m\libcr_c.a(__init_alloc.o)
 .comment       0x00000000       0x71 c:/nxp/lpcxpresso_7.0.2_102/lpcxpresso/tools/bin/../lib/gcc/arm-none-eabi/4.8.3/../../../../arm-none-eabi/lib/armv7-m\libcr_c.a(_cr_sbrk.o)
 .comment       0x00000000       0x71 c:/nxp/lpcxpresso_7.0.2_102/lpcxpresso/tools/bin/../lib/gcc/arm-none-eabi/4.8.3/../../../../arm-none-eabi/lib/armv7-m\libcr_c.a(_do_fflush.o)
 .comment       0x00000000       0x71 c:/nxp/lpcxpresso_7.0.2_102/lpcxpresso/tools/bin/../lib/gcc/arm-none-eabi/4.8.3/../../../../arm-none-eabi/lib/armv7-m\libcr_c.a(_cr_check_heap.o)
 .comment       0x00000000       0x71 c:/nxp/lpcxpresso_7.0.2_102/lpcxpresso/tools/bin/../lib/gcc/arm-none-eabi/4.8.3/armv7-m\libcr_eabihelpers.a(double.o)
 .comment       0x00000000       0x71 c:/nxp/lpcxpresso_7.0.2_102/lpcxpresso/tools/bin/../lib/gcc/arm-none-eabi/4.8.3/armv7-m\libcr_eabihelpers.a(float.o)

.ARM.attributes
                0x00000000       0x31
 .ARM.attributes
                0x00000000       0x33 ./Lib_FreeRTOS/portable/MemMang/heap_2.o
 .ARM.attributes
                0x00000033       0x33 ./Lib_FreeRTOS/portable/GCC/ARM_CM3/port.o
 .ARM.attributes
                0x00000066       0x33 ./Lib_FreeRTOS/list.o
 .ARM.attributes
                0x00000099       0x33 ./Lib_FreeRTOS/queue.o
 .ARM.attributes
                0x000000cc       0x33 ./Lib_FreeRTOS/tasks.o
 .ARM.attributes
                0x000000ff       0x33 ./adc.o
 .ARM.attributes
                0x00000132       0x33 ./cr_startup_lpc17.o
 .ARM.attributes
                0x00000165       0x33 ./iap_driver.o
 .ARM.attributes
                0x00000198       0x33 ./main.o
 .ARM.attributes
                0x000001cb       0x33 ./rtc.o
 .ARM.attributes
                0x000001fe       0x33 ./uart.o
 .ARM.attributes
                0x00000231       0x21 C:\nxp\projects\NBrazo_Memoria_4\cr_dsplibFFTbin_cm3\libcr_dsplibFFT_cm3.a(cr_dsplib_fft1024.o)
 .ARM.attributes
                0x00000252       0x33 C:\nxp\projects\NBrazo_Memoria_4\CMSISv1p30_LPC17xx\Debug\libCMSISv1p30_LPC17xx.a(system_LPC17xx.o)
 .ARM.attributes
                0x00000285       0x33 C:\nxp\projects\NBrazo_Memoria_4\LIB_GLCDgui\Debug\libLIB_GLCDgui.a(GLCDgui.o)
 .ARM.attributes
                0x000002b8       0x33 C:\nxp\projects\NBrazo_Memoria_4\LIB_GLCDgui\Debug\libLIB_GLCDgui.a(button.o)
 .ARM.attributes
                0x000002eb       0x33 C:\nxp\projects\NBrazo_Memoria_4\LIB_GLCDgui\Debug\libLIB_GLCDgui.a(list.o)
 .ARM.attributes
                0x0000031e       0x33 C:\nxp\projects\NBrazo_Memoria_4\LIB_GLCDgui\Debug\libLIB_GLCDgui.a(text.o)
 .ARM.attributes
                0x00000351       0x33 C:\nxp\projects\NBrazo_Memoria_4\LIB_GLCDgui\Debug\libLIB_GLCDgui.a(windows.o)
 .ARM.attributes
                0x00000384       0x33 C:\nxp\projects\NBrazo_Memoria_4\LIB_GLCDgui\Debug\libLIB_GLCDgui.a(object.o)
 .ARM.attributes
                0x000003b7       0x33 C:\nxp\projects\NBrazo_Memoria_4\LIB_GLCDgui\Debug\libLIB_GLCDgui.a(picture.o)
 .ARM.attributes
                0x000003ea       0x33 C:\nxp\projects\NBrazo_Memoria_4\LIB_GLCDgui\Debug\libLIB_GLCDgui.a(textSlider.o)
 .ARM.attributes
                0x0000041d       0x33 C:\nxp\projects\NBrazo_Memoria_4\LIB_GLCDPrimitives\Debug\libLIB_GLCDPrimitives.a(GLCDFonts.o)
 .ARM.attributes
                0x00000450       0x33 C:\nxp\projects\NBrazo_Memoria_4\LIB_GLCDPrimitives\Debug\libLIB_GLCDPrimitives.a(GLCDPrimitives.o)
 .ARM.attributes
                0x00000483       0x33 C:\nxp\projects\NBrazo_Memoria_4\Lib_GLCDLowLevel\Debug\libLib_GLCDLowLevel.a(GLCDLowLevel.o)
 .ARM.attributes
                0x000004b6       0x33 C:\nxp\projects\NBrazo_Memoria_4\Lib_GLCDLowLevel\Debug\libLib_GLCDLowLevel.a(MicroInterface.o)
 .ARM.attributes
                0x000004e9       0x33 C:\nxp\projects\NBrazo_Memoria_4\Lib_MCU\Debug\libLib_MCU.a(lpc17xx_gpio.o)
 .ARM.attributes
                0x0000051c       0x21 c:/nxp/lpcxpresso_7.0.2_102/lpcxpresso/tools/bin/../lib/gcc/arm-none-eabi/4.8.3/../../../../arm-none-eabi/lib/armv7-m\libcr_semihost.a(__sys_write.o)
 .ARM.attributes
                0x0000053d       0x33 c:/nxp/lpcxpresso_7.0.2_102/lpcxpresso/tools/bin/../lib/gcc/arm-none-eabi/4.8.3/../../../../arm-none-eabi/lib/armv7-m\libcr_semihost.a(_cr__main.o)
 .ARM.attributes
                0x00000570       0x33 c:/nxp/lpcxpresso_7.0.2_102/lpcxpresso/tools/bin/../lib/gcc/arm-none-eabi/4.8.3/../../../../arm-none-eabi/lib/armv7-m\libcr_c.a(memcpy.o)
 .ARM.attributes
                0x000005a3       0x33 c:/nxp/lpcxpresso_7.0.2_102/lpcxpresso/tools/bin/../lib/gcc/arm-none-eabi/4.8.3/../../../../arm-none-eabi/lib/armv7-m\libcr_c.a(memset.o)
 .ARM.attributes
                0x000005d6       0x33 c:/nxp/lpcxpresso_7.0.2_102/lpcxpresso/tools/bin/../lib/gcc/arm-none-eabi/4.8.3/../../../../arm-none-eabi/lib/armv7-m\libcr_c.a(floor.o)
 .ARM.attributes
                0x00000609       0x33 c:/nxp/lpcxpresso_7.0.2_102/lpcxpresso/tools/bin/../lib/gcc/arm-none-eabi/4.8.3/../../../../arm-none-eabi/lib/armv7-m\libcr_c.a(fpprintf.o)
 .ARM.attributes
                0x0000063c       0x33 c:/nxp/lpcxpresso_7.0.2_102/lpcxpresso/tools/bin/../lib/gcc/arm-none-eabi/4.8.3/../../../../arm-none-eabi/lib/armv7-m\libcr_c.a(initio.o)
 .ARM.attributes
                0x0000066f       0x33 c:/nxp/lpcxpresso_7.0.2_102/lpcxpresso/tools/bin/../lib/gcc/arm-none-eabi/4.8.3/../../../../arm-none-eabi/lib/armv7-m\libcr_c.a(log10.o)
 .ARM.attributes
                0x000006a2       0x33 c:/nxp/lpcxpresso_7.0.2_102/lpcxpresso/tools/bin/../lib/gcc/arm-none-eabi/4.8.3/../../../../arm-none-eabi/lib/armv7-m\libcr_c.a(memcmp.o)
 .ARM.attributes
                0x000006d5       0x33 c:/nxp/lpcxpresso_7.0.2_102/lpcxpresso/tools/bin/../lib/gcc/arm-none-eabi/4.8.3/../../../../arm-none-eabi/lib/armv7-m\libcr_c.a(pow.o)
 .ARM.attributes
                0x00000708       0x33 c:/nxp/lpcxpresso_7.0.2_102/lpcxpresso/tools/bin/../lib/gcc/arm-none-eabi/4.8.3/../../../../arm-none-eabi/lib/armv7-m\libcr_c.a(printf.o)
 .ARM.attributes
                0x0000073b       0x33 c:/nxp/lpcxpresso_7.0.2_102/lpcxpresso/tools/bin/../lib/gcc/arm-none-eabi/4.8.3/../../../../arm-none-eabi/lib/armv7-m\libcr_c.a(setvbuf.o)
 .ARM.attributes
                0x0000076e       0x33 c:/nxp/lpcxpresso_7.0.2_102/lpcxpresso/tools/bin/../lib/gcc/arm-none-eabi/4.8.3/../../../../arm-none-eabi/lib/armv7-m\libcr_c.a(sqrt.o)
 .ARM.attributes
                0x000007a1       0x33 c:/nxp/lpcxpresso_7.0.2_102/lpcxpresso/tools/bin/../lib/gcc/arm-none-eabi/4.8.3/../../../../arm-none-eabi/lib/armv7-m\libcr_c.a(stdio.o)
 .ARM.attributes
                0x000007d4       0x33 c:/nxp/lpcxpresso_7.0.2_102/lpcxpresso/tools/bin/../lib/gcc/arm-none-eabi/4.8.3/../../../../arm-none-eabi/lib/armv7-m\libcr_c.a(strcat.o)
 .ARM.attributes
                0x00000807       0x33 c:/nxp/lpcxpresso_7.0.2_102/lpcxpresso/tools/bin/../lib/gcc/arm-none-eabi/4.8.3/../../../../arm-none-eabi/lib/armv7-m\libcr_c.a(strcpy.o)
 .ARM.attributes
                0x0000083a       0x33 c:/nxp/lpcxpresso_7.0.2_102/lpcxpresso/tools/bin/../lib/gcc/arm-none-eabi/4.8.3/../../../../arm-none-eabi/lib/armv7-m\libcr_c.a(strlen.o)
 .ARM.attributes
                0x0000086d       0x33 c:/nxp/lpcxpresso_7.0.2_102/lpcxpresso/tools/bin/../lib/gcc/arm-none-eabi/4.8.3/../../../../arm-none-eabi/lib/armv7-m\libcr_c.a(strncmp.o)
 .ARM.attributes
                0x000008a0       0x33 c:/nxp/lpcxpresso_7.0.2_102/lpcxpresso/tools/bin/../lib/gcc/arm-none-eabi/4.8.3/../../../../arm-none-eabi/lib/armv7-m\libcr_c.a(strncpy.o)
 .ARM.attributes
                0x000008d3       0x33 c:/nxp/lpcxpresso_7.0.2_102/lpcxpresso/tools/bin/../lib/gcc/arm-none-eabi/4.8.3/../../../../arm-none-eabi/lib/armv7-m\libcr_c.a(_deferredlazyseek.o)
 .ARM.attributes
                0x00000906       0x33 c:/nxp/lpcxpresso_7.0.2_102/lpcxpresso/tools/bin/../lib/gcc/arm-none-eabi/4.8.3/../../../../arm-none-eabi/lib/armv7-m\libcr_c.a(_fdopen.o)
 .ARM.attributes
                0x00000939       0x33 c:/nxp/lpcxpresso_7.0.2_102/lpcxpresso/tools/bin/../lib/gcc/arm-none-eabi/4.8.3/../../../../arm-none-eabi/lib/armv7-m\libcr_c.a(_fflush.o)
 .ARM.attributes
                0x0000096c       0x33 c:/nxp/lpcxpresso_7.0.2_102/lpcxpresso/tools/bin/../lib/gcc/arm-none-eabi/4.8.3/../../../../arm-none-eabi/lib/armv7-m\libcr_c.a(_frexpl.o)
 .ARM.attributes
                0x0000099f       0x33 c:/nxp/lpcxpresso_7.0.2_102/lpcxpresso/tools/bin/../lib/gcc/arm-none-eabi/4.8.3/../../../../arm-none-eabi/lib/armv7-m\libcr_c.a(_hugeval.o)
 .ARM.attributes
                0x000009d2       0x33 c:/nxp/lpcxpresso_7.0.2_102/lpcxpresso/tools/bin/../lib/gcc/arm-none-eabi/4.8.3/../../../../arm-none-eabi/lib/armv7-m\libcr_c.a(_ldexpl.o)
 .ARM.attributes
                0x00000a05       0x33 c:/nxp/lpcxpresso_7.0.2_102/lpcxpresso/tools/bin/../lib/gcc/arm-none-eabi/4.8.3/../../../../arm-none-eabi/lib/armv7-m\libcr_c.a(_writebuf.o)
 .ARM.attributes
                0x00000a38       0x33 c:/nxp/lpcxpresso_7.0.2_102/lpcxpresso/tools/bin/../lib/gcc/arm-none-eabi/4.8.3/../../../../arm-none-eabi/lib/armv7-m\libcr_c.a(alloc.o)
 .ARM.attributes
                0x00000a6b       0x33 c:/nxp/lpcxpresso_7.0.2_102/lpcxpresso/tools/bin/../lib/gcc/arm-none-eabi/4.8.3/../../../../arm-none-eabi/lib/armv7-m\libcr_c.a(errno.o)
 .ARM.attributes
                0x00000a9e       0x33 c:/nxp/lpcxpresso_7.0.2_102/lpcxpresso/tools/bin/../lib/gcc/arm-none-eabi/4.8.3/../../../../arm-none-eabi/lib/armv7-m\libcr_c.a(fclose.o)
 .ARM.attributes