15:44:01 **** Build of configuration Debug for project Lib_CMSISv1p30_LPC17xx ****
make all 
make: Nothing to be done for `all'.
15:44:04 **** Build of configuration Debug for project Application ****
make all 
Building file: ../Lib_FreeRTOS/portable/MemMang/heap_2.c
Invoking: MCU C Compiler
arm-none-eabi-gcc -DALIGN_STRUCT_END=__attribute\(\(aligned\(4\)\)\) -DPACK_STRUCT_END=__attribute\(\(packed\)\) -DPACK_STRUCT_END=__attribute\(\(packed\)\) -DDEBUG -D__USE_CMSIS=CMSISv1p30_LPC17xx -D__CODE_RED -D__REDLIB__ -I"C:\nxp\projects\NBrazo_Memoria_4\cr_dsplibFFTbin_cm3" -I"C:\nxp\projects\NBrazo_Memoria_4\cr_dsplib_cm3" -I"C:\nxp\projects\NBrazo_Memoria_4\cr_dsplib_testbench_fft" -I"C:\nxp\projects\NBrazo_Memoria_4\uart\inc" -I"C:\nxp\projects\NBrazo_Memoria_4\CMSISv1p30_LPC17xx" -I"C:\nxp\projects\NBrazo_Memoria_4\lib_small_printf_m3\inc" -I"C:\nxp\projects\NBrazo_Memoria_4\adc_buzzer\inc" -I"C:\nxp\projects\NBrazo_Memoria_4\Application" -I"C:\nxp\projects\NBrazo_Memoria_4\Application\Lib_FreeRTOS\include" -I"C:\nxp\projects\NBrazo_Memoria_4\Application\Lib_FreeRTOS\portable\GCC\ARM_CM3" -I"C:\nxp\projects\NBrazo_Memoria_4\Application\Bitmaps" -I"C:\nxp\projects\NBrazo_Memoria_4\LIB_GLCDgui\inc" -I"C:\nxp\projects\NBrazo_Memoria_4\LIB_GLCDPrimitives\inc" -I"C:\nxp\projects\NBrazo_Memoria_4\LIB_GLCDPrimitives\fonts" -I"C:\nxp\projects\NBrazo_Memoria_4\Lib_GLCDLowLevel\inc" -I"C:\nxp\projects\NBrazo_Memoria_4\Lib_TouchPanel\inc" -I"C:\nxp\projects\NBrazo_Memoria_4\Lib_MCU\inc" -I"C:\nxp\projects\NBrazo_Memoria_4\Lib_CMSISv1p30_LPC17xx\inc" -O0 -g3 -fsigned-char -c -fmessage-length=0 -fno-builtin -ffunction-sections -mcpu=cortex-m3 -mthumb -D__REDLIB__ -specs=redlib.specs -MMD -MP -MF"Lib_FreeRTOS/portable/MemMang/heap_2.d" -MT"Lib_FreeRTOS/portable/MemMang/heap_2.d" -o "Lib_FreeRTOS/portable/MemMang/heap_2.o" "../Lib_FreeRTOS/portable/MemMang/heap_2.c"
Finished building: ../Lib_FreeRTOS/portable/MemMang/heap_2.c
 
Building file: ../Lib_FreeRTOS/portable/GCC/ARM_CM3/port.c
Invoking: MCU C Compiler
arm-none-eabi-gcc -DALIGN_STRUCT_END=__attribute\(\(aligned\(4\)\)\) -DPACK_STRUCT_END=__attribute\(\(packed\)\) -DPACK_STRUCT_END=__attribute\(\(packed\)\) -DDEBUG -D__USE_CMSIS=CMSISv1p30_LPC17xx -D__CODE_RED -D__REDLIB__ -I"C:\nxp\projects\NBrazo_Memoria_4\cr_dsplibFFTbin_cm3" -I"C:\nxp\projects\NBrazo_Memoria_4\cr_dsplib_cm3" -I"C:\nxp\projects\NBrazo_Memoria_4\cr_dsplib_testbench_fft" -I"C:\nxp\projects\NBrazo_Memoria_4\uart\inc" -I"C:\nxp\projects\NBrazo_Memoria_4\CMSISv1p30_LPC17xx" -I"C:\nxp\projects\NBrazo_Memoria_4\lib_small_printf_m3\inc" -I"C:\nxp\projects\NBrazo_Memoria_4\adc_buzzer\inc" -I"C:\nxp\projects\NBrazo_Memoria_4\Application" -I"C:\nxp\projects\NBrazo_Memoria_4\Application\Lib_FreeRTOS\include" -I"C:\nxp\projects\NBrazo_Memoria_4\Application\Lib_FreeRTOS\portable\GCC\ARM_CM3" -I"C:\nxp\projects\NBrazo_Memoria_4\Application\Bitmaps" -I"C:\nxp\projects\NBrazo_Memoria_4\LIB_GLCDgui\inc" -I"C:\nxp\projects\NBrazo_Memoria_4\LIB_GLCDPrimitives\inc" -I"C:\nxp\projects\NBrazo_Memoria_4\LIB_GLCDPrimitives\fonts" -I"C:\nxp\projects\NBrazo_Memoria_4\Lib_GLCDLowLevel\inc" -I"C:\nxp\projects\NBrazo_Memoria_4\Lib_TouchPanel\inc" -I"C:\nxp\projects\NBrazo_Memoria_4\Lib_MCU\inc" -I"C:\nxp\projects\NBrazo_Memoria_4\Lib_CMSISv1p30_LPC17xx\inc" -O0 -g3 -fsigned-char -c -fmessage-length=0 -fno-builtin -ffunction-sections -mcpu=cortex-m3 -mthumb -D__REDLIB__ -specs=redlib.specs -MMD -MP -MF"Lib_FreeRTOS/portable/GCC/ARM_CM3/port.d" -MT"Lib_FreeRTOS/portable/GCC/ARM_CM3/port.d" -o "Lib_FreeRTOS/portable/GCC/ARM_CM3/port.o" "../Lib_FreeRTOS/portable/GCC/ARM_CM3/port.c"
Finished building: ../Lib_FreeRTOS/portable/GCC/ARM_CM3/port.c
 
Building file: ../Lib_FreeRTOS/list.c
Invoking: MCU C Compiler
arm-none-eabi-gcc -DALIGN_STRUCT_END=__attribute\(\(aligned\(4\)\)\) -DPACK_STRUCT_END=__attribute\(\(packed\)\) -DPACK_STRUCT_END=__attribute\(\(packed\)\) -DDEBUG -D__USE_CMSIS=CMSISv1p30_LPC17xx -D__CODE_RED -D__REDLIB__ -I"C:\nxp\projects\NBrazo_Memoria_4\cr_dsplibFFTbin_cm3" -I"C:\nxp\projects\NBrazo_Memoria_4\cr_dsplib_cm3" -I"C:\nxp\projects\NBrazo_Memoria_4\cr_dsplib_testbench_fft" -I"C:\nxp\projects\NBrazo_Memoria_4\uart\inc" -I"C:\nxp\projects\NBrazo_Memoria_4\CMSISv1p30_LPC17xx" -I"C:\nxp\projects\NBrazo_Memoria_4\lib_small_printf_m3\inc" -I"C:\nxp\projects\NBrazo_Memoria_4\adc_buzzer\inc" -I"C:\nxp\projects\NBrazo_Memoria_4\Application" -I"C:\nxp\projects\NBrazo_Memoria_4\Application\Lib_FreeRTOS\include" -I"C:\nxp\projects\NBrazo_Memoria_4\Application\Lib_FreeRTOS\portable\GCC\ARM_CM3" -I"C:\nxp\projects\NBrazo_Memoria_4\Application\Bitmaps" -I"C:\nxp\projects\NBrazo_Memoria_4\LIB_GLCDgui\inc" -I"C:\nxp\projects\NBrazo_Memoria_4\LIB_GLCDPrimitives\inc" -I"C:\nxp\projects\NBrazo_Memoria_4\LIB_GLCDPrimitives\fonts" -I"C:\nxp\projects\NBrazo_Memoria_4\Lib_GLCDLowLevel\inc" -I"C:\nxp\projects\NBrazo_Memoria_4\Lib_TouchPanel\inc" -I"C:\nxp\projects\NBrazo_Memoria_4\Lib_MCU\inc" -I"C:\nxp\projects\NBrazo_Memoria_4\Lib_CMSISv1p30_LPC17xx\inc" -O0 -g3 -fsigned-char -c -fmessage-length=0 -fno-builtin -ffunction-sections -mcpu=cortex-m3 -mthumb -D__REDLIB__ -specs=redlib.specs -MMD -MP -MF"Lib_FreeRTOS/list.d" -MT"Lib_FreeRTOS/list.d" -o "Lib_FreeRTOS/list.o" "../Lib_FreeRTOS/list.c"
Finished building: ../Lib_FreeRTOS/list.c
 
Building file: ../Lib_FreeRTOS/queue.c
Invoking: MCU C Compiler
arm-none-eabi-gcc -DALIGN_STRUCT_END=__attribute\(\(aligned\(4\)\)\) -DPACK_STRUCT_END=__attribute\(\(packed\)\) -DPACK_STRUCT_END=__attribute\(\(packed\)\) -DDEBUG -D__USE_CMSIS=CMSISv1p30_LPC17xx -D__CODE_RED -D__REDLIB__ -I"C:\nxp\projects\NBrazo_Memoria_4\cr_dsplibFFTbin_cm3" -I"C:\nxp\projects\NBrazo_Memoria_4\cr_dsplib_cm3" -I"C:\nxp\projects\NBrazo_Memoria_4\cr_dsplib_testbench_fft" -I"C:\nxp\projects\NBrazo_Memoria_4\uart\inc" -I"C:\nxp\projects\NBrazo_Memoria_4\CMSISv1p30_LPC17xx" -I"C:\nxp\projects\NBrazo_Memoria_4\lib_small_printf_m3\inc" -I"C:\nxp\projects\NBrazo_Memoria_4\adc_buzzer\inc" -I"C:\nxp\projects\NBrazo_Memoria_4\Application" -I"C:\nxp\projects\NBrazo_Memoria_4\Application\Lib_FreeRTOS\include" -I"C:\nxp\projects\NBrazo_Memoria_4\Application\Lib_FreeRTOS\portable\GCC\ARM_CM3" -I"C:\nxp\projects\NBrazo_Memoria_4\Application\Bitmaps" -I"C:\nxp\projects\NBrazo_Memoria_4\LIB_GLCDgui\inc" -I"C:\nxp\projects\NBrazo_Memoria_4\LIB_GLCDPrimitives\inc" -I"C:\nxp\projects\NBrazo_Memoria_4\LIB_GLCDPrimitives\fonts" -I"C:\nxp\projects\NBrazo_Memoria_4\Lib_GLCDLowLevel\inc" -I"C:\nxp\projects\NBrazo_Memoria_4\Lib_TouchPanel\inc" -I"C:\nxp\projects\NBrazo_Memoria_4\Lib_MCU\inc" -I"C:\nxp\projects\NBrazo_Memoria_4\Lib_CMSISv1p30_LPC17xx\inc" -O0 -g3 -fsigned-char -c -fmessage-length=0 -fno-builtin -ffunction-sections -mcpu=cortex-m3 -mthumb -D__REDLIB__ -specs=redlib.specs -MMD -MP -MF"Lib_FreeRTOS/queue.d" -MT"Lib_FreeRTOS/queue.d" -o "Lib_FreeRTOS/queue.o" "../Lib_FreeRTOS/queue.c"
Finished building: ../Lib_FreeRTOS/queue.c
 
Building file: ../Lib_FreeRTOS/tasks.c
Invoking: MCU C Compiler
arm-none-eabi-gcc -DALIGN_STRUCT_END=__attribute\(\(aligned\(4\)\)\) -DPACK_STRUCT_END=__attribute\(\(packed\)\) -DPACK_STRUCT_END=__attribute\(\(packed\)\) -DDEBUG -D__USE_CMSIS=CMSISv1p30_LPC17xx -D__CODE_RED -D__REDLIB__ -I"C:\nxp\projects\NBrazo_Memoria_4\cr_dsplibFFTbin_cm3" -I"C:\nxp\projects\NBrazo_Memoria_4\cr_dsplib_cm3" -I"C:\nxp\projects\NBrazo_Memoria_4\cr_dsplib_testbench_fft" -I"C:\nxp\projects\NBrazo_Memoria_4\uart\inc" -I"C:\nxp\projects\NBrazo_Memoria_4\CMSISv1p30_LPC17xx" -I"C:\nxp\projects\NBrazo_Memoria_4\lib_small_printf_m3\inc" -I"C:\nxp\projects\NBrazo_Memoria_4\adc_buzzer\inc" -I"C:\nxp\projects\NBrazo_Memoria_4\Application" -I"C:\nxp\projects\NBrazo_Memoria_4\Application\Lib_FreeRTOS\include" -I"C:\nxp\projects\NBrazo_Memoria_4\Application\Lib_FreeRTOS\portable\GCC\ARM_CM3" -I"C:\nxp\projects\NBrazo_Memoria_4\Application\Bitmaps" -I"C:\nxp\projects\NBrazo_Memoria_4\LIB_GLCDgui\inc" -I"C:\nxp\projects\NBrazo_Memoria_4\LIB_GLCDPrimitives\inc" -I"C:\nxp\projects\NBrazo_Memoria_4\LIB_GLCDPrimitives\fonts" -I"C:\nxp\projects\NBrazo_Memoria_4\Lib_GLCDLowLevel\inc" -I"C:\nxp\projects\NBrazo_Memoria_4\Lib_TouchPanel\inc" -I"C:\nxp\projects\NBrazo_Memoria_4\Lib_MCU\inc" -I"C:\nxp\projects\NBrazo_Memoria_4\Lib_CMSISv1p30_LPC17xx\inc" -O0 -g3 -fsigned-char -c -fmessage-length=0 -fno-builtin -ffunction-sections -mcpu=cortex-m3 -mthumb -D__REDLIB__ -specs=redlib.specs -MMD -MP -MF"Lib_FreeRTOS/tasks.d" -MT"Lib_FreeRTOS/tasks.d" -o "Lib_FreeRTOS/tasks.o" "../Lib_FreeRTOS/tasks.c"
Finished building: ../Lib_FreeRTOS/tasks.c
 
Building file: ../adc.c
Invoking: MCU C Compiler
arm-none-eabi-gcc -DALIGN_STRUCT_END=__attribute\(\(aligned\(4\)\)\) -DPACK_STRUCT_END=__attribute\(\(packed\)\) -DPACK_STRUCT_END=__attribute\(\(packed\)\) -DDEBUG -D__USE_CMSIS=CMSISv1p30_LPC17xx -D__CODE_RED -D__REDLIB__ -I"C:\nxp\projects\NBrazo_Memoria_4\cr_dsplibFFTbin_cm3" -I"C:\nxp\projects\NBrazo_Memoria_4\cr_dsplib_cm3" -I"C:\nxp\projects\NBrazo_Memoria_4\cr_dsplib_testbench_fft" -I"C:\nxp\projects\NBrazo_Memoria_4\uart\inc" -I"C:\nxp\projects\NBrazo_Memoria_4\CMSISv1p30_LPC17xx" -I"C:\nxp\projects\NBrazo_Memoria_4\lib_small_printf_m3\inc" -I"C:\nxp\projects\NBrazo_Memoria_4\adc_buzzer\inc" -I"C:\nxp\projects\NBrazo_Memoria_4\Application" -I"C:\nxp\projects\NBrazo_Memoria_4\Application\Lib_FreeRTOS\include" -I"C:\nxp\projects\NBrazo_Memoria_4\Application\Lib_FreeRTOS\portable\GCC\ARM_CM3" -I"C:\nxp\projects\NBrazo_Memoria_4\Application\Bitmaps" -I"C:\nxp\projects\NBrazo_Memoria_4\LIB_GLCDgui\inc" -I"C:\nxp\projects\NBrazo_Memoria_4\LIB_GLCDPrimitives\inc" -I"C:\nxp\projects\NBrazo_Memoria_4\LIB_GLCDPrimitives\fonts" -I"C:\nxp\projects\NBrazo_Memoria_4\Lib_GLCDLowLevel\inc" -I"C:\nxp\projects\NBrazo_Memoria_4\Lib_TouchPanel\inc" -I"C:\nxp\projects\NBrazo_Memoria_4\Lib_MCU\inc" -I"C:\nxp\projects\NBrazo_Memoria_4\Lib_CMSISv1p30_LPC17xx\inc" -O0 -g3 -fsigned-char -c -fmessage-length=0 -fno-builtin -ffunction-sections -mcpu=cortex-m3 -mthumb -D__REDLIB__ -specs=redlib.specs -MMD -MP -MF"adc.d" -MT"adc.d" -o "adc.o" "../adc.c"
Finished building: ../adc.c
 
Building file: ../cr_startup_lpc17.c
Invoking: MCU C Compiler
arm-none-eabi-gcc -DALIGN_STRUCT_END=__attribute\(\(aligned\(4\)\)\) -DPACK_STRUCT_END=__attribute\(\(packed\)\) -DPACK_STRUCT_END=__attribute\(\(packed\)\) -DDEBUG -D__USE_CMSIS=CMSISv1p30_LPC17xx -D__CODE_RED -D__REDLIB__ -I"C:\nxp\projects\NBrazo_Memoria_4\cr_dsplibFFTbin_cm3" -I"C:\nxp\projects\NBrazo_Memoria_4\cr_dsplib_cm3" -I"C:\nxp\projects\NBrazo_Memoria_4\cr_dsplib_testbench_fft" -I"C:\nxp\projects\NBrazo_Memoria_4\uart\inc" -I"C:\nxp\projects\NBrazo_Memoria_4\CMSISv1p30_LPC17xx" -I"C:\nxp\projects\NBrazo_Memoria_4\lib_small_printf_m3\inc" -I"C:\nxp\projects\NBrazo_Memoria_4\adc_buzzer\inc" -I"C:\nxp\projects\NBrazo_Memoria_4\Application" -I"C:\nxp\projects\NBrazo_Memoria_4\Application\Lib_FreeRTOS\include" -I"C:\nxp\projects\NBrazo_Memoria_4\Application\Lib_FreeRTOS\portable\GCC\ARM_CM3" -I"C:\nxp\projects\NBrazo_Memoria_4\Application\Bitmaps" -I"C:\nxp\projects\NBrazo_Memoria_4\LIB_GLCDgui\inc" -I"C:\nxp\projects\NBrazo_Memoria_4\LIB_GLCDPrimitives\inc" -I"C:\nxp\projects\NBrazo_Memoria_4\LIB_GLCDPrimitives\fonts" -I"C:\nxp\projects\NBrazo_Memoria_4\Lib_GLCDLowLevel\inc" -I"C:\nxp\projects\NBrazo_Memoria_4\Lib_TouchPanel\inc" -I"C:\nxp\projects\NBrazo_Memoria_4\Lib_MCU\inc" -I"C:\nxp\projects\NBrazo_Memoria_4\Lib_CMSISv1p30_LPC17xx\inc" -O0 -g3 -fsigned-char -c -fmessage-length=0 -fno-builtin -ffunction-sections -mcpu=cortex-m3 -mthumb -D__REDLIB__ -specs=redlib.specs -MMD -MP -MF"cr_startup_lpc17.d" -MT"cr_startup_lpc17.d" -o "cr_startup_lpc17.o" "../cr_startup_lpc17.c"
Finished building: ../cr_startup_lpc17.c
 
Building file: ../debug.c
Invoking: MCU C Compiler
arm-none-eabi-gcc -DALIGN_STRUCT_END=__attribute\(\(aligned\(4\)\)\) -DPACK_STRUCT_END=__attribute\(\(packed\)\) -DPACK_STRUCT_END=__attribute\(\(packed\)\) -DDEBUG -D__USE_CMSIS=CMSISv1p30_LPC17xx -D__CODE_RED -D__REDLIB__ -I"C:\nxp\projects\NBrazo_Memoria_4\cr_dsplibFFTbin_cm3" -I"C:\nxp\projects\NBrazo_Memoria_4\cr_dsplib_cm3" -I"C:\nxp\projects\NBrazo_Memoria_4\cr_dsplib_testbench_fft" -I"C:\nxp\projects\NBrazo_Memoria_4\uart\inc" -I"C:\nxp\projects\NBrazo_Memoria_4\CMSISv1p30_LPC17xx" -I"C:\nxp\projects\NBrazo_Memoria_4\lib_small_printf_m3\inc" -I"C:\nxp\projects\NBrazo_Memoria_4\adc_buzzer\inc" -I"C:\nxp\projects\NBrazo_Memoria_4\Application" -I"C:\nxp\projects\NBrazo_Memoria_4\Application\Lib_FreeRTOS\include" -I"C:\nxp\projects\NBrazo_Memoria_4\Application\Lib_FreeRTOS\portable\GCC\ARM_CM3" -I"C:\nxp\projects\NBrazo_Memoria_4\Application\Bitmaps" -I"C:\nxp\projects\NBrazo_Memoria_4\LIB_GLCDgui\inc" -I"C:\nxp\projects\NBrazo_Memoria_4\LIB_GLCDPrimitives\inc" -I"C:\nxp\projects\NBrazo_Memoria_4\LIB_GLCDPrimitives\fonts" -I"C:\nxp\projects\NBrazo_Memoria_4\Lib_GLCDLowLevel\inc" -I"C:\nxp\projects\NBrazo_Memoria_4\Lib_TouchPanel\inc" -I"C:\nxp\projects\NBrazo_Memoria_4\Lib_MCU\inc" -I"C:\nxp\projects\NBrazo_Memoria_4\Lib_CMSISv1p30_LPC17xx\inc" -O0 -g3 -fsigned-char -c -fmessage-length=0 -fno-builtin -ffunction-sections -mcpu=cortex-m3 -mthumb -D__REDLIB__ -specs=redlib.specs -MMD -MP -MF"debug.d" -MT"debug.d" -o "debug.o" "../debug.c"
Finished building: ../debug.c
 
Building file: ../freq.c
Invoking: MCU C Compiler
arm-none-eabi-gcc -DALIGN_STRUCT_END=__attribute\(\(aligned\(4\)\)\) -DPACK_STRUCT_END=__attribute\(\(packed\)\) -DPACK_STRUCT_END=__attribute\(\(packed\)\) -DDEBUG -D__USE_CMSIS=CMSISv1p30_LPC17xx -D__CODE_RED -D__REDLIB__ -I"C:\nxp\projects\NBrazo_Memoria_4\cr_dsplibFFTbin_cm3" -I"C:\nxp\projects\NBrazo_Memoria_4\cr_dsplib_cm3" -I"C:\nxp\projects\NBrazo_Memoria_4\cr_dsplib_testbench_fft" -I"C:\nxp\projects\NBrazo_Memoria_4\uart\inc" -I"C:\nxp\projects\NBrazo_Memoria_4\CMSISv1p30_LPC17xx" -I"C:\nxp\projects\NBrazo_Memoria_4\lib_small_printf_m3\inc" -I"C:\nxp\projects\NBrazo_Memoria_4\adc_buzzer\inc" -I"C:\nxp\projects\NBrazo_Memoria_4\Application" -I"C:\nxp\projects\NBrazo_Memoria_4\Application\Lib_FreeRTOS\include" -I"C:\nxp\projects\NBrazo_Memoria_4\Application\Lib_FreeRTOS\portable\GCC\ARM_CM3" -I"C:\nxp\projects\NBrazo_Memoria_4\Application\Bitmaps" -I"C:\nxp\projects\NBrazo_Memoria_4\LIB_GLCDgui\inc" -I"C:\nxp\projects\NBrazo_Memoria_4\LIB_GLCDPrimitives\inc" -I"C:\nxp\projects\NBrazo_Memoria_4\LIB_GLCDPrimitives\fonts" -I"C:\nxp\projects\NBrazo_Memoria_4\Lib_GLCDLowLevel\inc" -I"C:\nxp\projects\NBrazo_Memoria_4\Lib_TouchPanel\inc" -I"C:\nxp\projects\NBrazo_Memoria_4\Lib_MCU\inc" -I"C:\nxp\projects\NBrazo_Memoria_4\Lib_CMSISv1p30_LPC17xx\inc" -O0 -g3 -fsigned-char -c -fmessage-length=0 -fno-builtin -ffunction-sections -mcpu=cortex-m3 -mthumb -D__REDLIB__ -specs=redlib.specs -MMD -MP -MF"freq.d" -MT"freq.d" -o "freq.o" "../freq.c"
Finished building: ../freq.c
 
Building file: ../iap_driver.c
Invoking: MCU C Compiler
arm-none-eabi-gcc -DALIGN_STRUCT_END=__attribute\(\(aligned\(4\)\)\) -DPACK_STRUCT_END=__attribute\(\(packed\)\) -DPACK_STRUCT_END=__attribute\(\(packed\)\) -DDEBUG -D__USE_CMSIS=CMSISv1p30_LPC17xx -D__CODE_RED -D__REDLIB__ -I"C:\nxp\projects\NBrazo_Memoria_4\cr_dsplibFFTbin_cm3" -I"C:\nxp\projects\NBrazo_Memoria_4\cr_dsplib_cm3" -I"C:\nxp\projects\NBrazo_Memoria_4\cr_dsplib_testbench_fft" -I"C:\nxp\projects\NBrazo_Memoria_4\uart\inc" -I"C:\nxp\projects\NBrazo_Memoria_4\CMSISv1p30_LPC17xx" -I"C:\nxp\projects\NBrazo_Memoria_4\lib_small_printf_m3\inc" -I"C:\nxp\projects\NBrazo_Memoria_4\adc_buzzer\inc" -I"C:\nxp\projects\NBrazo_Memoria_4\Application" -I"C:\nxp\projects\NBrazo_Memoria_4\Application\Lib_FreeRTOS\include" -I"C:\nxp\projects\NBrazo_Memoria_4\Application\Lib_FreeRTOS\portable\GCC\ARM_CM3" -I"C:\nxp\projects\NBrazo_Memoria_4\Application\Bitmaps" -I"C:\nxp\projects\NBrazo_Memoria_4\LIB_GLCDgui\inc" -I"C:\nxp\projects\NBrazo_Memoria_4\LIB_GLCDPrimitives\inc" -I"C:\nxp\projects\NBrazo_Memoria_4\LIB_GLCDPrimitives\fonts" -I"C:\nxp\projects\NBrazo_Memoria_4\Lib_GLCDLowLevel\inc" -I"C:\nxp\projects\NBrazo_Memoria_4\Lib_TouchPanel\inc" -I"C:\nxp\projects\NBrazo_Memoria_4\Lib_MCU\inc" -I"C:\nxp\projects\NBrazo_Memoria_4\Lib_CMSISv1p30_LPC17xx\inc" -O0 -g3 -fsigned-char -c -fmessage-length=0 -fno-builtin -ffunction-sections -mcpu=cortex-m3 -mthumb -D__REDLIB__ -specs=redlib.specs -MMD -MP -MF"iap_driver.d" -MT"iap_driver.d" -o "iap_driver.o" "../iap_driver.c"
Finished building: ../iap_driver.c
 
Building file: ../main.c
Invoking: MCU C Compiler
arm-none-eabi-gcc -DALIGN_STRUCT_END=__attribute\(\(aligned\(4\)\)\) -DPACK_STRUCT_END=__attribute\(\(packed\)\) -DPACK_STRUCT_END=__attribute\(\(packed\)\) -DDEBUG -D__USE_CMSIS=CMSISv1p30_LPC17xx -D__CODE_RED -D__REDLIB__ -I"C:\nxp\projects\NBrazo_Memoria_4\cr_dsplibFFTbin_cm3" -I"C:\nxp\projects\NBrazo_Memoria_4\cr_dsplib_cm3" -I"C:\nxp\projects\NBrazo_Memoria_4\cr_dsplib_testbench_fft" -I"C:\nxp\projects\NBrazo_Memoria_4\uart\inc" -I"C:\nxp\projects\NBrazo_Memoria_4\CMSISv1p30_LPC17xx" -I"C:\nxp\projects\NBrazo_Memoria_4\lib_small_printf_m3\inc" -I"C:\nxp\projects\NBrazo_Memoria_4\adc_buzzer\inc" -I"C:\nxp\projects\NBrazo_Memoria_4\Application" -I"C:\nxp\projects\NBrazo_Memoria_4\Application\Lib_FreeRTOS\include" -I"C:\nxp\projects\NBrazo_Memoria_4\Application\Lib_FreeRTOS\portable\GCC\ARM_CM3" -I"C:\nxp\projects\NBrazo_Memoria_4\Application\Bitmaps" -I"C:\nxp\projects\NBrazo_Memoria_4\LIB_GLCDgui\inc" -I"C:\nxp\projects\NBrazo_Memoria_4\LIB_GLCDPrimitives\inc" -I"C:\nxp\projects\NBrazo_Memoria_4\LIB_GLCDPrimitives\fonts" -I"C:\nxp\projects\NBrazo_Memoria_4\Lib_GLCDLowLevel\inc" -I"C:\nxp\projects\NBrazo_Memoria_4\Lib_TouchPanel\inc" -I"C:\nxp\projects\NBrazo_Memoria_4\Lib_MCU\inc" -I"C:\nxp\projects\NBrazo_Memoria_4\Lib_CMSISv1p30_LPC17xx\inc" -O0 -g3 -fsigned-char -c -fmessage-length=0 -fno-builtin -ffunction-sections -mcpu=cortex-m3 -mthumb -D__REDLIB__ -specs=redlib.specs -MMD -MP -MF"main.d" -MT"main.d" -o "main.o" "../main.c"
Finished building: ../main.c
 
Building file: ../rtc.c
Invoking: MCU C Compiler
arm-none-eabi-gcc -DALIGN_STRUCT_END=__attribute\(\(aligned\(4\)\)\) -DPACK_STRUCT_END=__attribute\(\(packed\)\) -DPACK_STRUCT_END=__attribute\(\(packed\)\) -DDEBUG -D__USE_CMSIS=CMSISv1p30_LPC17xx -D__CODE_RED -D__REDLIB__ -I"C:\nxp\projects\NBrazo_Memoria_4\cr_dsplibFFTbin_cm3" -I"C:\nxp\projects\NBrazo_Memoria_4\cr_dsplib_cm3" -I"C:\nxp\projects\NBrazo_Memoria_4\cr_dsplib_testbench_fft" -I"C:\nxp\projects\NBrazo_Memoria_4\uart\inc" -I"C:\nxp\projects\NBrazo_Memoria_4\CMSISv1p30_LPC17xx" -I"C:\nxp\projects\NBrazo_Memoria_4\lib_small_printf_m3\inc" -I"C:\nxp\projects\NBrazo_Memoria_4\adc_buzzer\inc" -I"C:\nxp\projects\NBrazo_Memoria_4\Application" -I"C:\nxp\projects\NBrazo_Memoria_4\Application\Lib_FreeRTOS\include" -I"C:\nxp\projects\NBrazo_Memoria_4\Application\Lib_FreeRTOS\portable\GCC\ARM_CM3" -I"C:\nxp\projects\NBrazo_Memoria_4\Application\Bitmaps" -I"C:\nxp\projects\NBrazo_Memoria_4\LIB_GLCDgui\inc" -I"C:\nxp\projects\NBrazo_Memoria_4\LIB_GLCDPrimitives\inc" -I"C:\nxp\projects\NBrazo_Memoria_4\LIB_GLCDPrimitives\fonts" -I"C:\nxp\projects\NBrazo_Memoria_4\Lib_GLCDLowLevel\inc" -I"C:\nxp\projects\NBrazo_Memoria_4\Lib_TouchPanel\inc" -I"C:\nxp\projects\NBrazo_Memoria_4\Lib_MCU\inc" -I"C:\nxp\projects\NBrazo_Memoria_4\Lib_CMSISv1p30_LPC17xx\inc" -O0 -g3 -fsigned-char -c -fmessage-length=0 -fno-builtin -ffunction-sections -mcpu=cortex-m3 -mthumb -D__REDLIB__ -specs=redlib.specs -MMD -MP -MF"rtc.d" -MT"rtc.d" -o "rtc.o" "../rtc.c"
Finished building: ../rtc.c
 
Building file: ../uart.c
Invoking: MCU C Compiler
arm-none-eabi-gcc -DALIGN_STRUCT_END=__attribute\(\(aligned\(4\)\)\) -DPACK_STRUCT_END=__attribute\(\(packed\)\) -DPACK_STRUCT_END=__attribute\(\(packed\)\) -DDEBUG -D__USE_CMSIS=CMSISv1p30_LPC17xx -D__CODE_RED -D__REDLIB__ -I"C:\nxp\projects\NBrazo_Memoria_4\cr_dsplibFFTbin_cm3" -I"C:\nxp\projects\NBrazo_Memoria_4\cr_dsplib_cm3" -I"C:\nxp\projects\NBrazo_Memoria_4\cr_dsplib_testbench_fft" -I"C:\nxp\projects\NBrazo_Memoria_4\uart\inc" -I"C:\nxp\projects\NBrazo_Memoria_4\CMSISv1p30_LPC17xx" -I"C:\nxp\projects\NBrazo_Memoria_4\lib_small_printf_m3\inc" -I"C:\nxp\projects\NBrazo_Memoria_4\adc_buzzer\inc" -I"C:\nxp\projects\NBrazo_Memoria_4\Application" -I"C:\nxp\projects\NBrazo_Memoria_4\Application\Lib_FreeRTOS\include" -I"C:\nxp\projects\NBrazo_Memoria_4\Application\Lib_FreeRTOS\portable\GCC\ARM_CM3" -I"C:\nxp\projects\NBrazo_Memoria_4\Application\Bitmaps" -I"C:\nxp\projects\NBrazo_Memoria_4\LIB_GLCDgui\inc" -I"C:\nxp\projects\NBrazo_Memoria_4\LIB_GLCDPrimitives\inc" -I"C:\nxp\projects\NBrazo_Memoria_4\LIB_GLCDPrimitives\fonts" -I"C:\nxp\projects\NBrazo_Memoria_4\Lib_GLCDLowLevel\inc" -I"C:\nxp\projects\NBrazo_Memoria_4\Lib_TouchPanel\inc" -I"C:\nxp\projects\NBrazo_Memoria_4\Lib_MCU\inc" -I"C:\nxp\projects\NBrazo_Memoria_4\Lib_CMSISv1p30_LPC17xx\inc" -O0 -g3 -fsigned-char -c -fmessage-length=0 -fno-builtin -ffunction-sections -mcpu=cortex-m3 -mthumb -D__REDLIB__ -specs=redlib.specs -MMD -MP -MF"uart.d" -MT"uart.d" -o "uart.o" "../uart.c"
Finished building: ../uart.c
 
Building target: Application.axf
Invoking: MCU Linker
arm-none-eabi-gcc -nostdlib -L"C:\nxp\projects\NBrazo_Memoria_4\cr_dsplibFFTbin_cm3" -L"C:\nxp\projects\NBrazo_Memoria_4\uart\inc" -L"C:\nxp\projects\NBrazo_Memoria_4\CMSISv1p30_LPC17xx\Debug" -L"C:\nxp\projects\NBrazo_Memoria_4\lib_small_printf_m3\Lib" -L"C:\nxp\projects\NBrazo_Memoria_4\LIB_GLCDgui\Debug" -L"C:\nxp\projects\NBrazo_Memoria_4\LIB_GLCDPrimitives\Debug" -L"C:\nxp\projects\NBrazo_Memoria_4\Lib_GLCDLowLevel\Debug" -L"C:\nxp\projects\NBrazo_Memoria_4\Lib_TouchPanel\Debug" -L"C:\nxp\projects\NBrazo_Memoria_4\Lib_MCU\Debug" -L"C:\nxp\projects\NBrazo_Memoria_4\Lib_CMSISv1p30_LPC17xx\Debug" -Xlinker --gc-sections -Xlinker -Map=Application.map -mcpu=cortex-m3 -mthumb -T "example01_Debug.ld" -o "Application.axf"  ./Lib_FreeRTOS/portable/MemMang/heap_2.o  ./Lib_FreeRTOS/portable/GCC/ARM_CM3/port.o  ./Lib_FreeRTOS/list.o ./Lib_FreeRTOS/queue.o ./Lib_FreeRTOS/tasks.o  ./adc.o ./cr_startup_lpc17.o ./debug.o ./freq.o ./iap_driver.o ./main.o ./rtc.o ./uart.o   -lcr_dsplibFFT_cm3 -lCMSISv1p30_LPC17xx -llib_small_printf_m3 -lLIB_GLCDgui -lLIB_GLCDPrimitives -lLib_GLCDLowLevel -lLib_TouchPanel -lLib_MCU -lCMSISv1p30_LPC17xx
Finished building target: Application.axf
 
make --no-print-directory post-build
Performing post-build steps
arm-none-eabi-size Application.axf; # arm-none-eabi-objcopy -O ihex Application.axf Application.hex ;
   text	   data	    bss	    dec	    hex	filename
  52296	    216	  30248	  82760	  14348	Application.axf
 
15:44:52 **** Clean-only build of configuration Debug for project Application ****
make clean 
rm -rf  ./Lib_FreeRTOS/portable/MemMang/heap_2.o  ./Lib_FreeRTOS/portable/GCC/ARM_CM3/port.o  ./Lib_FreeRTOS/list.o ./Lib_FreeRTOS/queue.o ./Lib_FreeRTOS/tasks.o  ./adc.o ./cr_startup_lpc17.o ./debug.o ./freq.o ./iap_driver.o ./main.o ./rtc.o ./uart.o  ./Lib_FreeRTOS/portable/MemMang/heap_2.d  ./Lib_FreeRTOS/portable/GCC/ARM_CM3/port.d  ./Lib_FreeRTOS/list.d ./Lib_FreeRTOS/queue.d ./Lib_FreeRTOS/tasks.d  ./adc.d ./cr_startup_lpc17.d ./debug.d ./freq.d ./iap_driver.d ./main.d ./rtc.d ./uart.d  Application.axf
 
15:44:55 **** Incremental Build of configuration Debug for project Application ****
make all 
Building file: ../Lib_FreeRTOS/portable/MemMang/heap_2.c
Invoking: MCU C Compiler
arm-none-eabi-gcc -DALIGN_STRUCT_END=__attribute\(\(aligned\(4\)\)\) -DPACK_STRUCT_END=__attribute\(\(packed\)\) -DPACK_STRUCT_END=__attribute\(\(packed\)\) -DDEBUG -D__USE_CMSIS=CMSISv1p30_LPC17xx -D__CODE_RED -D__REDLIB__ -I"C:\nxp\projects\NBrazo_Memoria_4\cr_dsplibFFTbin_cm3" -I"C:\nxp\projects\NBrazo_Memoria_4\cr_dsplib_cm3" -I"C:\nxp\projects\NBrazo_Memoria_4\cr_dsplib_testbench_fft" -I"C:\nxp\projects\NBrazo_Memoria_4\uart\inc" -I"C:\nxp\projects\NBrazo_Memoria_4\CMSISv1p30_LPC17xx" -I"C:\nxp\projects\NBrazo_Memoria_4\lib_small_printf_m3\inc" -I"C:\nxp\projects\NBrazo_Memoria_4\adc_buzzer\inc" -I"C:\nxp\projects\NBrazo_Memoria_4\Application" -I"C:\nxp\projects\NBrazo_Memoria_4\Application\Lib_FreeRTOS\include" -I"C:\nxp\projects\NBrazo_Memoria_4\Application\Lib_FreeRTOS\portable\GCC\ARM_CM3" -I"C:\nxp\projects\NBrazo_Memoria_4\Application\Bitmaps" -I"C:\nxp\projects\NBrazo_Memoria_4\LIB_GLCDgui\inc" -I"C:\nxp\projects\NBrazo_Memoria_4\LIB_GLCDPrimitives\inc" -I"C:\nxp\projects\NBrazo_Memoria_4\LIB_GLCDPrimitives\fonts" -I"C:\nxp\projects\NBrazo_Memoria_4\Lib_GLCDLowLevel\inc" -I"C:\nxp\projects\NBrazo_Memoria_4\Lib_TouchPanel\inc" -I"C:\nxp\projects\NBrazo_Memoria_4\Lib_MCU\inc" -I"C:\nxp\projects\NBrazo_Memoria_4\Lib_CMSISv1p30_LPC17xx\inc" -O0 -g3 -fsigned-char -c -fmessage-length=0 -fno-builtin -ffunction-sections -mcpu=cortex-m3 -mthumb -D__REDLIB__ -specs=redlib.specs -MMD -MP -MF"Lib_FreeRTOS/portable/MemMang/heap_2.d" -MT"Lib_FreeRTOS/portable/MemMang/heap_2.d" -o "Lib_FreeRTOS/portable/MemMang/heap_2.o" "../Lib_FreeRTOS/portable/MemMang/heap_2.c"
Finished building: ../Lib_FreeRTOS/portable/MemMang/heap_2.c
 
Building file: ../Lib_FreeRTOS/portable/GCC/ARM_CM3/port.c
Invoking: MCU C Compiler
arm-none-eabi-gcc -DALIGN_STRUCT_END=__attribute\(\(aligned\(4\)\)\) -DPACK_STRUCT_END=__attribute\(\(packed\)\) -DPACK_STRUCT_END=__attribute\(\(packed\)\) -DDEBUG -D__USE_CMSIS=CMSISv1p30_LPC17xx -D__CODE_RED -D__REDLIB__ -I"C:\nxp\projects\NBrazo_Memoria_4\cr_dsplibFFTbin_cm3" -I"C:\nxp\projects\NBrazo_Memoria_4\cr_dsplib_cm3" -I"C:\nxp\projects\NBrazo_Memoria_4\cr_dsplib_testbench_fft" -I"C:\nxp\projects\NBrazo_Memoria_4\uart\inc" -I"C:\nxp\projects\NBrazo_Memoria_4\CMSISv1p30_LPC17xx" -I"C:\nxp\projects\NBrazo_Memoria_4\lib_small_printf_m3\inc" -I"C:\nxp\projects\NBrazo_Memoria_4\adc_buzzer\inc" -I"C:\nxp\projects\NBrazo_Memoria_4\Application" -I"C:\nxp\projects\NBrazo_Memoria_4\Application\Lib_FreeRTOS\include" -I"C:\nxp\projects\NBrazo_Memoria_4\Application\Lib_FreeRTOS\portable\GCC\ARM_CM3" -I"C:\nxp\projects\NBrazo_Memoria_4\Application\Bitmaps" -I"C:\nxp\projects\NBrazo_Memoria_4\LIB_GLCDgui\inc" -I"C:\nxp\projects\NBrazo_Memoria_4\LIB_GLCDPrimitives\inc" -I"C:\nxp\projects\NBrazo_Memoria_4\LIB_GLCDPrimitives\fonts" -I"C:\nxp\projects\NBrazo_Memoria_4\Lib_GLCDLowLevel\inc" -I"C:\nxp\projects\NBrazo_Memoria_4\Lib_TouchPanel\inc" -I"C:\nxp\projects\NBrazo_Memoria_4\Lib_MCU\inc" -I"C:\nxp\projects\NBrazo_Memoria_4\Lib_CMSISv1p30_LPC17xx\inc" -O0 -g3 -fsigned-char -c -fmessage-length=0 -fno-builtin -ffunction-sections -mcpu=cortex-m3 -mthumb -D__REDLIB__ -specs=redlib.specs -MMD -MP -MF"Lib_FreeRTOS/portable/GCC/ARM_CM3/port.d" -MT"Lib_FreeRTOS/portable/GCC/ARM_CM3/port.d" -o "Lib_FreeRTOS/portable/GCC/ARM_CM3/port.o" "../Lib_FreeRTOS/portable/GCC/ARM_CM3/port.c"
Finished building: ../Lib_FreeRTOS/portable/GCC/ARM_CM3/port.c
 
Building file: ../Lib_FreeRTOS/list.c
Invoking: MCU C Compiler
arm-none-eabi-gcc -DALIGN_STRUCT_END=__attribute\(\(aligned\(4\)\)\) -DPACK_STRUCT_END=__attribute\(\(packed\)\) -DPACK_STRUCT_END=__attribute\(\(packed\)\) -DDEBUG -D__USE_CMSIS=CMSISv1p30_LPC17xx -D__CODE_RED -D__REDLIB__ -I"C:\nxp\projects\NBrazo_Memoria_4\cr_dsplibFFTbin_cm3" -I"C:\nxp\projects\NBrazo_Memoria_4\cr_dsplib_cm3" -I"C:\nxp\projects\NBrazo_Memoria_4\cr_dsplib_testbench_fft" -I"C:\nxp\projects\NBrazo_Memoria_4\uart\inc" -I"C:\nxp\projects\NBrazo_Memoria_4\CMSISv1p30_LPC17xx" -I"C:\nxp\projects\NBrazo_Memoria_4\lib_small_printf_m3\inc" -I"C:\nxp\projects\NBrazo_Memoria_4\adc_buzzer\inc" -I"C:\nxp\projects\NBrazo_Memoria_4\Application" -I"C:\nxp\projects\NBrazo_Memoria_4\Application\Lib_FreeRTOS\include" -I"C:\nxp\projects\NBrazo_Memoria_4\Application\Lib_FreeRTOS\portable\GCC\ARM_CM3" -I"C:\nxp\projects\NBrazo_Memoria_4\Application\Bitmaps" -I"C:\nxp\projects\NBrazo_Memoria_4\LIB_GLCDgui\inc" -I"C:\nxp\projects\NBrazo_Memoria_4\LIB_GLCDPrimitives\inc" -I"C:\nxp\projects\NBrazo_Memoria_4\LIB_GLCDPrimitives\fonts" -I"C:\nxp\projects\NBrazo_Memoria_4\Lib_GLCDLowLevel\inc" -I"C:\nxp\projects\NBrazo_Memoria_4\Lib_TouchPanel\inc" -I"C:\nxp\projects\NBrazo_Memoria_4\Lib_MCU\inc" -I"C:\nxp\projects\NBrazo_Memoria_4\Lib_CMSISv1p30_LPC17xx\inc" -O0 -g3 -fsigned-char -c -fmessage-length=0 -fno-builtin -ffunction-sections -mcpu=cortex-m3 -mthumb -D__REDLIB__ -specs=redlib.specs -MMD -MP -MF"Lib_FreeRTOS/list.d" -MT"Lib_FreeRTOS/list.d" -o "Lib_FreeRTOS/list.o" "../Lib_FreeRTOS/list.c"
Finished building: ../Lib_FreeRTOS/list.c
 
Building file: ../Lib_FreeRTOS/queue.c
Invoking: MCU C Compiler
arm-none-eabi-gcc -DALIGN_STRUCT_END=__attribute\(\(aligned\(4\)\)\) -DPACK_STRUCT_END=__attribute\(\(packed\)\) -DPACK_STRUCT_END=__attribute\(\(packed\)\) -DDEBUG -D__USE_CMSIS=CMSISv1p30_LPC17xx -D__CODE_RED -D__REDLIB__ -I"C:\nxp\projects\NBrazo_Memoria_4\cr_dsplibFFTbin_cm3" -I"C:\nxp\projects\NBrazo_Memoria_4\cr_dsplib_cm3" -I"C:\nxp\projects\NBrazo_Memoria_4\cr_dsplib_testbench_fft" -I"C:\nxp\projects\NBrazo_Memoria_4\uart\inc" -I"C:\nxp\projects\NBrazo_Memoria_4\CMSISv1p30_LPC17xx" -I"C:\nxp\projects\NBrazo_Memoria_4\lib_small_printf_m3\inc" -I"C:\nxp\projects\NBrazo_Memoria_4\adc_buzzer\inc" -I"C:\nxp\projects\NBrazo_Memoria_4\Application" -I"C:\nxp\projects\NBrazo_Memoria_4\Application\Lib_FreeRTOS\include" -I"C:\nxp\projects\NBrazo_Memoria_4\Application\Lib_FreeRTOS\portable\GCC\ARM_CM3" -I"C:\nxp\projects\NBrazo_Memoria_4\Application\Bitmaps" -I"C:\nxp\projects\NBrazo_Memoria_4\LIB_GLCDgui\inc" -I"C:\nxp\projects\NBrazo_Memoria_4\LIB_GLCDPrimitives\inc" -I"C:\nxp\projects\NBrazo_Memoria_4\LIB_GLCDPrimitives\fonts" -I"C:\nxp\projects\NBrazo_Memoria_4\Lib_GLCDLowLevel\inc" -I"C:\nxp\projects\NBrazo_Memoria_4\Lib_TouchPanel\inc" -I"C:\nxp\projects\NBrazo_Memoria_4\Lib_MCU\inc" -I"C:\nxp\projects\NBrazo_Memoria_4\Lib_CMSISv1p30_LPC17xx\inc" -O0 -g3 -fsigned-char -c -fmessage-length=0 -fno-builtin -ffunction-sections -mcpu=cortex-m3 -mthumb -D__REDLIB__ -specs=redlib.specs -MMD -MP -MF"Lib_FreeRTOS/queue.d" -MT"Lib_FreeRTOS/queue.d" -o "Lib_FreeRTOS/queue.o" "../Lib_FreeRTOS/queue.c"
Finished building: ../Lib_FreeRTOS/queue.c
 
Building file: ../Lib_FreeRTOS/tasks.c
Invoking: MCU C Compiler
arm-none-eabi-gcc -DALIGN_STRUCT_END=__attribute\(\(aligned\(4\)\)\) -DPACK_STRUCT_END=__attribute\(\(packed\)\) -DPACK_STRUCT_END=__attribute\(\(packed\)\) -DDEBUG -D__USE_CMSIS=CMSISv1p30_LPC17xx -D__CODE_RED -D__REDLIB__ -I"C:\nxp\projects\NBrazo_Memoria_4\cr_dsplibFFTbin_cm3" -I"C:\nxp\projects\NBrazo_Memoria_4\cr_dsplib_cm3" -I"C:\nxp\projects\NBrazo_Memoria_4\cr_dsplib_testbench_fft" -I"C:\nxp\projects\NBrazo_Memoria_4\uart\inc" -I"C:\nxp\projects\NBrazo_Memoria_4\CMSISv1p30_LPC17xx" -I"C:\nxp\projects\NBrazo_Memoria_4\lib_small_printf_m3\inc" -I"C:\nxp\projects\NBrazo_Memoria_4\adc_buzzer\inc" -I"C:\nxp\projects\NBrazo_Memoria_4\Application" -I"C:\nxp\projects\NBrazo_Memoria_4\Application\Lib_FreeRTOS\include" -I"C:\nxp\projects\NBrazo_Memoria_4\Application\Lib_FreeRTOS\portable\GCC\ARM_CM3" -I"C:\nxp\projects\NBrazo_Memoria_4\Application\Bitmaps" -I"C:\nxp\projects\NBrazo_Memoria_4\LIB_GLCDgui\inc" -I"C:\nxp\projects\NBrazo_Memoria_4\LIB_GLCDPrimitives\inc" -I"C:\nxp\projects\NBrazo_Memoria_4\LIB_GLCDPrimitives\fonts" -I"C:\nxp\projects\NBrazo_Memoria_4\Lib_GLCDLowLevel\inc" -I"C:\nxp\projects\NBrazo_Memoria_4\Lib_TouchPanel\inc" -I"C:\nxp\projects\NBrazo_Memoria_4\Lib_MCU\inc" -I"C:\nxp\projects\NBrazo_Memoria_4\Lib_CMSISv1p30_LPC17xx\inc" -O0 -g3 -fsigned-char -c -fmessage-length=0 -fno-builtin -ffunction-sections -mcpu=cortex-m3 -mthumb -D__REDLIB__ -specs=redlib.specs -MMD -MP -MF"Lib_FreeRTOS/tasks.d" -MT"Lib_FreeRTOS/tasks.d" -o "Lib_FreeRTOS/tasks.o" "../Lib_FreeRTOS/tasks.c"
Finished building: ../Lib_FreeRTOS/tasks.c
 
Building file: ../adc.c
Invoking: MCU C Compiler
arm-none-eabi-gcc -DALIGN_STRUCT_END=__attribute\(\(aligned\(4\)\)\) -DPACK_STRUCT_END=__attribute\(\(packed\)\) -DPACK_STRUCT_END=__attribute\(\(packed\)\) -DDEBUG -D__USE_CMSIS=CMSISv1p30_LPC17xx -D__CODE_RED -D__REDLIB__ -I"C:\nxp\projects\NBrazo_Memoria_4\cr_dsplibFFTbin_cm3" -I"C:\nxp\projects\NBrazo_Memoria_4\cr_dsplib_cm3" -I"C:\nxp\projects\NBrazo_Memoria_4\cr_dsplib_testbench_fft" -I"C:\nxp\projects\NBrazo_Memoria_4\uart\inc" -I"C:\nxp\projects\NBrazo_Memoria_4\CMSISv1p30_LPC17xx" -I"C:\nxp\projects\NBrazo_Memoria_4\lib_small_printf_m3\inc" -I"C:\nxp\projects\NBrazo_Memoria_4\adc_buzzer\inc" -I"C:\nxp\projects\NBrazo_Memoria_4\Application" -I"C:\nxp\projects\NBrazo_Memoria_4\Application\Lib_FreeRTOS\include" -I"C:\nxp\projects\NBrazo_Memoria_4\Application\Lib_FreeRTOS\portable\GCC\ARM_CM3" -I"C:\nxp\projects\NBrazo_Memoria_4\Application\Bitmaps" -I"C:\nxp\projects\NBrazo_Memoria_4\LIB_GLCDgui\inc" -I"C:\nxp\projects\NBrazo_Memoria_4\LIB_GLCDPrimitives\inc" -I"C:\nxp\projects\NBrazo_Memoria_4\LIB_GLCDPrimitives\fonts" -I"C:\nxp\projects\NBrazo_Memoria_4\Lib_GLCDLowLevel\inc" -I"C:\nxp\projects\NBrazo_Memoria_4\Lib_TouchPanel\inc" -I"C:\nxp\projects\NBrazo_Memoria_4\Lib_MCU\inc" -I"C:\nxp\projects\NBrazo_Memoria_4\Lib_CMSISv1p30_LPC17xx\inc" -O0 -g3 -fsigned-char -c -fmessage-length=0 -fno-builtin -ffunction-sections -mcpu=cortex-m3 -mthumb -D__REDLIB__ -specs=redlib.specs -MMD -MP -MF"adc.d" -MT"adc.d" -o "adc.o" "../adc.c"
Finished building: ../adc.c
 
Building file: ../cr_startup_lpc17.c
Invoking: MCU C Compiler
arm-none-eabi-gcc -DALIGN_STRUCT_END=__attribute\(\(aligned\(4\)\)\) -DPACK_STRUCT_END=__attribute\(\(packed\)\) -DPACK_STRUCT_END=__attribute\(\(packed\)\) -DDEBUG -D__USE_CMSIS=CMSISv1p30_LPC17xx -D__CODE_RED -D__REDLIB__ -I"C:\nxp\projects\NBrazo_Memoria_4\cr_dsplibFFTbin_cm3" -I"C:\nxp\projects\NBrazo_Memoria_4\cr_dsplib_cm3" -I"C:\nxp\projects\NBrazo_Memoria_4\cr_dsplib_testbench_fft" -I"C:\nxp\projects\NBrazo_Memoria_4\uart\inc" -I"C:\nxp\projects\NBrazo_Memoria_4\CMSISv1p30_LPC17xx" -I"C:\nxp\projects\NBrazo_Memoria_4\lib_small_printf_m3\inc" -I"C:\nxp\projects\NBrazo_Memoria_4\adc_buzzer\inc" -I"C:\nxp\projects\NBrazo_Memoria_4\Application" -I"C:\nxp\projects\NBrazo_Memoria_4\Application\Lib_FreeRTOS\include" -I"C:\nxp\projects\NBrazo_Memoria_4\Application\Lib_FreeRTOS\portable\GCC\ARM_CM3" -I"C:\nxp\projects\NBrazo_Memoria_4\Application\Bitmaps" -I"C:\nxp\projects\NBrazo_Memoria_4\LIB_GLCDgui\inc" -I"C:\nxp\projects\NBrazo_Memoria_4\LIB_GLCDPrimitives\inc" -I"C:\nxp\projects\NBrazo_Memoria_4\LIB_GLCDPrimitives\fonts" -I"C:\nxp\projects\NBrazo_Memoria_4\Lib_GLCDLowLevel\inc" -I"C:\nxp\projects\NBrazo_Memoria_4\Lib_TouchPanel\inc" -I"C:\nxp\projects\NBrazo_Memoria_4\Lib_MCU\inc" -I"C:\nxp\projects\NBrazo_Memoria_4\Lib_CMSISv1p30_LPC17xx\inc" -O0 -g3 -fsigned-char -c -fmessage-length=0 -fno-builtin -ffunction-sections -mcpu=cortex-m3 -mthumb -D__REDLIB__ -specs=redlib.specs -MMD -MP -MF"cr_startup_lpc17.d" -MT"cr_startup_lpc17.d" -o "cr_startup_lpc17.o" "../cr_startup_lpc17.c"
Finished building: ../cr_startup_lpc17.c
 
Building file: ../debug.c
Invoking: MCU C Compiler
arm-none-eabi-gcc -DALIGN_STRUCT_END=__attribute\(\(aligned\(4\)\)\) -DPACK_STRUCT_END=__attribute\(\(packed\)\) -DPACK_STRUCT_END=__attribute\(\(packed\)\) -DDEBUG -D__USE_CMSIS=CMSISv1p30_LPC17xx -D__CODE_RED -D__REDLIB__ -I"C:\nxp\projects\NBrazo_Memoria_4\cr_dsplibFFTbin_cm3" -I"C:\nxp\projects\NBrazo_Memoria_4\cr_dsplib_cm3" -I"C:\nxp\projects\NBrazo_Memoria_4\cr_dsplib_testbench_fft" -I"C:\nxp\projects\NBrazo_Memoria_4\uart\inc" -I"C:\nxp\projects\NBrazo_Memoria_4\CMSISv1p30_LPC17xx" -I"C:\nxp\projects\NBrazo_Memoria_4\lib_small_printf_m3\inc" -I"C:\nxp\projects\NBrazo_Memoria_4\adc_buzzer\inc" -I"C:\nxp\projects\NBrazo_Memoria_4\Application" -I"C:\nxp\projects\NBrazo_Memoria_4\Application\Lib_FreeRTOS\include" -I"C:\nxp\projects\NBrazo_Memoria_4\Application\Lib_FreeRTOS\portable\GCC\ARM_CM3" -I"C:\nxp\projects\NBrazo_Memoria_4\Application\Bitmaps" -I"C:\nxp\projects\NBrazo_Memoria_4\LIB_GLCDgui\inc" -I"C:\nxp\projects\NBrazo_Memoria_4\LIB_GLCDPrimitives\inc" -I"C:\nxp\projects\NBrazo_Memoria_4\LIB_GLCDPrimitives\fonts" -I"C:\nxp\projects\NBrazo_Memoria_4\Lib_GLCDLowLevel\inc" -I"C:\nxp\projects\NBrazo_Memoria_4\Lib_TouchPanel\inc" -I"C:\nxp\projects\NBrazo_Memoria_4\Lib_MCU\inc" -I"C:\nxp\projects\NBrazo_Memoria_4\Lib_CMSISv1p30_LPC17xx\inc" -O0 -g3 -fsigned-char -c -fmessage-length=0 -fno-builtin -ffunction-sections -mcpu=cortex-m3 -mthumb -D__REDLIB__ -specs=redlib.specs -MMD -MP -MF"debug.d" -MT"debug.d" -o "debug.o" "../debug.c"
Finished building: ../debug.c
 
Building file: ../freq.c
Invoking: MCU C Compiler
arm-none-eabi-gcc -DALIGN_STRUCT_END=__attribute\(\(aligned\(4\)\)\) -DPACK_STRUCT_END=__attribute\(\(packed\)\) -DPACK_STRUCT_END=__attribute\(\(packed\)\) -DDEBUG -D__USE_CMSIS=CMSISv1p30_LPC17xx -D__CODE_RED -D__REDLIB__ -I"C:\nxp\projects\NBrazo_Memoria_4\cr_dsplibFFTbin_cm3" -I"C:\nxp\projects\NBrazo_Memoria_4\cr_dsplib_cm3" -I"C:\nxp\projects\NBrazo_Memoria_4\cr_dsplib_testbench_fft" -I"C:\nxp\projects\NBrazo_Memoria_4\uart\inc" -I"C:\nxp\projects\NBrazo_Memoria_4\CMSISv1p30_LPC17xx" -I"C:\nxp\projects\NBrazo_Memoria_4\lib_small_printf_m3\inc" -I"C:\nxp\projects\NBrazo_Memoria_4\adc_buzzer\inc" -I"C:\nxp\projects\NBrazo_Memoria_4\Application" -I"C:\nxp\projects\NBrazo_Memoria_4\Application\Lib_FreeRTOS\include" -I"C:\nxp\projects\NBrazo_Memoria_4\Application\Lib_FreeRTOS\portable\GCC\ARM_CM3" -I"C:\nxp\projects\NBrazo_Memoria_4\Application\Bitmaps" -I"C:\nxp\projects\NBrazo_Memoria_4\LIB_GLCDgui\inc" -I"C:\nxp\projects\NBrazo_Memoria_4\LIB_GLCDPrimitives\inc" -I"C:\nxp\projects\NBrazo_Memoria_4\LIB_GLCDPrimitives\fonts" -I"C:\nxp\projects\NBrazo_Memoria_4\Lib_GLCDLowLevel\inc" -I"C:\nxp\projects\NBrazo_Memoria_4\Lib_TouchPanel\inc" -I"C:\nxp\projects\NBrazo_Memoria_4\Lib_MCU\inc" -I"C:\nxp\projects\NBrazo_Memoria_4\Lib_CMSISv1p30_LPC17xx\inc" -O0 -g3 -fsigned-char -c -fmessage-length=0 -fno-builtin -ffunction-sections -mcpu=cortex-m3 -mthumb -D__REDLIB__ -specs=redlib.specs -MMD -MP -MF"freq.d" -MT"freq.d" -o "freq.o" "../freq.c"
Finished building: ../freq.c
 
Building file: ../iap_driver.c
Invoking: MCU C Compiler
arm-none-eabi-gcc -DALIGN_STRUCT_END=__attribute\(\(aligned\(4\)\)\) -DPACK_STRUCT_END=__attribute\(\(packed\)\) -DPACK_STRUCT_END=__attribute\(\(packed\)\) -DDEBUG -D__USE_CMSIS=CMSISv1p30_LPC17xx -D__CODE_RED -D__REDLIB__ -I"C:\nxp\projects\NBrazo_Memoria_4\cr_dsplibFFTbin_cm3" -I"C:\nxp\projects\NBrazo_Memoria_4\cr_dsplib_cm3" -I"C:\nxp\projects\NBrazo_Memoria_4\cr_dsplib_testbench_fft" -I"C:\nxp\projects\NBrazo_Memoria_4\uart\inc" -I"C:\nxp\projects\NBrazo_Memoria_4\CMSISv1p30_LPC17xx" -I"C:\nxp\projects\NBrazo_Memoria_4\lib_small_printf_m3\inc" -I"C:\nxp\projects\NBrazo_Memoria_4\adc_buzzer\inc" -I"C:\nxp\projects\NBrazo_Memoria_4\Application" -I"C:\nxp\projects\NBrazo_Memoria_4\Application\Lib_FreeRTOS\include" -I"C:\nxp\projects\NBrazo_Memoria_4\Application\Lib_FreeRTOS\portable\GCC\ARM_CM3" -I"C:\nxp\projects\NBrazo_Memoria_4\Application\Bitmaps" -I"C:\nxp\projects\NBrazo_Memoria_4\LIB_GLCDgui\inc" -I"C:\nxp\projects\NBrazo_Memoria_4\LIB_GLCDPrimitives\inc" -I"C:\nxp\projects\NBrazo_Memoria_4\LIB_GLCDPrimitives\fonts" -I"C:\nxp\projects\NBrazo_Memoria_4\Lib_GLCDLowLevel\inc" -I"C:\nxp\projects\NBrazo_Memoria_4\Lib_TouchPanel\inc" -I"C:\nxp\projects\NBrazo_Memoria_4\Lib_MCU\inc" -I"C:\nxp\projects\NBrazo_Memoria_4\Lib_CMSISv1p30_LPC17xx\inc" -O0 -g3 -fsigned-char -c -fmessage-length=0 -fno-builtin -ffunction-sections -mcpu=cortex-m3 -mthumb -D__REDLIB__ -specs=redlib.specs -MMD -MP -MF"iap_driver.d" -MT"iap_driver.d" -o "iap_driver.o" "../iap_driver.c"
Finished building: ../iap_driver.c
 
Building file: ../main.c
Invoking: MCU C Compiler
arm-none-eabi-gcc -DALIGN_STRUCT_END=__attribute\(\(aligned\(4\)\)\) -DPACK_STRUCT_END=__attribute\(\(packed\)\) -DPACK_STRUCT_END=__attribute\(\(packed\)\) -DDEBUG -D__USE_CMSIS=CMSISv1p30_LPC17xx -D__CODE_RED -D__REDLIB__ -I"C:\nxp\projects\NBrazo_Memoria_4\cr_dsplibFFTbin_cm3" -I"C:\nxp\projects\NBrazo_Memoria_4\cr_dsplib_cm3" -I"C:\nxp\projects\NBrazo_Memoria_4\cr_dsplib_testbench_fft" -I"C:\nxp\projects\NBrazo_Memoria_4\uart\inc" -I"C:\nxp\projects\NBrazo_Memoria_4\CMSISv1p30_LPC17xx" -I"C:\nxp\projects\NBrazo_Memoria_4\lib_small_printf_m3\inc" -I"C:\nxp\projects\NBrazo_Memoria_4\adc_buzzer\inc" -I"C:\nxp\projects\NBrazo_Memoria_4\Application" -I"C:\nxp\projects\NBrazo_Memoria_4\Application\Lib_FreeRTOS\include" -I"C:\nxp\projects\NBrazo_Memoria_4\Application\Lib_FreeRTOS\portable\GCC\ARM_CM3" -I"C:\nxp\projects\NBrazo_Memoria_4\Application\Bitmaps" -I"C:\nxp\projects\NBrazo_Memoria_4\LIB_GLCDgui\inc" -I"C:\nxp\projects\NBrazo_Memoria_4\LIB_GLCDPrimitives\inc" -I"C:\nxp\projects\NBrazo_Memoria_4\LIB_GLCDPrimitives\fonts" -I"C:\nxp\projects\NBrazo_Memoria_4\Lib_GLCDLowLevel\inc" -I"C:\nxp\projects\NBrazo_Memoria_4\Lib_TouchPanel\inc" -I"C:\nxp\projects\NBrazo_Memoria_4\Lib_MCU\inc" -I"C:\nxp\projects\NBrazo_Memoria_4\Lib_CMSISv1p30_LPC17xx\inc" -O0 -g3 -fsigned-char -c -fmessage-length=0 -fno-builtin -ffunction-sections -mcpu=cortex-m3 -mthumb -D__REDLIB__ -specs=redlib.specs -MMD -MP -MF"main.d" -MT"main.d" -o "main.o" "../main.c"
Finished building: ../main.c
 
Building file: ../rtc.c
Invoking: MCU C Compiler
arm-none-eabi-gcc -DALIGN_STRUCT_END=__attribute\(\(aligned\(4\)\)\) -DPACK_STRUCT_END=__attribute\(\(packed\)\) -DPACK_STRUCT_END=__attribute\(\(packed\)\) -DDEBUG -D__USE_CMSIS=CMSISv1p30_LPC17xx -D__CODE_RED -D__REDLIB__ -I"C:\nxp\projects\NBrazo_Memoria_4\cr_dsplibFFTbin_cm3" -I"C:\nxp\projects\NBrazo_Memoria_4\cr_dsplib_cm3" -I"C:\nxp\projects\NBrazo_Memoria_4\cr_dsplib_testbench_fft" -I"C:\nxp\projects\NBrazo_Memoria_4\uart\inc" -I"C:\nxp\projects\NBrazo_Memoria_4\CMSISv1p30_LPC17xx" -I"C:\nxp\projects\NBrazo_Memoria_4\lib_small_printf_m3\inc" -I"C:\nxp\projects\NBrazo_Memoria_4\adc_buzzer\inc" -I"C:\nxp\projects\NBrazo_Memoria_4\Application" -I"C:\nxp\projects\NBrazo_Memoria_4\Application\Lib_FreeRTOS\include" -I"C:\nxp\projects\NBrazo_Memoria_4\Application\Lib_FreeRTOS\portable\GCC\ARM_CM3" -I"C:\nxp\projects\NBrazo_Memoria_4\Application\Bitmaps" -I"C:\nxp\projects\NBrazo_Memoria_4\LIB_GLCDgui\inc" -I"C:\nxp\projects\NBrazo_Memoria_4\LIB_GLCDPrimitives\inc" -I"C:\nxp\projects\NBrazo_Memoria_4\LIB_GLCDPrimitives\fonts" -I"C:\nxp\projects\NBrazo_Memoria_4\Lib_GLCDLowLevel\inc" -I"C:\nxp\projects\NBrazo_Memoria_4\Lib_TouchPanel\inc" -I"C:\nxp\projects\NBrazo_Memoria_4\Lib_MCU\inc" -I"C:\nxp\projects\NBrazo_Memoria_4\Lib_CMSISv1p30_LPC17xx\inc" -O0 -g3 -fsigned-char -c -fmessage-length=0 -fno-builtin -ffunction-sections -mcpu=cortex-m3 -mthumb -D__REDLIB__ -specs=redlib.specs -MMD -MP -MF"rtc.d" -MT"rtc.d" -o "rtc.o" "../rtc.c"
Finished building: ../rtc.c
 
Building file: ../uart.c
Invoking: MCU C Compiler
arm-none-eabi-gcc -DALIGN_STRUCT_END=__attribute\(\(aligned\(4\)\)\) -DPACK_STRUCT_END=__attribute\(\(packed\)\) -DPACK_STRUCT_END=__attribute\(\(packed\)\) -DDEBUG -D__USE_CMSIS=CMSISv1p30_LPC17xx -D__CODE_RED -D__REDLIB__ -I"C:\nxp\projects\NBrazo_Memoria_4\cr_dsplibFFTbin_cm3" -I"C:\nxp\projects\NBrazo_Memoria_4\cr_dsplib_cm3" -I"C:\nxp\projects\NBrazo_Memoria_4\cr_dsplib_testbench_fft" -I"C:\nxp\projects\NBrazo_Memoria_4\uart\inc" -I"C:\nxp\projects\NBrazo_Memoria_4\CMSISv1p30_LPC17xx" -I"C:\nxp\projects\NBrazo_Memoria_4\lib_small_printf_m3\inc" -I"C:\nxp\projects\NBrazo_Memoria_4\adc_buzzer\inc" -I"C:\nxp\projects\NBrazo_Memoria_4\Application" -I"C:\nxp\projects\NBrazo_Memoria_4\Application\Lib_FreeRTOS\include" -I"C:\nxp\projects\NBrazo_Memoria_4\Application\Lib_FreeRTOS\portable\GCC\ARM_CM3" -I"C:\nxp\projects\NBrazo_Memoria_4\Application\Bitmaps" -I"C:\nxp\projects\NBrazo_Memoria_4\LIB_GLCDgui\inc" -I"C:\nxp\projects\NBrazo_Memoria_4\LIB_GLCDPrimitives\inc" -I"C:\nxp\projects\NBrazo_Memoria_4\LIB_GLCDPrimitives\fonts" -I"C:\nxp\projects\NBrazo_Memoria_4\Lib_GLCDLowLevel\inc" -I"C:\nxp\projects\NBrazo_Memoria_4\Lib_TouchPanel\inc" -I"C:\nxp\projects\NBrazo_Memoria_4\Lib_MCU\inc" -I"C:\nxp\projects\NBrazo_Memoria_4\Lib_CMSISv1p30_LPC17xx\inc" -O0 -g3 -fsigned-char -c -fmessage-length=0 -fno-builtin -ffunction-sections -mcpu=cortex-m3 -mthumb -D__REDLIB__ -specs=redlib.specs -MMD -MP -MF"uart.d" -MT"uart.d" -o "uart.o" "../uart.c"
Finished building: ../uart.c
 
Building target: Application.axf
Invoking: MCU Linker
arm-none-eabi-gcc -nostdlib -L"C:\nxp\projects\NBrazo_Memoria_4\cr_dsplibFFTbin_cm3" -L"C:\nxp\projects\NBrazo_Memoria_4\uart\inc" -L"C:\nxp\projects\NBrazo_Memoria_4\CMSISv1p30_LPC17xx\Debug" -L"C:\nxp\projects\NBrazo_Memoria_4\lib_small_printf_m3\Lib" -L"C:\nxp\projects\NBrazo_Memoria_4\LIB_GLCDgui\Debug" -L"C:\nxp\projects\NBrazo_Memoria_4\LIB_GLCDPrimitives\Debug" -L"C:\nxp\projects\NBrazo_Memoria_4\Lib_GLCDLowLevel\Debug" -L"C:\nxp\projects\NBrazo_Memoria_4\Lib_TouchPanel\Debug" -L"C:\nxp\projects\NBrazo_Memoria_4\Lib_MCU\Debug" -L"C:\nxp\projects\NBrazo_Memoria_4\Lib_CMSISv1p30_LPC17xx\Debug" -Xlinker --gc-sections -Xlinker -Map=Application.map -mcpu=cortex-m3 -mthumb -T "example01_Debug.ld" -o "Application.axf"  ./Lib_FreeRTOS/portable/MemMang/heap_2.o  ./Lib_FreeRTOS/portable/GCC/ARM_CM3/port.o  ./Lib_FreeRTOS/list.o ./Lib_FreeRTOS/queue.o ./Lib_FreeRTOS/tasks.o  ./adc.o ./cr_startup_lpc17.o ./debug.o ./freq.o ./iap_driver.o ./main.o ./rtc.o ./uart.o   -lcr_dsplibFFT_cm3 -lCMSISv1p30_LPC17xx -llib_small_printf_m3 -lLIB_GLCDgui -lLIB_GLCDPrimitives -lLib_GLCDLowLevel -lLib_TouchPanel -lLib_MCU -lCMSISv1p30_LPC17xx
Finished building target: Application.axf
 
make --no-print-directory post-build
Performing post-build steps
arm-none-eabi-size Application.axf; # arm-none-eabi-objcopy -O ihex Application.axf Application.hex ;
   text	   data	    bss	    dec	    hex	filename
  52296	    216	  30248	  82760	  14348	Application.axf
 
