Archive member included because of file (symbol)

C:\nxp\projects\Workspace_NBrazo_V1.2\cr_dsplibFFTbin_cm3\libcr_dsplibFFT_cm3.a(cr_dsplib_fft1024.o)
                              ./Funciones.o (vF_dspl_fftR4b16N1024)
C:\nxp\projects\Workspace_NBrazo_V1.2\CMSISv1p30_LPC17xx\Debug\libCMSISv1p30_LPC17xx.a(system_LPC17xx.o)
                              ./Mef_Menu.o (SystemCoreClock)
C:\nxp\projects\Workspace_NBrazo_V1.2\lib_small_printf_m3\Lib\liblib_small_printf_m3.a(small_printf_nofloat.o)
                              ./debug.o (printf_format_nofloat)
C:\nxp\projects\Workspace_NBrazo_V1.2\lib_small_printf_m3\Lib\liblib_small_printf_m3.a(small_printf_support.o)
                              C:\nxp\projects\Workspace_NBrazo_V1.2\lib_small_printf_m3\Lib\liblib_small_printf_m3.a(small_printf_nofloat.o) (prints)
C:\nxp\projects\Workspace_NBrazo_V1.2\lib_small_printf_m3\Lib\liblib_small_printf_m3.a(small_utils.o)
                              ./debug.o (small_strlen)
C:\nxp\projects\Workspace_NBrazo_V1.2\LIB_GLCDgui\Debug\libLIB_GLCDgui.a(GLCDgui.o)
                              ./Graficos.o (GUI_StartLibrary)
C:\nxp\projects\Workspace_NBrazo_V1.2\LIB_GLCDgui\Debug\libLIB_GLCDgui.a(button.o)
                              ./Graficos.o (GUI_Button_Create)
C:\nxp\projects\Workspace_NBrazo_V1.2\LIB_GLCDgui\Debug\libLIB_GLCDgui.a(list.o)
                              C:\nxp\projects\Workspace_NBrazo_V1.2\LIB_GLCDgui\Debug\libLIB_GLCDgui.a(GLCDgui.o) (List_Init)
C:\nxp\projects\Workspace_NBrazo_V1.2\LIB_GLCDgui\Debug\libLIB_GLCDgui.a(text.o)
                              ./Graficos.o (GUI_Text_Create)
C:\nxp\projects\Workspace_NBrazo_V1.2\LIB_GLCDgui\Debug\libLIB_GLCDgui.a(windows.o)
                              ./Graficos.o (GUI_Window_Create)
C:\nxp\projects\Workspace_NBrazo_V1.2\LIB_GLCDgui\Debug\libLIB_GLCDgui.a(object.o)
                              C:\nxp\projects\Workspace_NBrazo_V1.2\LIB_GLCDgui\Debug\libLIB_GLCDgui.a(windows.o) (GUI_DrawObject)
C:\nxp\projects\Workspace_NBrazo_V1.2\LIB_GLCDgui\Debug\libLIB_GLCDgui.a(picture.o)
                              C:\nxp\projects\Workspace_NBrazo_V1.2\LIB_GLCDgui\Debug\libLIB_GLCDgui.a(object.o) (GUI_Picture_Draw)
C:\nxp\projects\Workspace_NBrazo_V1.2\LIB_GLCDgui\Debug\libLIB_GLCDgui.a(textSlider.o)
                              C:\nxp\projects\Workspace_NBrazo_V1.2\LIB_GLCDgui\Debug\libLIB_GLCDgui.a(object.o) (GUI_TextSlider_Draw)
C:\nxp\projects\Workspace_NBrazo_V1.2\LIB_GLCDPrimitives\Debug\libLIB_GLCDPrimitives.a(GLCDFonts.o)
                              C:\nxp\projects\Workspace_NBrazo_V1.2\LIB_GLCDgui\Debug\libLIB_GLCDgui.a(button.o) (GLCD_SelectFont)
C:\nxp\projects\Workspace_NBrazo_V1.2\LIB_GLCDPrimitives\Debug\libLIB_GLCDPrimitives.a(GLCDPrimitives.o)
                              C:\nxp\projects\Workspace_NBrazo_V1.2\LIB_GLCDgui\Debug\libLIB_GLCDgui.a(GLCDgui.o) (GLCDPrimitives_ClearScreen)
C:\nxp\projects\Workspace_NBrazo_V1.2\Lib_GLCDLowLevel\Debug\libLib_GLCDLowLevel.a(GLCDLowLevel.o)
                              C:\nxp\projects\Workspace_NBrazo_V1.2\LIB_GLCDgui\Debug\libLIB_GLCDgui.a(GLCDgui.o) (GLCDLowLevel_Init)
C:\nxp\projects\Workspace_NBrazo_V1.2\Lib_GLCDLowLevel\Debug\libLib_GLCDLowLevel.a(MicroInterface.o)
                              C:\nxp\projects\Workspace_NBrazo_V1.2\Lib_GLCDLowLevel\Debug\libLib_GLCDLowLevel.a(GLCDLowLevel.o) (MicroInterface_Init)
C:\nxp\projects\Workspace_NBrazo_V1.2\Lib_MCU\Debug\libLib_MCU.a(lpc17xx_gpio.o)
                              C:\nxp\projects\Workspace_NBrazo_V1.2\Lib_GLCDLowLevel\Debug\libLib_GLCDLowLevel.a(MicroInterface.o) (FIO_SetDir)
c:/nxp/lpcxpresso_7.0.2_102/lpcxpresso/tools/bin/../lib/gcc/arm-none-eabi/4.8.3/../../../../arm-none-eabi/lib/armv7-m\libcr_semihost.a(__sys_write.o)
                              ./debug.o (__write)
c:/nxp/lpcxpresso_7.0.2_102/lpcxpresso/tools/bin/../lib/gcc/arm-none-eabi/4.8.3/../../../../arm-none-eabi/lib/armv7-m\libcr_semihost.a(_cr__main.o)
                              ./cr_startup_lpc17.o (__main)
c:/nxp/lpcxpresso_7.0.2_102/lpcxpresso/tools/bin/../lib/gcc/arm-none-eabi/4.8.3/../../../../arm-none-eabi/lib/armv7-m\libcr_c.a(memcpy.o)
                              ./Lib_FreeRTOS/queue.o (memcpy)
c:/nxp/lpcxpresso_7.0.2_102/lpcxpresso/tools/bin/../lib/gcc/arm-none-eabi/4.8.3/../../../../arm-none-eabi/lib/armv7-m\libcr_c.a(memset.o)
                              ./Lib_FreeRTOS/tasks.o (memset)
c:/nxp/lpcxpresso_7.0.2_102/lpcxpresso/tools/bin/../lib/gcc/arm-none-eabi/4.8.3/../../../../arm-none-eabi/lib/armv7-m\libcr_c.a(floor.o)
                              ./Funciones.o (floor)
c:/nxp/lpcxpresso_7.0.2_102/lpcxpresso/tools/bin/../lib/gcc/arm-none-eabi/4.8.3/../../../../arm-none-eabi/lib/armv7-m\libcr_c.a(fpprintf.o)
                              ./Lib_FreeRTOS/tasks.o (sprintf)
c:/nxp/lpcxpresso_7.0.2_102/lpcxpresso/tools/bin/../lib/gcc/arm-none-eabi/4.8.3/../../../../arm-none-eabi/lib/armv7-m\libcr_c.a(initio.o)
[...]
Memory Configuration

Name             Origin             Length             Attributes
MFlash512        0x00000000         0x00080000         xr
RamLoc32         0x10000000         0x00008000         xrw
RamAHB32         0x2007c000         0x00008000         xrw
*default*        0x00000000         0xffffffff

Linker script and memory map

LOAD ./Lib_FreeRTOS/portable/MemMang/heap_2.o
LOAD ./Lib_FreeRTOS/portable/GCC/ARM_CM3/port.o
LOAD ./Lib_FreeRTOS/list.o
LOAD ./Lib_FreeRTOS/queue.o
LOAD ./Lib_FreeRTOS/tasks.o
LOAD ./Funciones.o
LOAD ./Graficos.o
LOAD ./Mef_Menu.o
LOAD ./adc.o
LOAD ./cr_startup_lpc17.o
LOAD ./debug.o
LOAD ./freq.o
LOAD ./iap_driver.o
LOAD ./main.o
LOAD ./rtc.o
LOAD ./uart.o
LOAD C:\nxp\projects\Workspace_NBrazo_V1.2\cr_dsplibFFTbin_cm3\libcr_dsplibFFT_cm3.a
LOAD C:\nxp\projects\Workspace_NBrazo_V1.2\CMSISv1p30_LPC17xx\Debug\libCMSISv1p30_LPC17xx.a
LOAD C:\nxp\projects\Workspace_NBrazo_V1.2\lib_small_printf_m3\Lib\liblib_small_printf_m3.a
LOAD C:\nxp\projects\Workspace_NBrazo_V1.2\LIB_GLCDgui\Debug\libLIB_GLCDgui.a
LOAD C:\nxp\projects\Workspace_NBrazo_V1.2\LIB_GLCDPrimitives\Debug\libLIB_GLCDPrimitives.a
LOAD C:\nxp\projects\Workspace_NBrazo_V1.2\Lib_GLCDLowLevel\Debug\libLib_GLCDLowLevel.a
LOAD C:\nxp\projects\Workspace_NBrazo_V1.2\Lib_TouchPanel\Debug\libLib_TouchPanel.a
LOAD C:\nxp\projects\Workspace_NBrazo_V1.2\Lib_MCU\Debug\libLib_MCU.a
LOAD C:\nxp\projects\Workspace_NBrazo_V1.2\CMSISv1p30_LPC17xx\Debug\libCMSISv1p30_LPC17xx.a
START GROUP
LOAD c:/nxp/lpcxpresso_7.0.2_102/lpcxpresso/tools/bin/../lib/gcc/arm-none-eabi/4.8.3/../../../../arm-none-eabi/lib/armv7-m\libcr_semihost.a
LOAD c:/nxp/lpcxpresso_7.0.2_102/lpcxpresso/tools/bin/../lib/gcc/arm-none-eabi/4.8.3/../../../../arm-none-eabi/lib/armv7-m\libcr_c.a
LOAD c:/nxp/lpcxpresso_7.0.2_102/lpcxpresso/tools/bin/../lib/gcc/arm-none-eabi/4.8.3/armv7-m\libcr_eabihelpers.a
END GROUP
                0x00080000                __top_MFlash512 = 0x80000
                0x10008000                __top_RamLoc32 = 0x10008000
                0x20084000                __top_RamAHB32 = 0x20084000

.text           0x00000000     0xd990
 FILL mask 0xff
                0x00000000                __vectors_start__ = ABSOLUTE (.)
 *(.isr_vector)
 .isr_vector    0x00000000       0xcc ./cr_startup_lpc17.o
                0x00000000                g_pfnVectors
                0x000000cc                . = ALIGN (0x4)
                0x000000cc                __section_table_start = .
                0x000000cc                __data_section_table = .
                0x000000cc        0x4 LONG 0xd990 LOADADDR (.data)
                0x000000d0        0x4 LONG 0x10000000 ADDR (.data)
                0x000000d4        0x4 LONG 0xd8 SIZEOF (.data)
                0x000000d8        0x4 LONG 0xd990 LOADADDR (.data_RAM2)
                0x000000dc        0x4 LONG 0x2007c000 ADDR (.data_RAM2)
                0x000000e0        0x4 LONG 0x0 SIZEOF (.data_RAM2)
                0x000000e4                __data_section_table_end = .
                0x000000e4                __bss_section_table = .
                0x000000e4        0x4 LONG 0x100000d8 ADDR (.bss)
                0x000000e8        0x4 LONG 0x7d88 SIZEOF (.bss)
                0x000000ec        0x4 LONG 0x2007c000 ADDR (.bss_RAM2)
                0x000000f0        0x4 LONG 0x0 SIZEOF (.bss_RAM2)
                0x000000f4                __bss_section_table_end = .
                0x000000f4                __section_table_end = .
 *(.after_vectors*)
 .after_vectors
                0x000000f4      0x144 ./cr_startup_lpc17.o
                0x000000f4                data_init
                0x00000138                bss_init
                0x00000170                ResetISR
                0x000001e8                NMI_Handler
                0x000001f0                HardFault_Handler
                0x000001f8                MemManage_Handler
                0x00000200                BusFault_Handler
                0x00000208                UsageFault_Handler
                0x00000210                SVC_Handler
                0x00000218                DebugMon_Handler
                0x00000220                PendSV_Handler
                0x00000230                CANActivity_IRQHandler
                0x00000230                TIMER3_IRQHandler
                0x00000230                USBActivity_IRQHandler
                0x00000230                EINT2_IRQHandler
                0x00000230                IntDefaultHandler
                0x00000230                PLL0_IRQHandler
                0x00000230                CAN_IRQHandler
                0x00000230                PLL1_IRQHandler
                0x00000230                I2C0_IRQHandler
                0x00000230                I2S_IRQHandler
                0x00000230                I2C1_IRQHandler
                0x00000230                TIMER0_IRQHandler
                0x00000230                SPI_IRQHandler
                0x00000230                RIT_IRQHandler
                0x00000230                EINT1_IRQHandler
                0x00000230                TIMER1_IRQHandler
                0x00000230                UART2_IRQHandler
                0x00000230                ADC_IRQHandler
                0x00000230                SSP1_IRQHandler
                0x00000230                USB_IRQHandler
                0x00000230                BOD_IRQHandler
                0x00000230                PWM1_IRQHandler
                0x00000230                WDT_IRQHandler
                0x00000230                I2C2_IRQHandler
                0x00000230                QEI_IRQHandler
                0x00000230                EINT0_IRQHandler
                0x00000230                SSP0_IRQHandler
                0x00000230                DMA_IRQHandler
                0x00000230                TIMER2_IRQHandler
                0x00000230                MCPWM_IRQHandler
                0x00000230                ENET_IRQHandler
 *(.text*)
 .text.pvPortMalloc
                0x00000238      0x144 ./Lib_FreeRTOS/portable/MemMang/heap_2.o
                0x00000238                pvPortMalloc
 .text.vPortFree
                0x0000037c       0x70 ./Lib_FreeRTOS/portable/MemMang/heap_2.o
                0x0000037c                vPortFree
 .text.vPortYieldFromISR
                0x000003ec       0x18 ./Lib_FreeRTOS/portable/GCC/ARM_CM3/port.o
                0x000003ec                vPortYieldFromISR
 .text.vPortEnterCritical
                0x00000404       0x24 ./Lib_FreeRTOS/portable/GCC/ARM_CM3/port.o
                0x00000404                vPortEnterCritical
 .text.vPortExitCritical
                0x00000428       0x2c ./Lib_FreeRTOS/portable/GCC/ARM_CM3/port.o
                0x00000428                vPortExitCritical
 .text.vListInsertEnd
                0x00000454       0x50 ./Lib_FreeRTOS/list.o
                0x00000454                vListInsertEnd
 .text.vListRemove
                0x000004a4       0x50 ./Lib_FreeRTOS/list.o
                0x000004a4                vListRemove
 .text.xQueueGenericSendFromISR
                0x000004f4       0x80 ./Lib_FreeRTOS/queue.o
                0x000004f4                xQueueGenericSendFromISR
 .text.prvCopyDataToQueue
                0x00000574       0xb8 ./Lib_FreeRTOS/queue.o
 .text.vTaskSuspendAll
                0x0000062c       0x1c ./Lib_FreeRTOS/tasks.o
                0x0000062c                vTaskSuspendAll
 .text.xTaskResumeAll
                0x00000648       0xf4 ./Lib_FreeRTOS/tasks.o
                0x00000648                xTaskResumeAll
 .text.vTaskIncrementTick
                0x0000073c      0x12c ./Lib_FreeRTOS/tasks.o
                0x0000073c                vTaskIncrementTick
 .text.xTaskRemoveFromEventList
                0x00000868       0xa0 ./Lib_FreeRTOS/tasks.o
                0x00000868                xTaskRemoveFromEventList
 .text.vTaskPriorityDisinherit
                0x00000908       0x7c ./Lib_FreeRTOS/tasks.o
                0x00000908                vTaskPriorityDisinherit
 .text.NVIC_EnableIRQ
                0x00000984       0x30 ./Funciones.o
 .text.NVIC_DisableIRQ
                0x000009b4       0x34 ./Funciones.o
 .text.Getter_Variables_uint16
                0x000009e8       0x70 ./Funciones.o
                0x000009e8                Getter_Variables_uint16
 .text.Getter_Array_char
                0x00000a58       0x3c ./Funciones.o
                0x00000a58                Getter_Array_char
 .text.PresentaResultados
                0x00000a94      0x1c4 ./Funciones.o
                0x00000a94                PresentaResultados
 .text.PresentaGrafico
                0x00000c58      0x10c ./Funciones.o
                0x00000c58                PresentaGrafico
 .text.Teclado  0x00000d64       0x40 ./Funciones.o
                0x00000d64                Teclado
 .text.IniciarPromedio
                0x00000da4       0x5c ./Funciones.o
                0x00000da4                IniciarPromedio
 .text.IniciarVariables
                0x00000e00       0xbc ./Funciones.o
                0x00000e00                IniciarVariables
 .text.EsperaTecla
                0x00000ebc       0x28 ./Funciones.o
                0x00000ebc                EsperaTecla
 .text.GLCD_Bmp
                0x00000ee4       0xac ./Funciones.o
                0x00000ee4                GLCD_Bmp
 .text.itoa     0x00000f90       0xb4 ./Funciones.o
                0x00000f90                itoa
 .text.MandarVector
                0x00001044      0x1b0 ./Funciones.o
                0x00001044                MandarVector
 .text.LeeFechaHora
                0x000011f4      0x11c ./Funciones.o
                0x000011f4                LeeFechaHora
 .text.MandarVector2
                0x00001310      0x234 ./Funciones.o
                0x00001310                MandarVector2
 .text.LevantaMedicion
                0x00001544      0x124 ./Funciones.o
                0x00001544                LevantaMedicion
 .text.CalculoRMS
                0x00001668      0x448 ./Funciones.o
                0x00001668                CalculoRMS
 .text.AnalisisFrec
                0x00001ab0      0x268 ./Funciones.o
                0x00001ab0                AnalisisFrec
 .text.CalculaDecibeles
                0x00001d18      0x130 ./Funciones.o
                0x00001d18                CalculaDecibeles
 .text.LargaMedicion
                0x00001e48      0x370 ./Funciones.o
                0x00001e48                LargaMedicion
 .text.CompactaTemp
                0x000021b8      0x170 ./Funciones.o
                0x000021b8                CompactaTemp
 .text.Grabacion
                0x00002328       0x30 ./Funciones.o
                0x00002328                Grabacion
 .text.BorraYGraba
                0x00002358       0x54 ./Funciones.o
                0x00002358                BorraYGraba
 .text.LeeMemoria
                0x000023ac       0x10 ./Funciones.o
                0x000023ac                LeeMemoria
 .text.BorraMemoria
                0x000023bc       0x8c ./Funciones.o
                0x000023bc                BorraMemoria
 .text.Concatena
                0x00002448       0x48 ./Funciones.o
                0x00002448                Concatena
 .text.EnviaInfo
                0x00002490       0x54 ./Funciones.o
                0x00002490                EnviaInfo
 .text.DesculaFH
                0x000024e4      0x1cc ./Funciones.o
                0x000024e4                DesculaFH
 .text.RecibeFechaHora
                0x000026b0       0x38 ./Funciones.o
                0x000026b0                RecibeFechaHora
 .text.ConstruyeFH
                0x000026e8      0x1d8 ./Funciones.o
                0x000026e8                ConstruyeFH
 .text.Tiempito
                0x000028c0       0x44 ./Funciones.o
                0x000028c0                Tiempito
 .text.PoneFechaHora
                0x00002904       0x20 ./Funciones.o
                0x00002904                PoneFechaHora
 .text.Inicializar_pines
                0x00002924       0xec ./Funciones.o
                0x00002924                Inicializar_pines
 .text.Apaga_Salida_Seisg
                0x00002a10       0x18 ./Funciones.o
                0x00002a10                Apaga_Salida_Seisg
 .text.Apaga_Salida_Unopcincog
                0x00002a28       0x18 ./Funciones.o
                0x00002a28                Apaga_Salida_Unopcincog
 .text.MiraUART1
                0x00002a40      0x17c ./Funciones.o
                0x00002a40                MiraUART1
 .text.Iniciar_sistema
                0x00002bbc       0x34 ./Funciones.o
                0x00002bbc                Iniciar_sistema
 .text.vTest_PerformFFT
                0x00002bf0       0x20 ./Funciones.o
 .text.EINT3_IRQHandler
                0x00002c10       0x40 ./Funciones.o
                0x00002c10                EINT3_IRQHandler
 .text.GUI_init
                0x00002c50       0x20 ./Graficos.o
                0x00002c50                GUI_init
 .text.StartGUI
                0x00002c70       0x20 ./Graficos.o
                0x00002c70                StartGUI
 .text.Posicion_Flecha
                0x00002c90       0x50 ./Graficos.o
                0x00002c90                Posicion_Flecha
 .text.CreateGUI
                0x00002ce0      0x8a0 ./Graficos.o
                0x00002ce0                CreateGUI
 .text.wndHome_btnSettings_OnClik
                0x00003580       0x18 ./Graficos.o
                0x00003580                wndHome_btnSettings_OnClik
 .text.NVIC_SetPriority
                0x00003598       0x54 ./Mef_Menu.o
 .text.SysTick_Config
                0x000035ec       0x44 ./Mef_Menu.o
 .text.Incializar_variables_locales
                0x00003630       0x60 ./Mef_Menu.o
                0x00003630                Incializar_variables_locales
 .text.Rutina_Medicion
                0x00003690      0x1ec ./Mef_Menu.o
                0x00003690                Rutina_Medicion
 .text.Medir    0x0000387c      0x12c ./Mef_Menu.o
                0x0000387c                Medir
 .text.Rutina_Remoto
                0x000039a8       0x7c ./Mef_Menu.o
                0x000039a8                Rutina_Remoto
 .text.Rutina_Presenta_Anterior
                0x00003a24      0x1d8 ./Mef_Menu.o
                0x00003a24                Rutina_Presenta_Anterior
 .text.PresentaTMedicion
                0x00003bfc      0x140 ./Mef_Menu.o
                0x00003bfc                PresentaTMedicion
 .text.Presenta_Anterior
                0x00003d3c      0x1c4 ./Mef_Menu.o
                0x00003d3c                Presenta_Anterior
 .text.Rutina_Borrar_Memoria
                0x00003f00       0xa8 ./Mef_Menu.o
                0x00003f00                Rutina_Borrar_Memoria
 .text.Rutina_Principal
                0x00003fa8      0x11c ./Mef_Menu.o
                0x00003fa8                Rutina_Principal
 .text.Seleccion_Menus
                0x000040c4      0x104 ./Mef_Menu.o
                0x000040c4                Seleccion_Menus
 .text.Rutina_Salir
                0x000041c8       0x4c ./Mef_Menu.o
                0x000041c8                Rutina_Salir
 .text.SysTick_Handler
                0x00004214       0x2c ./Mef_Menu.o
                0x00004214                SysTick_Handler
 .text.Mef_Init
                0x00004240       0x70 ./Mef_Menu.o
                0x00004240                Mef_Init
 .text.ActualizarMef
                0x000042b0       0x98 ./Mef_Menu.o
                0x000042b0                ActualizarMef
 .text.ADCInit  0x00004348       0xc0 ./adc.o
                0x00004348                ADCInit
 .text.ADC0Read
                0x00004408       0x8c ./adc.o
                0x00004408                ADC0Read
 .text.iap_erase_sector
                0x00004494       0x4c ./iap_driver.o
                0x00004494                iap_erase_sector
 .text.iap_prepare_sector
                0x000044e0       0x34 ./iap_driver.o
                0x000044e0                iap_prepare_sector
 .text.iap_copy_ram_to_flash
                0x00004514       0x50 ./iap_driver.o
                0x00004514                iap_copy_ram_to_flash
 .text.main     0x00004564       0x34 ./main.o
                0x00004564                main
 .text.RTC_IRQHandler
                0x00004598       0x2c ./rtc.o
                0x00004598                RTC_IRQHandler
 .text.RTCInit  0x000045c4       0x68 ./rtc.o
                0x000045c4                RTCInit
 .text.RTCStart
                0x0000462c       0x28 ./rtc.o
                0x0000462c                RTCStart
 .text.RTCSetTime
                0x00004654       0x6c ./rtc.o
                0x00004654                RTCSetTime
 .text.RTCGetTime
                0x000046c0       0x78 ./rtc.o
                0x000046c0                RTCGetTime
 .text.NVIC_EnableIRQ
                0x00004738       0x30 ./uart.o
 .text.UART0_IRQHandler
                0x00004768       0xf4 ./uart.o
                0x00004768                UART0_IRQHandler
 .text.UART1_IRQHandler
                0x0000485c       0xf4 ./uart.o
                0x0000485c                UART1_IRQHandler
 .text.UART3_IRQHandler
                0x00004950       0xf4 ./uart.o
                0x00004950                UART3_IRQHandler
 .text.UARTInit
                0x00004a44      0x220 ./uart.o
                0x00004a44                UARTInit
 .text.UARTSend
                0x00004c64       0xdc ./uart.o
                0x00004c64                UARTSend
 .text          0x00004d40     0x11dc C:\nxp\projects\Workspace_NBrazo_V1.2\cr_dsplibFFTbin_cm3\libcr_dsplibFFT_cm3.a(cr_dsplib_fft1024.o)
                0x00004d40                vF_dspl_fftR4b16N1024
 .text.SystemCoreClockUpdate
                0x00005f1c      0x218 C:\nxp\projects\Workspace_NBrazo_V1.2\CMSISv1p30_LPC17xx\Debug\libCMSISv1p30_LPC17xx.a(system_LPC17xx.o)
                0x00005f1c                SystemCoreClockUpdate
 .text.SystemInit
                0x00006134      0x22c C:\nxp\projects\Workspace_NBrazo_V1.2\CMSISv1p30_LPC17xx\Debug\libCMSISv1p30_LPC17xx.a(system_LPC17xx.o)
                0x00006134                SystemInit
 .text.GUI_StartLibrary
                0x00006360       0x28 C:\nxp\projects\Workspace_NBrazo_V1.2\LIB_GLCDgui\Debug\libLIB_GLCDgui.a(GLCDgui.o)
                0x00006360                GUI_StartLibrary
 .text.GUI_DefineHeapMalloc
                0x00006388       0x20 C:\nxp\projects\Workspace_NBrazo_V1.2\LIB_GLCDgui\Debug\libLIB_GLCDgui.a(GLCDgui.o)
                0x00006388                GUI_DefineHeapMalloc
 .text.GUI_DefineHeapFree
                0x000063a8       0x20 C:\nxp\projects\Workspace_NBrazo_V1.2\LIB_GLCDgui\Debug\libLIB_GLCDgui.a(GLCDgui.o)
                0x000063a8                GUI_DefineHeapFree
 .text.GUI_Malloc
                0x000063c8       0x24 C:\nxp\projects\Workspace_NBrazo_V1.2\LIB_GLCDgui\Debug\libLIB_GLCDgui.a(GLCDgui.o)
                0x000063c8                GUI_Malloc
 .text.GUI_Button_Create
                0x000063ec      0x104 C:\nxp\projects\Workspace_NBrazo_V1.2\LIB_GLCDgui\Debug\libLIB_GLCDgui.a(button.o)
                0x000063ec                GUI_Button_Create
 .text.GUI_Button_Draw
                0x000064f0       0xc4 C:\nxp\projects\Workspace_NBrazo_V1.2\LIB_GLCDgui\Debug\libLIB_GLCDgui.a(button.o)
                0x000064f0                GUI_Button_Draw
 .text.List_Init
                0x000065b4       0x2c C:\nxp\projects\Workspace_NBrazo_V1.2\LIB_GLCDgui\Debug\libLIB_GLCDgui.a(list.o)
                0x000065b4                List_Init
 .text.List_AddNode
                0x000065e0       0x74 C:\nxp\projects\Workspace_NBrazo_V1.2\LIB_GLCDgui\Debug\libLIB_GLCDgui.a(list.o)
                0x000065e0                List_AddNode
 .text.List_SearchNode
                0x00006654       0x40 C:\nxp\projects\Workspace_NBrazo_V1.2\LIB_GLCDgui\Debug\libLIB_GLCDgui.a(list.o)
                0x00006654                List_SearchNode
 .text.GUI_Text_Create
                0x00006694       0xec C:\nxp\projects\Workspace_NBrazo_V1.2\LIB_GLCDgui\Debug\libLIB_GLCDgui.a(text.o)
                0x00006694                GUI_Text_Create
 .text.GUI_Text_Draw
                0x00006780       0x40 C:\nxp\projects\Workspace_NBrazo_V1.2\LIB_GLCDgui\Debug\libLIB_GLCDgui.a(text.o)
                0x00006780                GUI_Text_Draw
 .text.GUI_Text_Draw_In_Dimmer
                0x000067c0      0x110 C:\nxp\projects\Workspace_NBrazo_V1.2\LIB_GLCDgui\Debug\libLIB_GLCDgui.a(text.o)
                0x000067c0                GUI_Text_Draw_In_Dimmer
 .text.GUI_Text_Draw_In_Menu
                0x000068d0      0x12c C:\nxp\projects\Workspace_NBrazo_V1.2\LIB_GLCDgui\Debug\libLIB_GLCDgui.a(text.o)
                0x000068d0                GUI_Text_Draw_In_Menu
 .text.GUI_Text_Draw_In_Credits
                0x000069fc      0x144 C:\nxp\projects\Workspace_NBrazo_V1.2\LIB_GLCDgui\Debug\libLIB_GLCDgui.a(text.o)
                0x000069fc                GUI_Text_Draw_In_Credits
 .text.GUI_Text_Draw_In_Credit4
                0x00006b40      0x144 C:\nxp\projects\Workspace_NBrazo_V1.2\LIB_GLCDgui\Debug\libLIB_GLCDgui.a(text.o)
                0x00006b40                GUI_Text_Draw_In_Credit4
 .text.GUI_Text_Draw_In_Credits5
                0x00006c84      0x144 C:\nxp\projects\Workspace_NBrazo_V1.2\LIB_GLCDgui\Debug\libLIB_GLCDgui.a(text.o)
                0x00006c84                GUI_Text_Draw_In_Credits5
 .text.GUI_Text_Draw_In_GrafRes
                0x00006dc8      0x204 C:\nxp\projects\Workspace_NBrazo_V1.2\LIB_GLCDgui\Debug\libLIB_GLCDgui.a(text.o)
                0x00006dc8                GUI_Text_Draw_In_GrafRes
 .text.GUI_Window_Create
                0x00006fcc       0xb4 C:\nxp\projects\Workspace_NBrazo_V1.2\LIB_GLCDgui\Debug\libLIB_GLCDgui.a(windows.o)
                0x00006fcc                GUI_Window_Create
 .text.GUI_Window_Draw
                0x00007080      0x1bc C:\nxp\projects\Workspace_NBrazo_V1.2\LIB_GLCDgui\Debug\libLIB_GLCDgui.a(windows.o)
                0x00007080                GUI_Window_Draw
 .text.GUI_DrawObject
                0x0000723c       0x64 C:\nxp\projects\Workspace_NBrazo_V1.2\LIB_GLCDgui\Debug\libLIB_GLCDgui.a(object.o)
                0x0000723c                GUI_DrawObject
 .text.GUI_Picture_Draw
                0x000072a0       0x9c C:\nxp\projects\Workspace_NBrazo_V1.2\LIB_GLCDgui\Debug\libLIB_GLCDgui.a(picture.o)
                0x000072a0                GUI_Picture_Draw
 .text.GUI_TextSlider_Draw
                0x0000733c       0xd0 C:\nxp\projects\Workspace_NBrazo_V1.2\LIB_GLCDgui\Debug\libLIB_GLCDgui.a(textSlider.o)
                0x0000733c                GUI_TextSlider_Draw
 .text.FontRead
                0x0000740c       0x18 C:\nxp\projects\Workspace_NBrazo_V1.2\LIB_GLCDPrimitives\Debug\libLIB_GLCDPrimitives.a(GLCDFonts.o)
                0x0000740c                FontRead
 .text.GLCD_SelectFont
                0x00007424       0x30 C:\nxp\projects\Workspace_NBrazo_V1.2\LIB_GLCDPrimitives\Debug\libLIB_GLCDPrimitives.a(GLCDFonts.o)
                0x00007424                GLCD_SelectFont
 .text.GLCD_FreePuts
                0x00007454       0x90 C:\nxp\projects\Workspace_NBrazo_V1.2\LIB_GLCDPrimitives\Debug\libLIB_GLCDPrimitives.a(GLCDFonts.o)
                0x00007454                GLCD_FreePuts
 .text.GLCD_FreePutChar
                0x000074e4      0x5a0 C:\nxp\projects\Workspace_NBrazo_V1.2\LIB_GLCDPrimitives\Debug\libLIB_GLCDPrimitives.a(GLCDFonts.o)
                0x000074e4                GLCD_FreePutChar
 .text.GLCD_CursorFreeTo
                0x00007a84       0x30 C:\nxp\projects\Workspace_NBrazo_V1.2\LIB_GLCDPrimitives\Debug\libLIB_GLCDPrimitives.a(GLCDFonts.o)
                0x00007a84                GLCD_CursorFreeTo
 .text.SetPage  0x00007ab4       0x48 C:\nxp\projects\Workspace_NBrazo_V1.2\LIB_GLCDPrimitives\Debug\libLIB_GLCDPrimitives.a(GLCDPrimitives.o)
                0x00007ab4                SetPage
 .text.GLCDPrimitives_ClearScreen
                0x00007afc       0x68 C:\nxp\projects\Workspace_NBrazo_V1.2\LIB_GLCDPrimitives\Debug\libLIB_GLCDPrimitives.a(GLCDPrimitives.o)
                0x00007afc                GLCDPrimitives_ClearScreen
 .text.GLCDPrimitives_DrawBitmap
                0x00007b64       0xc8 C:\nxp\projects\Workspace_NBrazo_V1.2\LIB_GLCDPrimitives\Debug\libLIB_GLCDPrimitives.a(GLCDPrimitives.o)
                0x00007b64                GLCDPrimitives_DrawBitmap
 .text.GLCDPrimitives_DrawLine
                0x00007c2c      0x358 C:\nxp\projects\Workspace_NBrazo_V1.2\LIB_GLCDPrimitives\Debug\libLIB_GLCDPrimitives.a(GLCDPrimitives.o)
                0x00007c2c                GLCDPrimitives_DrawLine
 .text.GLCDPrimitives_FillRect
                0x00007f84      0x274 C:\nxp\projects\Workspace_NBrazo_V1.2\LIB_GLCDPrimitives\Debug\libLIB_GLCDPrimitives.a(GLCDPrimitives.o)
                0x00007f84                GLCDPrimitives_FillRect
 .text.SendData
                0x000081f8      0x10c C:\nxp\projects\Workspace_NBrazo_V1.2\Lib_GLCDLowLevel\Debug\libLib_GLCDLowLevel.a(GLCDLowLevel.o)
 .text.GLCDLowLevel_Init
                0x00008304       0xe0 C:\nxp\projects\Workspace_NBrazo_V1.2\Lib_GLCDLowLevel\Debug\libLib_GLCDLowLevel.a(GLCDLowLevel.o)
                0x00008304                GLCDLowLevel_Init
 .text.GLCDLowLevel_SwapBuffer
                0x000083e4       0xd4 C:\nxp\projects\Workspace_NBrazo_V1.2\Lib_GLCDLowLevel\Debug\libLib_GLCDLowLevel.a(GLCDLowLevel.o)
                0x000083e4                GLCDLowLevel_SwapBuffer
 .text.MicroInterface_Init
                0x000084b8       0x7c C:\nxp\projects\Workspace_NBrazo_V1.2\Lib_GLCDLowLevel\Debug\libLib_GLCDLowLevel.a(MicroInterface.o)
                0x000084b8                MicroInterface_Init
 .text.MicroInterface_Bit_WriteLow
                0x00008534       0x2c C:\nxp\projects\Workspace_NBrazo_V1.2\Lib_GLCDLowLevel\Debug\libLib_GLCDLowLevel.a(MicroInterface.o)
                0x00008534                MicroInterface_Bit_WriteLow
 .text.MicroInterface_Bit_WriteHigh
                0x00008560       0x2c C:\nxp\projects\Workspace_NBrazo_V1.2\Lib_GLCDLowLevel\Debug\libLib_GLCDLowLevel.a(MicroInterface.o)
                0x00008560                MicroInterface_Bit_WriteHigh
 .text.MicroInterface_Byte_WriteData
                0x0000858c       0x5c C:\nxp\projects\Workspace_NBrazo_V1.2\Lib_GLCDLowLevel\Debug\libLib_GLCDLowLevel.a(MicroInterface.o)
                0x0000858c                MicroInterface_Byte_WriteData
 .text.GPIO_GetPointer
                0x000085e8       0x7c C:\nxp\projects\Workspace_NBrazo_V1.2\Lib_MCU\Debug\libLib_MCU.a(lpc17xx_gpio.o)
 .text.FIO_ByteGetPointer
                0x00008664       0x7c C:\nxp\projects\Workspace_NBrazo_V1.2\Lib_MCU\Debug\libLib_MCU.a(lpc17xx_gpio.o)
 .text.GPIO_SetDir
                0x000086e0       0x54 C:\nxp\projects\Workspace_NBrazo_V1.2\Lib_MCU\Debug\libLib_MCU.a(lpc17xx_gpio.o)
                0x000086e0                GPIO_SetDir
 .text.GPIO_SetValue
                0x00008734       0x2c C:\nxp\projects\Workspace_NBrazo_V1.2\Lib_MCU\Debug\libLib_MCU.a(lpc17xx_gpio.o)
                0x00008734                GPIO_SetValue
 .text.GPIO_ClearValue
                0x00008760       0x2c C:\nxp\projects\Workspace_NBrazo_V1.2\Lib_MCU\Debug\libLib_MCU.a(lpc17xx_gpio.o)
                0x00008760                GPIO_ClearValue
 .text.FIO_SetDir
                0x0000878c       0x28 C:\nxp\projects\Workspace_NBrazo_V1.2\Lib_MCU\Debug\libLib_MCU.a(lpc17xx_gpio.o)
                0x0000878c                FIO_SetDir
 .text.FIO_SetValue
                0x000087b4       0x20 C:\nxp\projects\Workspace_NBrazo_V1.2\Lib_MCU\Debug\libLib_MCU.a(lpc17xx_gpio.o)
                0x000087b4                FIO_SetValue
 .text.FIO_ClearValue
                0x000087d4       0x20 C:\nxp\projects\Workspace_NBrazo_V1.2\Lib_MCU\Debug\libLib_MCU.a(lpc17xx_gpio.o)
                0x000087d4                FIO_ClearValue
 .text.FIO_ByteSetDir
                0x000087f4       0x70 C:\nxp\projects\Workspace_NBrazo_V1.2\Lib_MCU\Debug\libLib_MCU.a(lpc17xx_gpio.o)
                0x000087f4                FIO_ByteSetDir
 .text.FIO_ByteSetValue
                0x00008864       0x3c C:\nxp\projects\Workspace_NBrazo_V1.2\Lib_MCU\Debug\libLib_MCU.a(lpc17xx_gpio.o)
                0x00008864                FIO_ByteSetValue
 .text.FIO_ByteClearValue
                0x000088a0       0x3c C:\nxp\projects\Workspace_NBrazo_V1.2\Lib_MCU\Debug\libLib_MCU.a(lpc17xx_gpio.o)
                0x000088a0                FIO_ByteClearValue
 .text.__sys_write
                0x000088dc        0xc c:/nxp/lpcxpresso_7.0.2_102/lpcxpresso/tools/bin/../lib/gcc/arm-none-eabi/4.8.3/../../../../arm-none-eabi/lib/armv7-m\libcr_semihost.a(__sys_write.o)
                0x000088dc                __sys_write
                0x000088dc                __write
 .text.__main   0x000088e8       0x14 c:/nxp/lpcxpresso_7.0.2_102/lpcxpresso/tools/bin/../lib/gcc/arm-none-eabi/4.8.3/../../../../arm-none-eabi/lib/armv7-m\libcr_semihost.a(_cr__main.o)
                0x000088e8                __main
 .text.memcpy   0x000088fc        0x4 c:/nxp/lpcxpresso_7.0.2_102/lpcxpresso/tools/bin/../lib/gcc/arm-none-eabi/4.8.3/../../../../arm-none-eabi/lib/armv7-m\libcr_c.a(memcpy.o)
                0x000088fc                memcpy
 .text.memset   0x00008900        0x4 c:/nxp/lpcxpresso_7.0.2_102/lpcxpresso/tools/bin/../lib/gcc/arm-none-eabi/4.8.3/../../../../arm-none-eabi/lib/armv7-m\libcr_c.a(memset.o)
                0x00008900                memset
 .text.floor    0x00008904       0x90 c:/nxp/lpcxpresso_7.0.2_102/lpcxpresso/tools/bin/../lib/gcc/arm-none-eabi/4.8.3/../../../../arm-none-eabi/lib/armv7-m\libcr_c.a(floor.o)
                0x00008904                floor
 .text.fp_round
                0x00008994       0x4e c:/nxp/lpcxpresso_7.0.2_102/lpcxpresso/tools/bin/../lib/gcc/arm-none-eabi/4.8.3/../../../../arm-none-eabi/lib/armv7-m\libcr_c.a(fpprintf.o)
 .text.pr_dec.constprop.1
                0x000089e2       0x26 c:/nxp/lpcxpresso_7.0.2_102/lpcxpresso/tools/bin/../lib/gcc/arm-none-eabi/4.8.3/../../../../arm-none-eabi/lib/armv7-m\libcr_c.a(fpprintf.o)
 .text.sprintf  0x00008a08       0x6c c:/nxp/lpcxpresso_7.0.2_102/lpcxpresso/tools/bin/../lib/gcc/arm-none-eabi/4.8.3/../../../../arm-none-eabi/lib/armv7-m\libcr_c.a(fpprintf.o)
                0x00008a08                sprintf
 *fill*         0x00008a74        0x4 
 .text.fp_display
                0x00008a78      0x998 c:/nxp/lpcxpresso_7.0.2_102/lpcxpresso/tools/bin/../lib/gcc/arm-none-eabi/4.8.3/../../../../arm-none-eabi/lib/armv7-m\libcr_c.a(fpprintf.o)
 .text._initio  0x00009410       0xa4 c:/nxp/lpcxpresso_7.0.2_102/lpcxpresso/tools/bin/../lib/gcc/arm-none-eabi/4.8.3/../../../../arm-none-eabi/lib/armv7-m\libcr_c.a(initio.o)
                0x00009410                _initio
 *fill*         0x000094b4        0x4 
 .text.log10    0x000094b8       0x20 c:/nxp/lpcxpresso_7.0.2_102/lpcxpresso/tools/bin/../lib/gcc/arm-none-eabi/4.8.3/../../../../arm-none-eabi/lib/armv7-m\libcr_c.a(log10.o)
                0x000094b8                log10
 .text.pow      0x000094d8      0x570 c:/nxp/lpcxpresso_7.0.2_102/lpcxpresso/tools/bin/../lib/gcc/arm-none-eabi/4.8.3/../../../../arm-none-eabi/lib/armv7-m\libcr_c.a(pow.o)
                0x000094d8                pow
 .text.__vfprintf
                0x00009a48      0xca0 c:/nxp/lpcxpresso_7.0.2_102/lpcxpresso/tools/bin/../lib/gcc/arm-none-eabi/4.8.3/../../../../arm-none-eabi/lib/armv7-m\libcr_c.a(printf.o)
                0x00009a48                __vfprintf
 .text.setvbuf  0x0000a6e8       0x40 c:/nxp/lpcxpresso_7.0.2_102/lpcxpresso/tools/bin/../lib/gcc/arm-none-eabi/4.8.3/../../../../arm-none-eabi/lib/armv7-m\libcr_c.a(setvbuf.o)
                0x0000a6e8                setvbuf
 .text.sqrt     0x0000a728      0x138 c:/nxp/lpcxpresso_7.0.2_102/lpcxpresso/tools/bin/../lib/gcc/arm-none-eabi/4.8.3/../../../../arm-none-eabi/lib/armv7-m\libcr_c.a(sqrt.o)
                0x0000a728                sqrt
 .text.strcat   0x0000a860       0x1a c:/nxp/lpcxpresso_7.0.2_102/lpcxpresso/tools/bin/../lib/gcc/arm-none-eabi/4.8.3/../../../../arm-none-eabi/lib/armv7-m\libcr_c.a(strcat.o)
                0x0000a860                strcat
 .text.strcpy   0x0000a87a       0x40 c:/nxp/lpcxpresso_7.0.2_102/lpcxpresso/tools/bin/../lib/gcc/arm-none-eabi/4.8.3/../../../../arm-none-eabi/lib/armv7-m\libcr_c.a(strcpy.o)
                0x0000a87a                strcpy
 .text.strlen   0x0000a8ba       0x4a c:/nxp/lpcxpresso_7.0.2_102/lpcxpresso/tools/bin/../lib/gcc/arm-none-eabi/4.8.3/../../../../arm-none-eabi/lib/armv7-m\libcr_c.a(strlen.o)
                0x0000a8ba                strlen
 .text.strncmp  0x0000a904       0x54 c:/nxp/lpcxpresso_7.0.2_102/lpcxpresso/tools/bin/../lib/gcc/arm-none-eabi/4.8.3/../../../../arm-none-eabi/lib/armv7-m\libcr_c.a(strncmp.o)
                0x0000a904                strncmp
 .text.strncpy  0x0000a958       0x58 c:/nxp/lpcxpresso_7.0.2_102/lpcxpresso/tools/bin/../lib/gcc/arm-none-eabi/4.8.3/../../../../arm-none-eabi/lib/armv7-m\libcr_c.a(strncpy.o)
                0x0000a958                strncpy
 .text._deferredlazyseek
                0x0000a9b0       0x44 c:/nxp/lpcxpresso_7.0.2_102/lpcxpresso/tools/bin/../lib/gcc/arm-none-eabi/4.8.3/../../../../arm-none-eabi/lib/armv7-m\libcr_c.a(_deferredlazyseek.o)
                0x0000a9b0                _deferredlazyseek
 .text.__flsbuf
                0x0000a9f4      0x142 c:/nxp/lpcxpresso_7.0.2_102/lpcxpresso/tools/bin/../lib/gcc/arm-none-eabi/4.8.3/../../../../arm-none-eabi/lib/armv7-m\libcr_c.a(_deferredlazyseek.o)
                0x0000a9f4                __flsbuf
 .text._fdopen  0x0000ab36       0x6a c:/nxp/lpcxpresso_7.0.2_102/lpcxpresso/tools/bin/../lib/gcc/arm-none-eabi/4.8.3/../../../../arm-none-eabi/lib/armv7-m\libcr_c.a(_fdopen.o)
                0x0000ab36                _fdopen
 .text._fflush  0x0000aba0       0x58 c:/nxp/lpcxpresso_7.0.2_102/lpcxpresso/tools/bin/../lib/gcc/arm-none-eabi/4.8.3/../../../../arm-none-eabi/lib/armv7-m\libcr_c.a(_fflush.o)
                0x0000aba0                _fflush
 .text._frexpl  0x0000abf8       0x5c c:/nxp/lpcxpresso_7.0.2_102/lpcxpresso/tools/bin/../lib/gcc/arm-none-eabi/4.8.3/../../../../arm-none-eabi/lib/armv7-m\libcr_c.a(_frexpl.o)
                0x0000abf8                _frexpl
 .text._ldexpl  0x0000ac54       0x4c c:/nxp/lpcxpresso_7.0.2_102/lpcxpresso/tools/bin/../lib/gcc/arm-none-eabi/4.8.3/../../../../arm-none-eabi/lib/armv7-m\libcr_c.a(_ldexpl.o)
                0x0000ac54                _ldexpl
 .text._Cwritebuf
                0x0000aca0       0x70 c:/nxp/lpcxpresso_7.0.2_102/lpcxpresso/tools/bin/../lib/gcc/arm-none-eabi/4.8.3/../../../../arm-none-eabi/lib/armv7-m\libcr_c.a(_writebuf.o)
                0x0000aca0                _Cwritebuf
 .text.malloc   0x0000ad10       0xc4 c:/nxp/lpcxpresso_7.0.2_102/lpcxpresso/tools/bin/../lib/gcc/arm-none-eabi/4.8.3/../../../../arm-none-eabi/lib/armv7-m\libcr_c.a(alloc.o)
                0x0000ad10                malloc
 .text.free     0x0000add4        0xc c:/nxp/lpcxpresso_7.0.2_102/lpcxpresso/tools/bin/../lib/gcc/arm-none-eabi/4.8.3/../../../../arm-none-eabi/lib/armv7-m\libcr_c.a(alloc.o)
                0x0000add4                free
 .text._Csys_alloc
                0x0000ade0       0x20 c:/nxp/lpcxpresso_7.0.2_102/lpcxpresso/tools/bin/../lib/gcc/arm-none-eabi/4.8.3/../../../../arm-none-eabi/lib/armv7-m\libcr_c.a(alloc.o)
                0x0000ade0                _Csys_alloc
 .text.fclose   0x0000ae00       0x6c c:/nxp/lpcxpresso_7.0.2_102/lpcxpresso/tools/bin/../lib/gcc/arm-none-eabi/4.8.3/../../../../arm-none-eabi/lib/armv7-m\libcr_c.a(fclose.o)
                0x0000ae00                fclose
 .text.fflush   0x0000ae6c       0x30 c:/nxp/lpcxpresso_7.0.2_102/lpcxpresso/tools/bin/../lib/gcc/arm-none-eabi/4.8.3/../../../../arm-none-eabi/lib/armv7-m\libcr_c.a(fflush.o)
                0x0000ae6c                fflush
 .text.frexp    0x0000ae9c       0x5c c:/nxp/lpcxpresso_7.0.2_102/lpcxpresso/tools/bin/../lib/gcc/arm-none-eabi/4.8.3/../../../../arm-none-eabi/lib/armv7-m\libcr_c.a(frexp.o)
                0x0000ae9c                frexp
 .text.fseek    0x0000aef8      0x10c c:/nxp/lpcxpresso_7.0.2_102/lpcxpresso/tools/bin/../lib/gcc/arm-none-eabi/4.8.3/../../../../arm-none-eabi/lib/armv7-m\libcr_c.a(fseek.o)
                0x0000aef8                fseek
 .text.ftell    0x0000b004       0x4c c:/nxp/lpcxpresso_7.0.2_102/lpcxpresso/tools/bin/../lib/gcc/arm-none-eabi/4.8.3/../../../../arm-none-eabi/lib/armv7-m\libcr_c.a(ftell.o)
                0x0000b004                ftell
 .text.ldexp    0x0000b050       0x4c c:/nxp/lpcxpresso_7.0.2_102/lpcxpresso/tools/bin/../lib/gcc/arm-none-eabi/4.8.3/../../../../arm-none-eabi/lib/armv7-m\libcr_c.a(ldexp.o)
                0x0000b050                ldexp
 *fill*         0x0000b09c        0x4 
 .text.log      0x0000b0a0      0x1e0 c:/nxp/lpcxpresso_7.0.2_102/lpcxpresso/tools/bin/../lib/gcc/arm-none-eabi/4.8.3/../../../../arm-none-eabi/lib/armv7-m\libcr_c.a(log.o)
                0x0000b0a0                log
 .text.remove   0x0000b280       0x14 c:/nxp/lpcxpresso_7.0.2_102/lpcxpresso/tools/bin/../lib/gcc/arm-none-eabi/4.8.3/../../../../arm-none-eabi/lib/armv7-m\libcr_c.a(remove.o)
                0x0000b280                remove
 .text._sbrk    0x0000b294       0x40 c:/nxp/lpcxpresso_7.0.2_102/lpcxpresso/tools/bin/../lib/gcc/arm-none-eabi/4.8.3/../../../../arm-none-eabi/lib/armv7-m\libcr_c.a(_cr_sbrk.o)
                0x0000b294                _sbrk
 .text._do_fflush
                0x0000b2d4       0x44 c:/nxp/lpcxpresso_7.0.2_102/lpcxpresso/tools/bin/../lib/gcc/arm-none-eabi/4.8.3/../../../../arm-none-eabi/lib/armv7-m\libcr_c.a(_do_fflush.o)
                0x0000b2d4                _do_fflush
 .text.__check_heap_overflow
                0x0000b318       0x24 c:/nxp/lpcxpresso_7.0.2_102/lpcxpresso/tools/bin/../lib/gcc/arm-none-eabi/4.8.3/../../../../arm-none-eabi/lib/armv7-m\libcr_c.a(_cr_check_heap.o)
                0x0000b318                __check_heap_overflow
 .text.__aeabi_dmul
                0x0000b33c      0x12c c:/nxp/lpcxpresso_7.0.2_102/lpcxpresso/tools/bin/../lib/gcc/arm-none-eabi/4.8.3/armv7-m\libcr_eabihelpers.a(double.o)
                0x0000b33c                __aeabi_dmul
 .text.__aeabi_ddiv
                0x0000b468      0x16c c:/nxp/lpcxpresso_7.0.2_102/lpcxpresso/tools/bin/../lib/gcc/arm-none-eabi/4.8.3/armv7-m\libcr_eabihelpers.a(double.o)
                0x0000b468                __aeabi_ddiv
 .text.__aeabi_dsub
                0x0000b5d4      0x228 c:/nxp/lpcxpresso_7.0.2_102/lpcxpresso/tools/bin/../lib/gcc/arm-none-eabi/4.8.3/armv7-m\libcr_eabihelpers.a(double.o)
                0x0000b5d4                __aeabi_dsub
 .text.__aeabi_dadd
                0x0000b7fc      0x178 c:/nxp/lpcxpresso_7.0.2_102/lpcxpresso/tools/bin/../lib/gcc/arm-none-eabi/4.8.3/armv7-m\libcr_eabihelpers.a(double.o)
                0x0000b7fc                __aeabi_dadd
 .text.__aeabi_d2f
                0x0000b974       0x58 c:/nxp/lpcxpresso_7.0.2_102/lpcxpresso/tools/bin/../lib/gcc/arm-none-eabi/4.8.3/armv7-m\libcr_eabihelpers.a(double.o)
                0x0000b974                __aeabi_d2f
 .text.__aeabi_d2iz
                0x0000b9cc       0x4c c:/nxp/lpcxpresso_7.0.2_102/lpcxpresso/tools/bin/../lib/gcc/arm-none-eabi/4.8.3/armv7-m\libcr_eabihelpers.a(double.o)
                0x0000b9cc                __aeabi_d2iz
 .text.__bhs_ui2d
                0x0000ba18       0x48 c:/nxp/lpcxpresso_7.0.2_102/lpcxpresso/tools/bin/../lib/gcc/arm-none-eabi/4.8.3/armv7-m\libcr_eabihelpers.a(double.o)
                0x0000ba18                __bhs_ui2d
 .text.__aeabi_i2d
                0x0000ba60       0x10 c:/nxp/lpcxpresso_7.0.2_102/lpcxpresso/tools/bin/../lib/gcc/arm-none-eabi/4.8.3/armv7-m\libcr_eabihelpers.a(double.o)
                0x0000ba60                __aeabi_i2d
 .text.__aeabi_dcmpeq
                0x0000ba70       0x40 c:/nxp/lpcxpresso_7.0.2_102/lpcxpresso/tools/bin/../lib/gcc/arm-none-eabi/4.8.3/armv7-m\libcr_eabihelpers.a(double.o)
                0x0000ba70                __aeabi_dcmpeq
 .text.__aeabi_dcmplt
                0x0000bab0       0x60 c:/nxp/lpcxpresso_7.0.2_102/lpcxpresso/tools/bin/../lib/gcc/arm-none-eabi/4.8.3/armv7-m\libcr_eabihelpers.a(double.o)
                0x0000bab0                __aeabi_dcmplt
 .text.__aeabi_dcmpgt
                0x0000bb10       0x5c c:/nxp/lpcxpresso_7.0.2_102/lpcxpresso/tools/bin/../lib/gcc/arm-none-eabi/4.8.3/armv7-m\libcr_eabihelpers.a(double.o)
                0x0000bb10                __aeabi_dcmpgt
 .text.__aeabi_dcmple
                0x0000bb6c       0x60 c:/nxp/lpcxpresso_7.0.2_102/lpcxpresso/tools/bin/../lib/gcc/arm-none-eabi/4.8.3/armv7-m\libcr_eabihelpers.a(double.o)
                0x0000bb6c                __aeabi_dcmple
 .text.__aeabi_dcmpge
                0x0000bbcc       0x5c c:/nxp/lpcxpresso_7.0.2_102/lpcxpresso/tools/bin/../lib/gcc/arm-none-eabi/4.8.3/armv7-m\libcr_eabihelpers.a(double.o)
                0x0000bbcc                __aeabi_dcmpge
 .text.__bhs_ui2f.part.0
                0x0000bc28       0x20 c:/nxp/lpcxpresso_7.0.2_102/lpcxpresso/tools/bin/../lib/gcc/arm-none-eabi/4.8.3/armv7-m\libcr_eabihelpers.a(float.o)
 .text.__aeabi_fmul
                0x0000bc48       0xbc c:/nxp/lpcxpresso_7.0.2_102/lpcxpresso/tools/bin/../lib/gcc/arm-none-eabi/4.8.3/armv7-m\libcr_eabihelpers.a(float.o)
                0x0000bc48                __aeabi_fmul
 .text.__aeabi_fdiv
                0x0000bd04       0xc0 c:/nxp/lpcxpresso_7.0.2_102/lpcxpresso/tools/bin/../lib/gcc/arm-none-eabi/4.8.3/armv7-m\libcr_eabihelpers.a(float.o)
                0x0000bd04                __aeabi_fdiv
 .text.__aeabi_fsub
                0x0000bdc4       0xfc c:/nxp/lpcxpresso_7.0.2_102/lpcxpresso/tools/bin/../lib/gcc/arm-none-eabi/4.8.3/armv7-m\libcr_eabihelpers.a(float.o)
                0x0000bdc4                __aeabi_fsub
 .text.__aeabi_fadd
                0x0000bec0       0xb0 c:/nxp/lpcxpresso_7.0.2_102/lpcxpresso/tools/bin/../lib/gcc/arm-none-eabi/4.8.3/armv7-m\libcr_eabihelpers.a(float.o)
                0x0000bec0                __aeabi_fadd
 .text.__aeabi_f2iz
                0x0000bf70       0x34 c:/nxp/lpcxpresso_7.0.2_102/lpcxpresso/tools/bin/../lib/gcc/arm-none-eabi/4.8.3/armv7-m\libcr_eabihelpers.a(float.o)
                0x0000bf70                __aeabi_f2iz
 .text.__aeabi_i2f
                0x0000bfa4       0x18 c:/nxp/lpcxpresso_7.0.2_102/lpcxpresso/tools/bin/../lib/gcc/arm-none-eabi/4.8.3/armv7-m\libcr_eabihelpers.a(float.o)
                0x0000bfa4                __aeabi_i2f
 .text.__aeabi_f2d
                0x0000bfbc       0x44 c:/nxp/lpcxpresso_7.0.2_102/lpcxpresso/tools/bin/../lib/gcc/arm-none-eabi/4.8.3/armv7-m\libcr_eabihelpers.a(float.o)
                0x0000bfbc                __aeabi_f2d
 .text.__aeabi_fcmplt
                0x0000c000       0x34 c:/nxp/lpcxpresso_7.0.2_102/lpcxpresso/tools/bin/../lib/gcc/arm-none-eabi/4.8.3/armv7-m\libcr_eabihelpers.a(float.o)
                0x0000c000                __aeabi_fcmplt
 .text.__aeabi_fcmpgt
                0x0000c034       0x34 c:/nxp/lpcxpresso_7.0.2_102/lpcxpresso/tools/bin/../lib/gcc/arm-none-eabi/4.8.3/armv7-m\libcr_eabihelpers.a(float.o)
                0x0000c034                __aeabi_fcmpgt
 .text.__aeabi_memcpy
                0x0000c068       0x2a c:/nxp/lpcxpresso_7.0.2_102/lpcxpresso/tools/bin/../lib/gcc/arm-none-eabi/4.8.3/armv7-m\libcr_eabihelpers.a(memcpy.o)
                0x0000c068                __aeabi_memcpy4
                0x0000c068                __aeabi_memcpy8
                0x0000c068                __aeabi_memcpy
 .text.__aeabi_memset_lowlevel
                0x0000c092       0x2c c:/nxp/lpcxpresso_7.0.2_102/lpcxpresso/tools/bin/../lib/gcc/arm-none-eabi/4.8.3/armv7-m\libcr_eabihelpers.a(memcpy.o)
                0x0000c092                __aeabi_lowlevel_memset
 *fill*         0x0000c0be        0x2 
 .text.__sys_appexit
                0x0000c0c0        0xc c:/nxp/lpcxpresso_7.0.2_102/lpcxpresso/tools/bin/../lib/gcc/arm-none-eabi/4.8.3/../../../../arm-none-eabi/lib/armv7-m\libcr_semihost.a(__sys_appexit.o)
                0x0000c0c0                __sys_appexit
                0x0000c0c0                __exit
 .text.__sys_close
                0x0000c0cc        0xc c:/nxp/lpcxpresso_7.0.2_102/lpcxpresso/tools/bin/../lib/gcc/arm-none-eabi/4.8.3/../../../../arm-none-eabi/lib/armv7-m\libcr_semihost.a(__sys_close.o)
                0x0000c0cc                __sys_close
 .text.__sys_flen
                0x0000c0d8        0xc c:/nxp/lpcxpresso_7.0.2_102/lpcxpresso/tools/bin/../lib/gcc/arm-none-eabi/4.8.3/../../../../arm-none-eabi/lib/armv7-m\libcr_semihost.a(__sys_flen.o)
                0x0000c0d8                __sys_flen
 .text.__sys_istty
                0x0000c0e4        0xc c:/nxp/lpcxpresso_7.0.2_102/lpcxpresso/tools/bin/../lib/gcc/arm-none-eabi/4.8.3/../../../../arm-none-eabi/lib/armv7-m\libcr_semihost.a(__sys_istty.o)
                0x0000c0e4                __sys_istty
 .text.__sys_remove
                0x0000c0f0        0xc c:/nxp/lpcxpresso_7.0.2_102/lpcxpresso/tools/bin/../lib/gcc/arm-none-eabi/4.8.3/../../../../arm-none-eabi/lib/armv7-m\libcr_semihost.a(__sys_remove.o)
                0x0000c0f0                __sys_remove
 .text.__sys_seek
                0x0000c0fc        0xc c:/nxp/lpcxpresso_7.0.2_102/lpcxpresso/tools/bin/../lib/gcc/arm-none-eabi/4.8.3/../../../../arm-none-eabi/lib/armv7-m\libcr_semihost.a(__sys_seek.o)
                0x0000c0fc                __sys_seek
 .text.__sys_tmpnam
                0x0000c108        0xc c:/nxp/lpcxpresso_7.0.2_102/lpcxpresso/tools/bin/../lib/gcc/arm-none-eabi/4.8.3/../../../../arm-none-eabi/lib/armv7-m\libcr_semihost.a(__sys_tmpnam.o)
                0x0000c108                __sys_tmpnam
 *(.rodata .rodata.* .constdata .constdata.*)
 .rodata        0x0000c114      0x560 ./Funciones.o
                0x0000c2fc                Octavas
                0x0000c378                NumCanal
                0x0000c37c                FacTiempo
                0x0000c384                AnchoBanda
                0x0000c38c                NumMuestras
                0x0000c390                FacEsc
                0x0000c3a8                LongReg
                0x0000c3ac                W
 .rodata        0x0000c674      0x528 ./Graficos.o
 .rodata        0x0000cb9c      0x2d0 ./Mef_Menu.o
                0x0000cd84                VecTMedicion
 .rodata        0x0000ce6c      0x1f0 ./main.o
 .rodata.System5x7
                0x0000d05c      0x1e8 C:\nxp\projects\Workspace_NBrazo_V1.2\LIB_GLCDgui\Debug\libLIB_GLCDgui.a(button.o)
 .rodata.System5x7
                0x0000d244      0x1e8 C:\nxp\projects\Workspace_NBrazo_V1.2\LIB_GLCDgui\Debug\libLIB_GLCDgui.a(text.o)
 .rodata        0x0000d42c       0x20 C:\nxp\projects\Workspace_NBrazo_V1.2\LIB_GLCDgui\Debug\libLIB_GLCDgui.a(text.o)
 .rodata.System5x7
                0x0000d44c      0x1e8 C:\nxp\projects\Workspace_NBrazo_V1.2\LIB_GLCDgui\Debug\libLIB_GLCDgui.a(windows.o)
 .rodata.System5x7
                0x0000d634      0x1e8 C:\nxp\projects\Workspace_NBrazo_V1.2\LIB_GLCDgui\Debug\libLIB_GLCDgui.a(textSlider.o)
 .rodata        0x0000d81c       0x14 C:\nxp\projects\Workspace_NBrazo_V1.2\LIB_GLCDgui\Debug\libLIB_GLCDgui.a(textSlider.o)
 .rodata.str1.1
                0x0000d830       0x34 c:/nxp/lpcxpresso_7.0.2_102/lpcxpresso/tools/bin/../lib/gcc/arm-none-eabi/4.8.3/../../../../arm-none-eabi/lib/armv7-m\libcr_c.a(fpprintf.o)
                                 0x35 (size before relaxing)
 .rodata.str1.1
                0x0000d864        0x4 c:/nxp/lpcxpresso_7.0.2_102/lpcxpresso/tools/bin/../lib/gcc/arm-none-eabi/4.8.3/../../../../arm-none-eabi/lib/armv7-m\libcr_c.a(initio.o)
 .rodata.a2.3913
                0x0000d868       0x40 c:/nxp/lpcxpresso_7.0.2_102/lpcxpresso/tools/bin/../lib/gcc/arm-none-eabi/4.8.3/../../../../arm-none-eabi/lib/armv7-m\libcr_c.a(pow.o)
 .rodata.a1.3912
                0x0000d8a8       0x88 c:/nxp/lpcxpresso_7.0.2_102/lpcxpresso/tools/bin/../lib/gcc/arm-none-eabi/4.8.3/../../../../arm-none-eabi/lib/armv7-m\libcr_c.a(pow.o)
 .rodata.str1.1
                0x0000d930       0x31 c:/nxp/lpcxpresso_7.0.2_102/lpcxpresso/tools/bin/../lib/gcc/arm-none-eabi/4.8.3/../../../../arm-none-eabi/lib/armv7-m\libcr_c.a(printf.o)
                                 0x38 (size before relaxing)
 *fill*         0x0000d961        0x7 
 .rodata.__huge_val
                0x0000d968        0x8 c:/nxp/lpcxpresso_7.0.2_102/lpcxpresso/tools/bin/../lib/gcc/arm-none-eabi/4.8.3/../../../../arm-none-eabi/lib/armv7-m\libcr_c.a(_hugeval.o)
                0x0000d968                __huge_val
 .rodata.__huge_vall
                0x0000d970        0x8 c:/nxp/lpcxpresso_7.0.2_102/lpcxpresso/tools/bin/../lib/gcc/arm-none-eabi/4.8.3/../../../../arm-none-eabi/lib/armv7-m\libcr_c.a(_hugeval.o)
                0x0000d970                __huge_vall
 .rodata.str1.1
                0x0000d978       0x18 c:/nxp/lpcxpresso_7.0.2_102/lpcxpresso/tools/bin/../lib/gcc/arm-none-eabi/4.8.3/../../../../arm-none-eabi/lib/armv7-m\libcr_c.a(alloc.o)
                0x0000d990                . = ALIGN (0x4)

.glue_7         0x0000d990        0x0
 .glue_7        0x00000000        0x0 linker stubs

.glue_7t        0x0000d990        0x0
 .glue_7t       0x00000000        0x0 linker stubs

.vfp11_veneer   0x0000d990        0x0
 .vfp11_veneer  0x00000000        0x0 linker stubs

.v4_bx          0x0000d990        0x0
 .v4_bx         0x00000000        0x0 linker stubs

.iplt           0x0000d990        0x0
 .iplt          0x00000000        0x0 ./Lib_FreeRTOS/portable/MemMang/heap_2.o

.rel.dyn        0x0000d990        0x0
 .rel.iplt      0x00000000        0x0 ./Lib_FreeRTOS/portable/MemMang/heap_2.o

.ARM.extab
 *(.ARM.extab* .gnu.linkonce.armextab.*)
                0x0000d990                __exidx_start = .

.ARM.exidx
 *(.ARM.exidx* .gnu.linkonce.armexidx.*)
                0x0000d990                __exidx_end = .
                0x0000d990                _etext = .

.data_RAM2      0x2007c000        0x0 load address 0x0000d990
 FILL mask 0xff
 *(.ramfunc.$RAM2)
 *(.data.$RAM2*)
 *(.data.$RamAHB32*)
                0x2007c000                . = ALIGN (0x4)

.uninit_RESERVED
                0x10000000        0x0
 *(.bss.$RESERVED*)
                0x10000000                . = ALIGN (0x4)
                0x10000000                _end_uninit_RESERVED = .

.data           0x10000000       0xd8 load address 0x0000d990
 FILL mask 0xff
                0x10000000                _data = .
 *(vtable)
 *(.ramfunc*)
 *(.data*)
 .data          0x10000000        0x4 ./Lib_FreeRTOS/portable/MemMang/heap_2.o
 .data          0x10000004        0x4 ./Lib_FreeRTOS/portable/GCC/ARM_CM3/port.o
 .data          0x10000008        0x8 ./Lib_FreeRTOS/tasks.o
 .data          0x10000010       0xc0 ./Funciones.o
                0x100000cc                coma
 .data          0x100000d0        0x3 ./uart.o
                0x100000d0                UART0TxEmpty
                0x100000d1                UART1TxEmpty
                0x100000d2                UART3TxEmpty
 *fill*         0x100000d3        0x1 
 .data          0x100000d4        0x4 C:\nxp\projects\Workspace_NBrazo_V1.2\CMSISv1p30_LPC17xx\Debug\libCMSISv1p30_LPC17xx.a(system_LPC17xx.o)
                0x100000d4                SystemCoreClock
                0x100000d8                . = ALIGN (0x4)
                0x100000d8                _edata = .

.igot.plt       0x100000d8        0x0 load address 0x0000da68
 .igot.plt      0x00000000        0x0 ./Lib_FreeRTOS/portable/MemMang/heap_2.o

.bss_RAM2       0x2007c000        0x0
 *(.bss.$RAM2*)
 *(.bss.$RamAHB32*)
                0x2007c000                . = ALIGN (0x4)

.bss            0x100000d8     0x7d88
                0x100000d8                _bss = .
 *(.bss*)
 .bss           0x100000d8     0x3c18 ./Lib_FreeRTOS/portable/MemMang/heap_2.o
 .bss           0x10003cf0      0x144 ./Lib_FreeRTOS/tasks.o
                0x10003cf0                pxCurrentTCB
 .bss           0x10003e34      0xf50 ./Funciones.o
 .bss           0x10004d84        0x4 ./rtc.o
                0x10004d84                alarm_on
 .bss           0x10004d88        0xc ./uart.o
                0x10004d88                UART0Count
                0x10004d8c                UART1Count
                0x10004d90                UART3Count
 .bss.__GLCD_Coord
                0x10004d94        0x4 C:\nxp\projects\Workspace_NBrazo_V1.2\LIB_GLCDPrimitives\Debug\libLIB_GLCDPrimitives.a(GLCDFonts.o)
 .bss.Font      0x10004d98        0x4 C:\nxp\projects\Workspace_NBrazo_V1.2\LIB_GLCDPrimitives\Debug\libLIB_GLCDPrimitives.a(GLCDFonts.o)
 .bss.FontColor
                0x10004d9c        0x1 C:\nxp\projects\Workspace_NBrazo_V1.2\LIB_GLCDPrimitives\Debug\libLIB_GLCDPrimitives.a(GLCDFonts.o)
 *fill*         0x10004d9d        0x3 
 .bss.errno     0x10004da0        0x4 c:/nxp/lpcxpresso_7.0.2_102/lpcxpresso/tools/bin/../lib/gcc/arm-none-eabi/4.8.3/../../../../arm-none-eabi/lib/armv7-m\libcr_c.a(errno.o)
                0x10004da0                errno
 *(COMMON)
 COMMON         0x10004da4     0x2e72 ./Funciones.o
                0x10004da4                Minutos
                0x10004da6                NumeroOctavas
                0x10004da8                TG
                0x10004dac                inicio
                0x10004db0                j
                0x10004db4                FechaHora
                0x10004dc8                promedio
                0x10004dd0                final
                0x10004dd4                MemoriaVacia
                0x10004dd6                DI
                0x10004dd8                local_time
                0x10004df8                current_time
                0x10004e18                TGBHIn
                0x10004e1c                iap_status
                0x10004e20                alarm_time
                0x10004e40                AN
                0x10004e42                CantMediciones
                0x10004e44                MedTie
                0x10004e46                LongitudTotal
                0x10004e48                w
                0x10004e4c                k
                0x10004e50                GUI_Malloc_Pointer
                0x10004e54                NumEje
                0x10004e58                AcelEficaz
                0x10004e64                aux
                0x10004e6e                Divisor
                0x10004e70                pActiveWindow
                0x10004e74                HO
                0x10004e78                diferencia
                0x10004e7c                windowsList
                0x10004e88                NumFiltro
                0x10004e8c                lectura
                0x10004e90                touchPanel_eventPoints
                0x10004ecc                aceler
                0x10004ed0                ValorOctava
                0x10004f48                SE
                0x10004f4a                c
                0x10004f4c                NumRepe
                0x10004f4e                Segundos
                0x10004f50                Dia
                0x10004f54                TBH
                0x10004f58                GUI_Free_Pointer
                0x10004f5c                Year
                0x10004f60                Fourier
                0x10005764                ME
                0x10005768                estafeta
                0x1000579a                Hora
                0x1000579c                AceEnvio
                0x100057b4                TGBHOut
                0x100057b8                MI
                0x100057bc                GLCDLowLevel_VideoRAM
                0x10005bbc                NumMedicion
                0x10005bbd                touchPanel_pointsCounter
                0x10005bc0                AceleDecibel
                0x10005c38                TBS
                0x10005c3c                Mes
                0x10005c40                semaphore_TouchInterrupt
                0x10005c44                m
                0x10005c48                q
                0x10005c4c                HR
                0x10005c50                vector
                0x1000745c                cadena
                0x10007c04                FH
                0x10007c14                IndiceOctava
 *fill*         0x10007c16        0x2 
 COMMON         0x10007c18       0x2c ./Mef_Menu.o
                0x10007c18                TMedicion
                0x10007c1c                SysTickCount
                0x10007c20                Contador
                0x10007c24                contador10
                0x10007c28                tecla_membrana
                0x10007c2c                mens
                0x10007c30                coso
                0x10007c34                Menu_seleccionado
                0x10007c36                salid
                0x10007c38                Sensibilidad
                0x10007c39                Sensor
                0x10007c3a                old_cursor1
                0x10007c3b                cursor1
                0x10007c3c                stringMemory
                0x10007c40                Menu_medir
                0x10007c42                CantMedici
 COMMON         0x10007c44       0xcc ./uart.o
                0x10007c44                UART1Buffer
                0x10007c84                UART3Status
                0x10007c88                UART0Buffer
                0x10007cc8                UART1Status
                0x10007ccc                UART3Buffer
                0x10007d0c                UART0Status
 COMMON         0x10007d10        0x4 C:\nxp\projects\Workspace_NBrazo_V1.2\Lib_GLCDLowLevel\Debug\libLib_GLCDLowLevel.a(GLCDLowLevel.o)
                0x10007d10                _delayCounter
 COMMON         0x10007d14        0x4 c:/nxp/lpcxpresso_7.0.2_102/lpcxpresso/tools/bin/../lib/gcc/arm-none-eabi/4.8.3/../../../../arm-none-eabi/lib/armv7-m\libcr_c.a(initio.o)
                0x10007d14                _extra
 COMMON         0x10007d18      0x140 c:/nxp/lpcxpresso_7.0.2_102/lpcxpresso/tools/bin/../lib/gcc/arm-none-eabi/4.8.3/../../../../arm-none-eabi/lib/armv7-m\libcr_c.a(stdio.o)
                0x10007d18                __Ciob
 COMMON         0x10007e58        0x8 c:/nxp/lpcxpresso_7.0.2_102/lpcxpresso/tools/bin/../lib/gcc/arm-none-eabi/4.8.3/../../../../arm-none-eabi/lib/armv7-m\libcr_c.a(__init_alloc.o)
                0x10007e58                __heaps
                0x10007e5c                __end_of_heap
                0x10007e60                . = ALIGN (0x4)
                0x10007e60                _ebss = .
                0x10007e60                PROVIDE (end, .)

.noinit_RAM2    0x2007c000        0x0
 *(.noinit.$RAM2*)
 *(.noinit.$RamAHB32*)
                0x2007c000                . = ALIGN (0x4)

.noinit         0x10007e60        0x0
                0x10007e60                _noinit = .
 *(.noinit*)
                0x10007e60                . = ALIGN (0x4)
                0x10007e60                _end_noinit = .
                0x10007e60                PROVIDE (_pvHeapStart, .)
                0x10008000                PROVIDE (_vStackTop, (__top_RamLoc32 - 0x0))
OUTPUT(Application.axf elf32-littlearm)

.debug_info     0x00000000     0xbdde
 .debug_info    0x00000000      0x2b4 ./Lib_FreeRTOS/portable/MemMang/heap_2.o
 .debug_info    0x000002b4      0x1c7 ./Lib_FreeRTOS/portable/GCC/ARM_CM3/port.o
 .debug_info    0x0000047b      0x29c ./Lib_FreeRTOS/list.o
 .debug_info    0x00000717      0x85a ./Lib_FreeRTOS/queue.o
 .debug_info    0x00000f71      0xf81 ./Lib_FreeRTOS/tasks.o
 .debug_info    0x00001ef2     0x2298 ./Funciones.o
 .debug_info    0x0000418a      0x4ee ./Graficos.o
 .debug_info    0x00004678      0xf2d ./Mef_Menu.o
 .debug_info    0x000055a5      0x5d3 ./adc.o
 .debug_info    0x00005b78      0x24b ./cr_startup_lpc17.o
 .debug_info    0x00005dc3      0x21a ./iap_driver.o
 .debug_info    0x00005fdd      0x37f ./main.o
 .debug_info    0x0000635c      0x722 ./rtc.o
 .debug_info    0x00006a7e      0xdc1 ./uart.o
 .debug_info    0x0000783f      0x357 C:\nxp\projects\Workspace_NBrazo_V1.2\CMSISv1p30_LPC17xx\Debug\libCMSISv1p30_LPC17xx.a(system_LPC17xx.o)
 .debug_info    0x00007b96      0x34c C:\nxp\projects\Workspace_NBrazo_V1.2\LIB_GLCDgui\Debug\libLIB_GLCDgui.a(GLCDgui.o)
 .debug_info    0x00007ee2      0x670 C:\nxp\projects\Workspace_NBrazo_V1.2\LIB_GLCDgui\Debug\libLIB_GLCDgui.a(button.o)
 .debug_info    0x00008552      0x1f6 C:\nxp\projects\Workspace_NBrazo_V1.2\LIB_GLCDgui\Debug\libLIB_GLCDgui.a(list.o)
 .debug_info    0x00008748      0x7e1 C:\nxp\projects\Workspace_NBrazo_V1.2\LIB_GLCDgui\Debug\libLIB_GLCDgui.a(text.o)
 .debug_info    0x00008f29      0x595 C:\nxp\projects\Workspace_NBrazo_V1.2\LIB_GLCDgui\Debug\libLIB_GLCDgui.a(windows.o)
 .debug_info    0x000094be      0x543 C:\nxp\projects\Workspace_NBrazo_V1.2\LIB_GLCDgui\Debug\libLIB_GLCDgui.a(object.o)
 .debug_info    0x00009a01      0x475 C:\nxp\projects\Workspace_NBrazo_V1.2\LIB_GLCDgui\Debug\libLIB_GLCDgui.a(picture.o)
 .debug_info    0x00009e76      0x6d1 C:\nxp\projects\Workspace_NBrazo_V1.2\LIB_GLCDgui\Debug\libLIB_GLCDgui.a(textSlider.o)
 .debug_info    0x0000a547      0x5b1 C:\nxp\projects\Workspace_NBrazo_V1.2\LIB_GLCDPrimitives\Debug\libLIB_GLCDPrimitives.a(GLCDFonts.o)
 .debug_info    0x0000aaf8      0x470 C:\nxp\projects\Workspace_NBrazo_V1.2\LIB_GLCDPrimitives\Debug\libLIB_GLCDPrimitives.a(GLCDPrimitives.o)
 .debug_info    0x0000af68      0x192 C:\nxp\projects\Workspace_NBrazo_V1.2\Lib_GLCDLowLevel\Debug\libLib_GLCDLowLevel.a(GLCDLowLevel.o)
 .debug_info    0x0000b0fa      0x14f C:\nxp\projects\Workspace_NBrazo_V1.2\Lib_GLCDLowLevel\Debug\libLib_GLCDLowLevel.a(MicroInterface.o)
 .debug_info    0x0000b249      0xb95 C:\nxp\projects\Workspace_NBrazo_V1.2\Lib_MCU\Debug\libLib_MCU.a(lpc17xx_gpio.o)

.debug_abbrev   0x00000000     0x2697
 .debug_abbrev  0x00000000      0x17c ./Lib_FreeRTOS/portable/MemMang/heap_2.o
 .debug_abbrev  0x0000017c      0x10c ./Lib_FreeRTOS/portable/GCC/ARM_CM3/port.o
 .debug_abbrev  0x00000288       0xb8 ./Lib_FreeRTOS/list.o
 .debug_abbrev  0x00000340      0x1cc ./Lib_FreeRTOS/queue.o
 .debug_abbrev  0x0000050c      0x1fd ./Lib_FreeRTOS/tasks.o
 .debug_abbrev  0x00000709      0x3a0 ./Funciones.o
 .debug_abbrev  0x00000aa9      0x162 ./Graficos.o
 .debug_abbrev  0x00000c0b      0x326 ./Mef_Menu.o
 .debug_abbrev  0x00000f31      0x14f ./adc.o
 .debug_abbrev  0x00001080       0xf5 ./cr_startup_lpc17.o
 .debug_abbrev  0x00001175       0xff ./iap_driver.o
 .debug_abbrev  0x00001274      0x10d ./main.o
 .debug_abbrev  0x00001381      0x167 ./rtc.o
 .debug_abbrev  0x000014e8      0x1fb ./uart.o
 .debug_abbrev  0x000016e3       0xce C:\nxp\projects\Workspace_NBrazo_V1.2\CMSISv1p30_LPC17xx\Debug\libCMSISv1p30_LPC17xx.a(system_LPC17xx.o)
 .debug_abbrev  0x000017b1      0x111 C:\nxp\projects\Workspace_NBrazo_V1.2\LIB_GLCDgui\Debug\libLIB_GLCDgui.a(GLCDgui.o)
 .debug_abbrev  0x000018c2      0x12e C:\nxp\projects\Workspace_NBrazo_V1.2\LIB_GLCDgui\Debug\libLIB_GLCDgui.a(button.o)
 .debug_abbrev  0x000019f0       0xd2 C:\nxp\projects\Workspace_NBrazo_V1.2\LIB_GLCDgui\Debug\libLIB_GLCDgui.a(list.o)
 .debug_abbrev  0x00001ac2      0x181 C:\nxp\projects\Workspace_NBrazo_V1.2\LIB_GLCDgui\Debug\libLIB_GLCDgui.a(text.o)
 .debug_abbrev  0x00001c43      0x150 C:\nxp\projects\Workspace_NBrazo_V1.2\LIB_GLCDgui\Debug\libLIB_GLCDgui.a(windows.o)
 .debug_abbrev  0x00001d93       0xef C:\nxp\projects\Workspace_NBrazo_V1.2\LIB_GLCDgui\Debug\libLIB_GLCDgui.a(object.o)
 .debug_abbrev  0x00001e82      0x140 C:\nxp\projects\Workspace_NBrazo_V1.2\LIB_GLCDgui\Debug\libLIB_GLCDgui.a(picture.o)
 .debug_abbrev  0x00001fc2      0x11e C:\nxp\projects\Workspace_NBrazo_V1.2\LIB_GLCDgui\Debug\libLIB_GLCDgui.a(textSlider.o)
 .debug_abbrev  0x000020e0      0x19b C:\nxp\projects\Workspace_NBrazo_V1.2\LIB_GLCDPrimitives\Debug\libLIB_GLCDPrimitives.a(GLCDFonts.o)
 .debug_abbrev  0x0000227b      0x12e C:\nxp\projects\Workspace_NBrazo_V1.2\LIB_GLCDPrimitives\Debug\libLIB_GLCDPrimitives.a(GLCDPrimitives.o)
 .debug_abbrev  0x000023a9       0xce C:\nxp\projects\Workspace_NBrazo_V1.2\Lib_GLCDLowLevel\Debug\libLib_GLCDLowLevel.a(GLCDLowLevel.o)
 .debug_abbrev  0x00002477       0x9b C:\nxp\projects\Workspace_NBrazo_V1.2\Lib_GLCDLowLevel\Debug\libLib_GLCDLowLevel.a(MicroInterface.o)
 .debug_abbrev  0x00002512      0x185 C:\nxp\projects\Workspace_NBrazo_V1.2\Lib_MCU\Debug\libLib_MCU.a(lpc17xx_gpio.o)

.debug_aranges  0x00000000      0xb18
 .debug_aranges
                0x00000000       0x38 ./Lib_FreeRTOS/portable/MemMang/heap_2.o
 .debug_aranges
                0x00000038       0x68 ./Lib_FreeRTOS/portable/GCC/ARM_CM3/port.o
 .debug_aranges
                0x000000a0       0x40 ./Lib_FreeRTOS/list.o
 .debug_aranges
                0x000000e0       0xb8 ./Lib_FreeRTOS/queue.o
 .debug_aranges
                0x00000198      0x158 ./Lib_FreeRTOS/tasks.o
 .debug_aranges
                0x000002f0      0x190 ./Funciones.o
 .debug_aranges
                0x00000480       0x70 ./Graficos.o
 .debug_aranges
                0x000004f0       0x98 ./Mef_Menu.o
 .debug_aranges
                0x00000588       0x30 ./adc.o
 .debug_aranges
                0x000005b8       0x80 ./cr_startup_lpc17.o
 .debug_aranges
                0x00000638       0x38 ./iap_driver.o
 .debug_aranges
                0x00000670       0x20 ./main.o
 .debug_aranges
                0x00000690       0x60 ./rtc.o
 .debug_aranges
                0x000006f0       0x48 ./uart.o
 .debug_aranges
                0x00000738       0x28 C:\nxp\projects\Workspace_NBrazo_V1.2\CMSISv1p30_LPC17xx\Debug\libCMSISv1p30_LPC17xx.a(system_LPC17xx.o)
 .debug_aranges
                0x00000760       0x40 C:\nxp\projects\Workspace_NBrazo_V1.2\LIB_GLCDgui\Debug\libLIB_GLCDgui.a(GLCDgui.o)
 .debug_aranges
                0x000007a0       0x30 C:\nxp\projects\Workspace_NBrazo_V1.2\LIB_GLCDgui\Debug\libLIB_GLCDgui.a(button.o)
 .debug_aranges
                0x000007d0       0x30 C:\nxp\projects\Workspace_NBrazo_V1.2\LIB_GLCDgui\Debug\libLIB_GLCDgui.a(list.o)
 .debug_aranges
                0x00000800       0x58 C:\nxp\projects\Workspace_NBrazo_V1.2\LIB_GLCDgui\Debug\libLIB_GLCDgui.a(text.o)
 .debug_aranges
                0x00000858       0x40 C:\nxp\projects\Workspace_NBrazo_V1.2\LIB_GLCDgui\Debug\libLIB_GLCDgui.a(windows.o)
 .debug_aranges
                0x00000898       0x28 C:\nxp\projects\Workspace_NBrazo_V1.2\LIB_GLCDgui\Debug\libLIB_GLCDgui.a(object.o)
 .debug_aranges
                0x000008c0       0x28 C:\nxp\projects\Workspace_NBrazo_V1.2\LIB_GLCDgui\Debug\libLIB_GLCDgui.a(picture.o)
 .debug_aranges
                0x000008e8       0x38 C:\nxp\projects\Workspace_NBrazo_V1.2\LIB_GLCDgui\Debug\libLIB_GLCDgui.a(textSlider.o)
 .debug_aranges
                0x00000920       0x70 C:\nxp\projects\Workspace_NBrazo_V1.2\LIB_GLCDPrimitives\Debug\libLIB_GLCDPrimitives.a(GLCDFonts.o)
 .debug_aranges
                0x00000990       0x58 C:\nxp\projects\Workspace_NBrazo_V1.2\LIB_GLCDPrimitives\Debug\libLIB_GLCDPrimitives.a(GLCDPrimitives.o)
 .debug_aranges
                0x000009e8       0x30 C:\nxp\projects\Workspace_NBrazo_V1.2\Lib_GLCDLowLevel\Debug\libLib_GLCDLowLevel.a(GLCDLowLevel.o)
 .debug_aranges
                0x00000a18       0x38 C:\nxp\projects\Workspace_NBrazo_V1.2\Lib_GLCDLowLevel\Debug\libLib_GLCDLowLevel.a(MicroInterface.o)
 .debug_aranges
                0x00000a50       0xc8 C:\nxp\projects\Workspace_NBrazo_V1.2\Lib_MCU\Debug\libLib_MCU.a(lpc17xx_gpio.o)

.debug_ranges   0x00000000      0x958
 .debug_ranges  0x00000000       0x28 ./Lib_FreeRTOS/portable/MemMang/heap_2.o
 .debug_ranges  0x00000028       0x58 ./Lib_FreeRTOS/portable/GCC/ARM_CM3/port.o
 .debug_ranges  0x00000080       0x30 ./Lib_FreeRTOS/list.o
 .debug_ranges  0x000000b0       0xa8 ./Lib_FreeRTOS/queue.o
 .debug_ranges  0x00000158      0x148 ./Lib_FreeRTOS/tasks.o
 .debug_ranges  0x000002a0      0x180 ./Funciones.o
 .debug_ranges  0x00000420       0x60 ./Graficos.o
 .debug_ranges  0x00000480       0x88 ./Mef_Menu.o
 .debug_ranges  0x00000508       0x20 ./adc.o
 .debug_ranges  0x00000528       0x70 ./cr_startup_lpc17.o
 .debug_ranges  0x00000598       0x28 ./iap_driver.o
 .debug_ranges  0x000005c0       0x10 ./main.o
 .debug_ranges  0x000005d0       0x50 ./rtc.o
 .debug_ranges  0x00000620       0x38 ./uart.o
 .debug_ranges  0x00000658       0x18 C:\nxp\projects\Workspace_NBrazo_V1.2\CMSISv1p30_LPC17xx\Debug\libCMSISv1p30_LPC17xx.a(system_LPC17xx.o)
 .debug_ranges  0x00000670       0x30 C:\nxp\projects\Workspace_NBrazo_V1.2\LIB_GLCDgui\Debug\libLIB_GLCDgui.a(GLCDgui.o)
 .debug_ranges  0x000006a0       0x20 C:\nxp\projects\Workspace_NBrazo_V1.2\LIB_GLCDgui\Debug\libLIB_GLCDgui.a(button.o)
 .debug_ranges  0x000006c0       0x20 C:\nxp\projects\Workspace_NBrazo_V1.2\LIB_GLCDgui\Debug\libLIB_GLCDgui.a(list.o)
 .debug_ranges  0x000006e0       0x48 C:\nxp\projects\Workspace_NBrazo_V1.2\LIB_GLCDgui\Debug\libLIB_GLCDgui.a(text.o)
 .debug_ranges  0x00000728       0x30 C:\nxp\projects\Workspace_NBrazo_V1.2\LIB_GLCDgui\Debug\libLIB_GLCDgui.a(windows.o)
 .debug_ranges  0x00000758       0x18 C:\nxp\projects\Workspace_NBrazo_V1.2\LIB_GLCDgui\Debug\libLIB_GLCDgui.a(object.o)
 .debug_ranges  0x00000770       0x18 C:\nxp\projects\Workspace_NBrazo_V1.2\LIB_GLCDgui\Debug\libLIB_GLCDgui.a(picture.o)
 .debug_ranges  0x00000788       0x28 C:\nxp\projects\Workspace_NBrazo_V1.2\LIB_GLCDgui\Debug\libLIB_GLCDgui.a(textSlider.o)
 .debug_ranges  0x000007b0       0x60 C:\nxp\projects\Workspace_NBrazo_V1.2\LIB_GLCDPrimitives\Debug\libLIB_GLCDPrimitives.a(GLCDFonts.o)
 .debug_ranges  0x00000810       0x48 C:\nxp\projects\Workspace_NBrazo_V1.2\LIB_GLCDPrimitives\Debug\libLIB_GLCDPrimitives.a(GLCDPrimitives.o)
 .debug_ranges  0x00000858       0x20 C:\nxp\projects\Workspace_NBrazo_V1.2\Lib_GLCDLowLevel\Debug\libLib_GLCDLowLevel.a(GLCDLowLevel.o)
 .debug_ranges  0x00000878       0x28 C:\nxp\projects\Workspace_NBrazo_V1.2\Lib_GLCDLowLevel\Debug\libLib_GLCDLowLevel.a(MicroInterface.o)
 .debug_ranges  0x000008a0       0xb8 C:\nxp\projects\Workspace_NBrazo_V1.2\Lib_MCU\Debug\libLib_MCU.a(lpc17xx_gpio.o)

.debug_macro    0x00000000     0x456b
 .debug_macro   0x00000000      0x10a ./Lib_FreeRTOS/portable/MemMang/heap_2.o
 .debug_macro   0x0000010a      0x862 ./Lib_FreeRTOS/portable/MemMang/heap_2.o
 .debug_macro   0x0000096c       0x10 ./Lib_FreeRTOS/portable/MemMang/heap_2.o
 .debug_macro   0x0000097c      0x122 ./Lib_FreeRTOS/portable/MemMang/heap_2.o
 .debug_macro   0x00000a9e       0x28 ./Lib_FreeRTOS/portable/MemMang/heap_2.o
 .debug_macro   0x00000ac6       0x46 ./Lib_FreeRTOS/portable/MemMang/heap_2.o
 .debug_macro   0x00000b0c       0xa3 ./Lib_FreeRTOS/portable/MemMang/heap_2.o
 .debug_macro   0x00000baf       0x12 ./Lib_FreeRTOS/portable/MemMang/heap_2.o
 .debug_macro   0x00000bc1       0x1f ./Lib_FreeRTOS/portable/MemMang/heap_2.o
 .debug_macro   0x00000be0       0x1c ./Lib_FreeRTOS/portable/MemMang/heap_2.o
 .debug_macro   0x00000bfc       0x22 ./Lib_FreeRTOS/portable/MemMang/heap_2.o
 .debug_macro   0x00000c1e      0x5b9 ./Lib_FreeRTOS/portable/MemMang/heap_2.o
 .debug_macro   0x000011d7      0x7b7 ./Lib_FreeRTOS/portable/MemMang/heap_2.o
 .debug_macro   0x0000198e      0x2c7 ./Lib_FreeRTOS/portable/MemMang/heap_2.o
 .debug_macro   0x00001c55      0x129 ./Lib_FreeRTOS/portable/MemMang/heap_2.o
 .debug_macro   0x00001d7e      0x17e ./Lib_FreeRTOS/portable/MemMang/heap_2.o
 .debug_macro   0x00001efc       0x49 ./Lib_FreeRTOS/portable/MemMang/heap_2.o
 .debug_macro   0x00001f45       0x57 ./Lib_FreeRTOS/portable/MemMang/heap_2.o
 .debug_macro   0x00001f9c      0x119 ./Lib_FreeRTOS/portable/GCC/ARM_CM3/port.o
 .debug_macro   0x000020b5       0x16 ./Lib_FreeRTOS/portable/GCC/ARM_CM3/port.o
 .debug_macro   0x000020cb       0xdc ./Lib_FreeRTOS/list.o
 .debug_macro   0x000021a7      0x15d ./Lib_FreeRTOS/queue.o
 .debug_macro   0x00002304       0x49 ./Lib_FreeRTOS/queue.o
 .debug_macro   0x0000234d      0x176 ./Lib_FreeRTOS/tasks.o
 .debug_macro   0x000024c3       0xa0 ./Lib_FreeRTOS/tasks.o
 .debug_macro   0x00002563       0x22 ./Lib_FreeRTOS/tasks.o
 .debug_macro   0x00002585       0x61 ./Lib_FreeRTOS/tasks.o
 .debug_macro   0x000025e6       0x17 ./Lib_FreeRTOS/tasks.o
 .debug_macro   0x000025fd      0x290 ./Funciones.o
 .debug_macro   0x0000288d       0x8e ./Funciones.o
 .debug_macro   0x0000291b       0x40 ./Funciones.o
 .debug_macro   0x0000295b       0x1c ./Funciones.o
 .debug_macro   0x00002977       0x16 ./Funciones.o
 .debug_macro   0x0000298d       0x40 ./Funciones.o
 .debug_macro   0x000029cd       0x70 ./Funciones.o
 .debug_macro   0x00002a3d       0x10 ./Funciones.o
 .debug_macro   0x00002a4d       0x22 ./Funciones.o
 .debug_macro   0x00002a6f       0x16 ./Funciones.o
 .debug_macro   0x00002a85       0x3a ./Funciones.o
 .debug_macro   0x00002abf       0x10 ./Funciones.o
 .debug_macro   0x00002acf      0x12f ./Funciones.o
 .debug_macro   0x00002bfe       0x6a ./Funciones.o
 .debug_macro   0x00002c68       0x62 ./Funciones.o
 .debug_macro   0x00002cca       0x52 ./Funciones.o
 .debug_macro   0x00002d1c       0x5d ./Funciones.o
 .debug_macro   0x00002d79       0xee ./Funciones.o
 .debug_macro   0x00002e67      0x149 ./Funciones.o
 .debug_macro   0x00002fb0       0x4c ./Funciones.o
 .debug_macro   0x00002ffc       0x16 ./Funciones.o
 .debug_macro   0x00003012       0x4c ./Funciones.o
 .debug_macro   0x0000305e       0x94 ./Funciones.o
 .debug_macro   0x000030f2       0xc4 ./Funciones.o
 .debug_macro   0x000031b6      0x1da ./Graficos.o
 .debug_macro   0x00003390      0x7d5 ./Graficos.o
 .debug_macro   0x00003b65      0x263 ./Mef_Menu.o
 .debug_macro   0x00003dc8       0x16 ./Mef_Menu.o
 .debug_macro   0x00003dde       0x74 ./adc.o
 .debug_macro   0x00003e52       0x1c ./adc.o
 .debug_macro   0x00003e6e       0x1d ./cr_startup_lpc17.o
 .debug_macro   0x00003e8b       0xa8 ./iap_driver.o
 .debug_macro   0x00003f33      0x26d ./main.o
 .debug_macro   0x000041a0       0x74 ./rtc.o
 .debug_macro   0x00004214       0x1c ./rtc.o
 .debug_macro   0x00004230      0x2c7 ./rtc.o
 .debug_macro   0x000044f7       0x74 ./uart.o

.debug_line     0x00000000     0x8d40
 .debug_line    0x00000000      0x345 ./Lib_FreeRTOS/portable/MemMang/heap_2.o
 .debug_line    0x00000345      0x35b ./Lib_FreeRTOS/portable/GCC/ARM_CM3/port.o
 .debug_line    0x000006a0      0x305 ./Lib_FreeRTOS/list.o
 .debug_line    0x000009a5      0x54e ./Lib_FreeRTOS/queue.o
 .debug_line    0x00000ef3      0x8d1 ./Lib_FreeRTOS/tasks.o
 .debug_line    0x000017c4     0x1061 ./Funciones.o
 .debug_line    0x00002825      0x690 ./Graficos.o
 .debug_line    0x00002eb5      0x9ec ./Mef_Menu.o
 .debug_line    0x000038a1      0x1cd ./adc.o
 .debug_line    0x00003a6e       0xd4 ./cr_startup_lpc17.o
 .debug_line    0x00003b42      0x1c9 ./iap_driver.o
 .debug_line    0x00003d0b      0x721 ./main.o
 .debug_line    0x0000442c      0x236 ./rtc.o
 .debug_line    0x00004662      0x2bf ./uart.o
 .debug_line    0x00004921      0x41c C:\nxp\projects\Workspace_NBrazo_V1.2\CMSISv1p30_LPC17xx\Debug\libCMSISv1p30_LPC17xx.a(system_LPC17xx.o)
 .debug_line    0x00004d3d      0x474 C:\nxp\projects\Workspace_NBrazo_V1.2\LIB_GLCDgui\Debug\libLIB_GLCDgui.a(GLCDgui.o)
 .debug_line    0x000051b1      0x502 C:\nxp\projects\Workspace_NBrazo_V1.2\LIB_GLCDgui\Debug\libLIB_GLCDgui.a(button.o)
 .debug_line    0x000056b3      0x39a C:\nxp\projects\Workspace_NBrazo_V1.2\LIB_GLCDgui\Debug\libLIB_GLCDgui.a(list.o)
 .debug_line    0x00005a4d      0x625 C:\nxp\projects\Workspace_NBrazo_V1.2\LIB_GLCDgui\Debug\libLIB_GLCDgui.a(text.o)
 .debug_line    0x00006072      0x558 C:\nxp\projects\Workspace_NBrazo_V1.2\LIB_GLCDgui\Debug\libLIB_GLCDgui.a(windows.o)
 .debug_line    0x000065ca      0x402 C:\nxp\projects\Workspace_NBrazo_V1.2\LIB_GLCDgui\Debug\libLIB_GLCDgui.a(object.o)
 .debug_line    0x000069cc      0x41d C:\nxp\projects\Workspace_NBrazo_V1.2\LIB_GLCDgui\Debug\libLIB_GLCDgui.a(picture.o)
 .debug_line    0x00006de9      0x534 C:\nxp\projects\Workspace_NBrazo_V1.2\LIB_GLCDgui\Debug\libLIB_GLCDgui.a(textSlider.o)
 .debug_line    0x0000731d      0x5d6 C:\nxp\projects\Workspace_NBrazo_V1.2\LIB_GLCDPrimitives\Debug\libLIB_GLCDPrimitives.a(GLCDFonts.o)
 .debug_line    0x000078f3      0x59a C:\nxp\projects\Workspace_NBrazo_V1.2\LIB_GLCDPrimitives\Debug\libLIB_GLCDPrimitives.a(GLCDPrimitives.o)
 .debug_line    0x00007e8d      0x417 C:\nxp\projects\Workspace_NBrazo_V1.2\Lib_GLCDLowLevel\Debug\libLib_GLCDLowLevel.a(GLCDLowLevel.o)
 .debug_line    0x000082a4      0x4a0 C:\nxp\projects\Workspace_NBrazo_V1.2\Lib_GLCDLowLevel\Debug\libLib_GLCDLowLevel.a(MicroInterface.o)
 .debug_line    0x00008744      0x5fc C:\nxp\projects\Workspace_NBrazo_V1.2\Lib_MCU\Debug\libLib_MCU.a(lpc17xx_gpio.o)

.debug_str      0x00000000    0x11a4f
 .debug_str     0x00000000     0x9aa8 ./Lib_FreeRTOS/portable/MemMang/heap_2.o
                               0x9b33 (size before relaxing)
 .debug_str     0x00009aa8      0x38f ./Lib_FreeRTOS/portable/GCC/ARM_CM3/port.o
                               0x9996 (size before relaxing)
 .debug_str     0x00009e37      0x12a ./Lib_FreeRTOS/list.o
                               0x9494 (size before relaxing)
 .debug_str     0x00009f61      0xc42 ./Lib_FreeRTOS/queue.o
                               0xa3e3 (size before relaxing)
 .debug_str     0x0000aba3     0x19f6 ./Lib_FreeRTOS/tasks.o
                               0xb211 (size before relaxing)
 .debug_str     0x0000c599     0x3cdb ./Funciones.o
                               0xd43e (size before relaxing)
 .debug_str     0x00010274      0x10d ./Graficos.o
                               0xb928 (size before relaxing)
 .debug_str     0x00010381      0x366 ./Mef_Menu.o
                               0xcb79 (size before relaxing)
 .debug_str     0x000106e7       0xec ./adc.o
                               0x7f05 (size before relaxing)
 .debug_str     0x000107d3      0x1a9 ./cr_startup_lpc17.o
                               0x25d7 (size before relaxing)
 .debug_str     0x0001097c      0x155 ./iap_driver.o
                               0x7c86 (size before relaxing)
 .debug_str     0x00010ad1       0x18 ./main.o
                               0xc46c (size before relaxing)
 .debug_str     0x00010ae9       0x83 ./rtc.o
                               0x8045 (size before relaxing)
 .debug_str     0x00010b6c      0x125 ./uart.o
                               0x824a (size before relaxing)
 .debug_str     0x00010c91       0xe4 C:\nxp\projects\Workspace_NBrazo_V1.2\CMSISv1p30_LPC17xx\Debug\libCMSISv1p30_LPC17xx.a(system_LPC17xx.o)
                                0x2b4 (size before relaxing)
 .debug_str     0x00010d75       0xb0 C:\nxp\projects\Workspace_NBrazo_V1.2\LIB_GLCDgui\Debug\libLIB_GLCDgui.a(GLCDgui.o)
                                0x29a (size before relaxing)
 .debug_str     0x00010e25      0x1a9 C:\nxp\projects\Workspace_NBrazo_V1.2\LIB_GLCDgui\Debug\libLIB_GLCDgui.a(button.o)
                                0x41a (size before relaxing)
 .debug_str     0x00010fce       0x59 C:\nxp\projects\Workspace_NBrazo_V1.2\LIB_GLCDgui\Debug\libLIB_GLCDgui.a(list.o)
                                0x1aa (size before relaxing)
 .debug_str     0x00011027       0x67 C:\nxp\projects\Workspace_NBrazo_V1.2\LIB_GLCDgui\Debug\libLIB_GLCDgui.a(text.o)
                                0x3d6 (size before relaxing)
 .debug_str     0x0001108e      0x1c5 C:\nxp\projects\Workspace_NBrazo_V1.2\LIB_GLCDgui\Debug\libLIB_GLCDgui.a(windows.o)
                                0x4ab (size before relaxing)
 .debug_str     0x00011253       0xa3 C:\nxp\projects\Workspace_NBrazo_V1.2\LIB_GLCDgui\Debug\libLIB_GLCDgui.a(object.o)
                                0x3ca (size before relaxing)
 .debug_str     0x000112f6       0x44 C:\nxp\projects\Workspace_NBrazo_V1.2\LIB_GLCDgui\Debug\libLIB_GLCDgui.a(picture.o)
                                0x321 (size before relaxing)
 .debug_str     0x0001133a      0x119 C:\nxp\projects\Workspace_NBrazo_V1.2\LIB_GLCDgui\Debug\libLIB_GLCDgui.a(textSlider.o)
                                0x4eb (size before relaxing)
 .debug_str     0x00011453      0x144 C:\nxp\projects\Workspace_NBrazo_V1.2\LIB_GLCDPrimitives\Debug\libLIB_GLCDPrimitives.a(GLCDFonts.o)
                                0x259 (size before relaxing)
 .debug_str     0x00011597      0x111 C:\nxp\projects\Workspace_NBrazo_V1.2\LIB_GLCDPrimitives\Debug\libLIB_GLCDPrimitives.a(GLCDPrimitives.o)
                                0x25c (size before relaxing)
 .debug_str     0x000116a8       0xca C:\nxp\projects\Workspace_NBrazo_V1.2\Lib_GLCDLowLevel\Debug\libLib_GLCDLowLevel.a(GLCDLowLevel.o)
                                0x1af (size before relaxing)
 .debug_str     0x00011772       0x88 C:\nxp\projects\Workspace_NBrazo_V1.2\Lib_GLCDLowLevel\Debug\libLib_GLCDLowLevel.a(MicroInterface.o)
                                0x1b7 (size before relaxing)
 .debug_str     0x000117fa      0x255 C:\nxp\projects\Workspace_NBrazo_V1.2\Lib_MCU\Debug\libLib_MCU.a(lpc17xx_gpio.o)
                                0x480 (size before relaxing)

.comment        0x00000000       0xe0
 .comment       0x00000000       0x70 ./Lib_FreeRTOS/portable/MemMang/heap_2.o
                                 0x71 (size before relaxing)
 .comment       0x00000000       0x71 ./Lib_FreeRTOS/portable/GCC/ARM_CM3/port.o
 .comment       0x00000000       0x71 ./Lib_FreeRTOS/list.o
 .comment       0x00000000       0x71 ./Lib_FreeRTOS/queue.o
 .comment       0x00000000       0x71 ./Lib_FreeRTOS/tasks.o
 .comment       0x00000000       0x71 ./Funciones.o
 .comment       0x00000000       0x71 ./Graficos.o
 .comment       0x00000000       0x71 ./Mef_Menu.o
 .comment       0x00000000       0x71 ./adc.o
 .comment       0x00000000       0x71 ./cr_startup_lpc17.o
 .comment       0x00000000       0x71 ./iap_driver.o
 .comment       0x00000000       0x71 ./main.o
 .comment       0x00000000       0x71 ./rtc.o
 .comment       0x00000000       0x71 ./uart.o
 .comment       0x00000070       0x70 C:\nxp\projects\Workspace_NBrazo_V1.2\CMSISv1p30_LPC17xx\Debug\libCMSISv1p30_LPC17xx.a(system_LPC17xx.o)
                                 0x71 (size before relaxing)
 .comment       0x00000000       0x71 C:\nxp\projects\Workspace_NBrazo_V1.2\LIB_GLCDgui\Debug\libLIB_GLCDgui.a(GLCDgui.o)
 .comment       0x00000000       0x71 C:\nxp\projects\Workspace_NBrazo_V1.2\LIB_GLCDgui\Debug\libLIB_GLCDgui.a(button.o)
 .comment       0x00000000       0x71 C:\nxp\projects\Workspace_NBrazo_V1.2\LIB_GLCDgui\Debug\libLIB_GLCDgui.a(list.o)
 .comment       0x00000000       0x71 C:\nxp\projects\Workspace_NBrazo_V1.2\LIB_GLCDgui\Debug\libLIB_GLCDgui.a(text.o)
 .comment       0x00000000       0x71 C:\nxp\projects\Workspace_NBrazo_V1.2\LIB_GLCDgui\Debug\libLIB_GLCDgui.a(windows.o)
 .comment       0x00000000       0x71 C:\nxp\projects\Workspace_NBrazo_V1.2\LIB_GLCDgui\Debug\libLIB_GLCDgui.a(object.o)
 .comment       0x00000000       0x71 C:\nxp\projects\Workspace_NBrazo_V1.2\LIB_GLCDgui\Debug\libLIB_GLCDgui.a(picture.o)
 .comment       0x00000000       0x71 C:\nxp\projects\Workspace_NBrazo_V1.2\LIB_GLCDgui\Debug\libLIB_GLCDgui.a(textSlider.o)
 .comment       0x00000000       0x71 C:\nxp\projects\Workspace_NBrazo_V1.2\LIB_GLCDPrimitives\Debug\libLIB_GLCDPrimitives.a(GLCDFonts.o)
 .comment       0x00000000       0x71 C:\nxp\projects\Workspace_NBrazo_V1.2\LIB_GLCDPrimitives\Debug\libLIB_GLCDPrimitives.a(GLCDPrimitives.o)
 .comment       0x00000000       0x71 C:\nxp\projects\Workspace_NBrazo_V1.2\Lib_GLCDLowLevel\Debug\libLib_GLCDLowLevel.a(GLCDLowLevel.o)
 .comment       0x00000000       0x71 C:\nxp\projects\Workspace_NBrazo_V1.2\Lib_GLCDLowLevel\Debug\libLib_GLCDLowLevel.a(MicroInterface.o)
 .comment       0x00000000       0x71 C:\nxp\projects\Workspace_NBrazo_V1.2\Lib_MCU\Debug\libLib_MCU.a(lpc17xx_gpio.o)
 .comment       0x00000000       0x71 c:/nxp/lpcxpresso_7.0.2_102/lpcxpresso/tools/bin/../lib/gcc/arm-none-eabi/4.8.3/../../../../arm-none-eabi/lib/armv7-m\libcr_semihost.a(_cr__main.o)
 .comment       0x00000000       0x71 c:/nxp/lpcxpresso_7.0.2_102/lpcxpresso/tools/bin/../lib/gcc/arm-none-eabi/4.8.3/../../../../arm-none-eabi/lib/armv7-m\libcr_c.a(memcpy.o)
 .comment       0x00000000       0x71 c:/nxp/lpcxpresso_7.0.2_102/lpcxpresso/tools/bin/../lib/gcc/arm-none-eabi/4.8.3/../../../../arm-none-eabi/lib/armv7-m\libcr_c.a(memset.o)
 .comment       0x00000000       0x71 c:/nxp/lpcxpresso_7.0.2_102/lpcxpresso/tools/bin/../lib/gcc/arm-none-eabi/4.8.3/../../../../arm-none-eabi/lib/armv7-m\libcr_c.a(floor.o)
 .comment       0x00000000       0x71 c:/nxp/lpcxpresso_7.0.2_102/lpcxpresso/tools/bin/../lib/gcc/arm-none-eabi/4.8.3/../../../../arm-none-eabi/lib/armv7-m\libcr_c.a(fpprintf.o)
 .comment       0x00000000       0x71 c:/nxp/lpcxpresso_7.0.2_102/lpcxpresso/tools/bin/../lib/gcc/arm-none-eabi/4.8.3/../../../../arm-none-eabi/lib/armv7-m\libcr_c.a(initio.o)
 .comment       0x00000000       0x71 c:/nxp/lpcxpresso_7.0.2_102/lpcxpresso/tools/bin/../lib/gcc/arm-none-eabi/4.8.3/../../../../arm-none-eabi/lib/armv7-m\libcr_c.a(log10.o)
 .comment       0x00000000       0x71 c:/nxp/lpcxpresso_7.0.2_102/lpcxpresso/tools/bin/../lib/gcc/arm-none-eabi/4.8.3/../../../../arm-none-eabi/lib/armv7-m\libcr_c.a(pow.o)
 .comment       0x00000000       0x71 c:/nxp/lpcxpresso_7.0.2_102/lpcxpresso/tools/bin/../lib/gcc/arm-none-eabi/4.8.3/../../../../arm-none-eabi/lib/armv7-m\libcr_c.a(printf.o)
 .comment       0x00000000       0x71 c:/nxp/lpcxpresso_7.0.2_102/lpcxpresso/tools/bin/../lib/gcc/arm-none-eabi/4.8.3/../../../../arm-none-eabi/lib/armv7-m\libcr_c.a(setvbuf.o)
 .comment       0x00000000       0x71 c:/nxp/lpcxpresso_7.0.2_102/lpcxpresso/tools/bin/../lib/gcc/arm-none-eabi/4.8.3/../../../../arm-none-eabi/lib/armv7-m\libcr_c.a(sqrt.o)
 .comment       0x00000000       0x71 c:/nxp/lpcxpresso_7.0.2_102/lpcxpresso/tools/bin/../lib/gcc/arm-none-eabi/4.8.3/../../../../arm-none-eabi/lib/armv7-m\libcr_c.a(stdio.o)
 .comment       0x00000000       0x71 c:/nxp/lpcxpresso_7.0.2_102/lpcxpresso/tools/bin/../lib/gcc/arm-none-eabi/4.8.3/../../../../arm-none-eabi/lib/armv7-m\libcr_c.a(strcat.o)
 .comment       0x00000000       0x71 c:/nxp/lpcxpresso_7.0.2_102/lpcxpresso/tools/bin/../lib/gcc/arm-none-eabi/4.8.3/../../../../arm-none-eabi/lib/armv7-m\libcr_c.a(strcpy.o)
 .comment       0x00000000       0x71 c:/nxp/lpcxpresso_7.0.2_102/lpcxpresso/tools/bin/../lib/gcc/arm-none-eabi/4.8.3/../../../../arm-none-eabi/lib/armv7-m\libcr_c.a(strlen.o)
 .comment       0x00000000       0x71 c:/nxp/lpcxpresso_7.0.2_102/lpcxpresso/tools/bin/../lib/gcc/arm-none-eabi/4.8.3/../../../../arm-none-eabi/lib/armv7-m\libcr_c.a(strncmp.o)
 .comment       0x00000000       0x71 c:/nxp/lpcxpresso_7.0.2_102/lpcxpresso/tools/bin/../lib/gcc/arm-none-eabi/4.8.3/../../../../arm-none-eabi/lib/armv7-m\libcr_c.a(strncpy.o)
 .comment       0x00000000       0x71 c:/nxp/lpcxpresso_7.0.2_102/lpcxpresso/tools/bin/../lib/gcc/arm-none-eabi/4.8.3/../../../../arm-none-eabi/lib/armv7-m\libcr_c.a(_deferredlazyseek.o)
 .comment       0x00000000       0x71 c:/nxp/lpcxpresso_7.0.2_102/lpcxpresso/tools/bin/../lib/gcc/arm-none-eabi/4.8.3/../../../../arm-none-eabi/lib/armv7-m\libcr_c.a(_fdopen.o)
 .comment       0x00000000       0x71 c:/nxp/lpcxpresso_7.0.2_102/lpcxpresso/tools/bin/../lib/gcc/arm-none-eabi/4.8.3/../../../../arm-none-eabi/lib/armv7-m\libcr_c.a(_fflush.o)
 .comment       0x00000000       0x71 c:/nxp/lpcxpresso_7.0.2_102/lpcxpresso/tools/bin/../lib/gcc/arm-none-eabi/4.8.3/../../../../arm-none-eabi/lib/armv7-m\libcr_c.a(_frexpl.o)
 .comment       0x00000000       0x71 c:/nxp/lpcxpresso_7.0.2_102/lpcxpresso/tools/bin/../lib/gcc/arm-none-eabi/4.8.3/../../../../arm-none-eabi/lib/armv7-m\libcr_c.a(_hugeval.o)
 .comment       0x00000000       0x71 c:/nxp/lpcxpresso_7.0.2_102/lpcxpresso/tools/bin/../lib/gcc/arm-none-eabi/4.8.3/../../../../arm-none-eabi/lib/armv7-m\libcr_c.a(_ldexpl.o)
 .comment       0x00000000       0x71 c:/nxp/lpcxpresso_7.0.2_102/lpcxpresso/tools/bin/../lib/gcc/arm-none-eabi/4.8.3/../../../../arm-none-eabi/lib/armv7-m\libcr_c.a(_writebuf.o)
 .comment       0x00000000       0x71 c:/nxp/lpcxpresso_7.0.2_102/lpcxpresso/tools/bin/../lib/gcc/arm-none-eabi/4.8.3/../../../../arm-none-eabi/lib/armv7-m\libcr_c.a(alloc.o)
 .comment       0x00000000       0x71 c:/nxp/lpcxpresso_7.0.2_102/lpcxpresso/tools/bin/../lib/gcc/arm-none-eabi/4.8.3/../../../../arm-none-eabi/lib/armv7-m\libcr_c.a(errno.o)
 .comment       0x00000000       0x71 c:/nxp/lpcxpresso_7.0.2_102/lpcxpresso/tools/bin/../lib/gcc/arm-none-eabi/4.8.3/../../../../arm-none-eabi/lib/armv7-m\libcr_c.a(fclose.o)
 .comment       0x00000000       0x71 c:/nxp/lpcxpresso_7.0.2_102/lpcxpresso/tools/bin/../lib/gcc/arm-none-eabi/4.8.3/../../../../arm-none-eabi/lib/armv7-m\libcr_c.a(fflush.o)
 .comment       0x00000000       0x71 c:/nxp/lpcxpresso_7.0.2_102/lpcxpresso/tools/bin/../lib/gcc/arm-none-eabi/4.8.3/../../../../arm-none-eabi/lib/armv7-m\libcr_c.a(frexp.o)
 .comment       0x00000000       0x71 c:/nxp/lpcxpresso_7.0.2_102/lpcxpresso/tools/bin/../lib/gcc/arm-none-eabi/4.8.3/../../../../arm-none-eabi/lib/armv7-m\libcr_c.a(fseek.o)
 .comment       0x00000000       0x71 c:/nxp/lpcxpresso_7.0.2_102/lpcxpresso/tools/bin/../lib/gcc/arm-none-eabi/4.8.3/../../../../arm-none-eabi/lib/armv7-m\libcr_c.a(ftell.o)
 .comment       0x00000000       0x71 c:/nxp/lpcxpresso_7.0.2_102/lpcxpresso/tools/bin/../lib/gcc/arm-none-eabi/4.8.3/../../../../arm-none-eabi/lib/armv7-m\libcr_c.a(ldexp.o)
 .comment       0x00000000       0x71 c:/nxp/lpcxpresso_7.0.2_102/lpcxpresso/tools/bin/../lib/gcc/arm-none-eabi/4.8.3/../../../../arm-none-eabi/lib/armv7-m\libcr_c.a(log.o)
 .comment       0x00000000       0x71 c:/nxp/lpcxpresso_7.0.2_102/lpcxpresso/tools/bin/../lib/gcc/arm-none-eabi/4.8.3/../../../../arm-none-eabi/lib/armv7-m\libcr_c.a(remove.o)
 .comment       0x00000000       0x71 c:/nxp/lpcxpresso_7.0.2_102/lpcxpresso/tools/bin/../lib/gcc/arm-none-eabi/4.8.3/../../../../arm-none-eabi/lib/armv7-m\libcr_c.a(__init_alloc.o)
 .comment       0x00000000       0x71 c:/nxp/lpcxpresso_7.0.2_102/lpcxpresso/tools/bin/../lib/gcc/arm-none-eabi/4.8.3/../../../../arm-none-eabi/lib/armv7-m\libcr_c.a(_cr_sbrk.o)
 .comment       0x00000000       0x71 c:/nxp/lpcxpresso_7.0.2_102/lpcxpresso/tools/bin/../lib/gcc/arm-none-eabi/4.8.3/../../../../arm-none-eabi/lib/armv7-m\libcr_c.a(_do_fflush.o)
 .comment       0x00000000       0x71 c:/nxp/lpcxpresso_7.0.2_102/lpcxpresso/tools/bin/../lib/gcc/arm-none-eabi/4.8.3/../../../../arm-none-eabi/lib/armv7-m\libcr_c.a(_cr_check_heap.o)
 .comment       0x00000000       0x71 c:/nxp/lpcxpresso_7.0.2_102/lpcxpresso/tools/bin/../lib/gcc/arm-none-eabi/4.8.3/armv7-m\libcr_eabihelpers.a(double.o)
 .comment       0x00000000       0x71 c:/nxp/lpcxpresso_7.0.2_102/lpcxpresso/tools/bin/../lib/gcc/arm-none-eabi/4.8.3/armv7-m\libcr_eabihelpers.a(float.o)

.ARM.attributes
                0x00000000       0x31
 .ARM.attributes
                0x00000000       0x33 ./Lib_FreeRTOS/portable/MemMang/heap_2.o
 .ARM.attributes
                0x00000033       0x33 ./Lib_FreeRTOS/portable/GCC/ARM_CM3/port.o
 .ARM.attributes
                0x00000066       0x33 ./Lib_FreeRTOS/list.o
 .ARM.attributes
                0x00000099       0x33 ./Lib_FreeRTOS/queue.o
 .ARM.attributes
                0x000000cc       0x33 ./Lib_FreeRTOS/tasks.o
 .ARM.attributes
                0x000000ff       0x33 ./Funciones.o
 .ARM.attributes
                0x00000132       0x33 ./Graficos.o
 .ARM.attributes
                0x00000165       0x33 ./Mef_Menu.o
 .ARM.attributes
                0x00000198       0x33 ./adc.o
 .ARM.attributes
                0x000001cb       0x33 ./cr_startup_lpc17.o
 .ARM.attributes
                0x000001fe       0x33 ./iap_driver.o
 .ARM.attributes
                0x00000231       0x33 ./main.o
 .ARM.attributes
                0x00000264       0x33 ./rtc.o
 .ARM.attributes
                0x00000297       0x33 ./uart.o
 .ARM.attributes
                0x000002ca       0x21 C:\nxp\projects\Workspace_NBrazo_V1.2\cr_dsplibFFTbin_cm3\libcr_dsplibFFT_cm3.a(cr_dsplib_fft1024.o)
 .ARM.attributes
                0x000002eb       0x33 C:\nxp\projects\Workspace_NBrazo_V1.2\CMSISv1p30_LPC17xx\Debug\libCMSISv1p30_LPC17xx.a(system_LPC17xx.o)
 .ARM.attributes
                0x0000031e       0x33 C:\nxp\projects\Workspace_NBrazo_V1.2\LIB_GLCDgui\Debug\libLIB_GLCDgui.a(GLCDgui.o)
 .ARM.attributes
                0x00000351       0x33 C:\nxp\projects\Workspace_NBrazo_V1.2\LIB_GLCDgui\Debug\libLIB_GLCDgui.a(button.o)
 .ARM.attributes
                0x00000384       0x33 C:\nxp\projects\Workspace_NBrazo_V1.2\LIB_GLCDgui\Debug\libLIB_GLCDgui.a(list.o)
 .ARM.attributes
                0x000003b7       0x33 C:\nxp\projects\Workspace_NBrazo_V1.2\LIB_GLCDgui\Debug\libLIB_GLCDgui.a(text.o)
 .ARM.attributes
                0x000003ea       0x33 C:\nxp\projects\Workspace_NBrazo_V1.2\LIB_GLCDgui\Debug\libLIB_GLCDgui.a(windows.o)
 .ARM.attributes
                0x0000041d       0x33 C:\nxp\projects\Workspace_NBrazo_V1.2\LIB_GLCDgui\Debug\libLIB_GLCDgui.a(object.o)
 .ARM.attributes
                0x00000450       0x33 C:\nxp\projects\Workspace_NBrazo_V1.2\LIB_GLCDgui\Debug\libLIB_GLCDgui.a(picture.o)
 .ARM.attributes
                0x00000483       0x33 C:\nxp\projects\Workspace_NBrazo_V1.2\LIB_GLCDgui\Debug\libLIB_GLCDgui.a(textSlider.o)
 .ARM.attributes
                0x000004b6       0x33 C:\nxp\projects\Workspace_NBrazo_V1.2\LIB_GLCDPrimitives\Debug\libLIB_GLCDPrimitives.a(GLCDFonts.o)
 .ARM.attributes
                0x000004e9       0x33 C:\nxp\projects\Workspace_NBrazo_V1.2\LIB_GLCDPrimitives\Debug\libLIB_GLCDPrimitives.a(GLCDPrimitives.o)
 .ARM.attributes
                0x0000051c       0x33 C:\nxp\projects\Workspace_NBrazo_V1.2\Lib_GLCDLowLevel\Debug\libLib_GLCDLowLevel.a(GLCDLowLevel.o)
 .ARM.attributes
                0x0000054f       0x33 C:\nxp\projects\Workspace_NBrazo_V1.2\Lib_GLCDLowLevel\Debug\libLib_GLCDLowLevel.a(MicroInterface.o)
 .ARM.attributes
                0x00000582       0x33 C:\nxp\projects\Workspace_NBrazo_V1.2\Lib_MCU\Debug\libLib_MCU.a(lpc17xx_gpio.o)
 .ARM.attributes
                0x000005b5       0x21 c:/nxp/lpcxpresso_7.0.2_102/lpcxpresso/tools/bin/../lib/gcc/arm-none-eabi/4.8.3/../../../../arm-none-eabi/lib/armv7-m\libcr_semihost.a(__sys_write.o)
 .ARM.attributes
                0x000005d6       0x33 c:/nxp/lpcxpresso_7.0.2_102/lpcxpresso/tools/bin/../lib/gcc/arm-none-eabi/4.8.3/../../../../arm-none-eabi/lib/armv7-m\libcr_semihost.a(_cr__main.o)
 .ARM.attributes