Archive member included because of file (symbol)

C:\nxp\projects\Workspace_NBrazo_V1.2\cr_dsplibFFTbin_cm3\libcr_dsplibFFT_cm3.a(cr_dsplib_fft1024.o)
                              ./Funciones.o (vF_dspl_fftR4b16N1024)
C:\nxp\projects\Workspace_NBrazo_V1.2\CMSISv1p30_LPC17xx\Debug\libCMSISv1p30_LPC17xx.a(system_LPC17xx.o)
                              ./Mef_Menu.o (SystemCoreClock)
C:\nxp\projects\Workspace_NBrazo_V1.2\lib_small_printf_m3\Lib\liblib_small_printf_m3.a(small_printf_nofloat.o)
                              ./debug.o (printf_format_nofloat)
C:\nxp\projects\Workspace_NBrazo_V1.2\lib_small_printf_m3\Lib\liblib_small_printf_m3.a(small_printf_support.o)
                              C:\nxp\projects\Workspace_NBrazo_V1.2\lib_small_printf_m3\Lib\liblib_small_printf_m3.a(small_printf_nofloat.o) (prints)
C:\nxp\projects\Workspace_NBrazo_V1.2\lib_small_printf_m3\Lib\liblib_small_printf_m3.a(small_utils.o)
                              ./debug.o (small_strlen)
C:\nxp\projects\Workspace_NBrazo_V1.2\LIB_GLCDgui\Debug\libLIB_GLCDgui.a(GLCDgui.o)
                              ./Graficos.o (GUI_StartLibrary)
C:\nxp\projects\Workspace_NBrazo_V1.2\LIB_GLCDgui\Debug\libLIB_GLCDgui.a(button.o)
                              ./Graficos.o (GUI_Button_Create)
C:\nxp\projects\Workspace_NBrazo_V1.2\LIB_GLCDgui\Debug\libLIB_GLCDgui.a(list.o)
                              C:\nxp\projects\Workspace_NBrazo_V1.2\LIB_GLCDgui\Debug\libLIB_GLCDgui.a(GLCDgui.o) (List_Init)
C:\nxp\projects\Workspace_NBrazo_V1.2\LIB_GLCDgui\Debug\libLIB_GLCDgui.a(text.o)
                              ./Graficos.o (GUI_Text_Create)
C:\nxp\projects\Workspace_NBrazo_V1.2\LIB_GLCDgui\Debug\libLIB_GLCDgui.a(windows.o)
                              ./Graficos.o (GUI_Window_Create)
C:\nxp\projects\Workspace_NBrazo_V1.2\LIB_GLCDgui\Debug\libLIB_GLCDgui.a(object.o)
                              C:\nxp\projects\Workspace_NBrazo_V1.2\LIB_GLCDgui\Debug\libLIB_GLCDgui.a(windows.o) (GUI_DrawObject)
C:\nxp\projects\Workspace_NBrazo_V1.2\LIB_GLCDgui\Debug\libLIB_GLCDgui.a(picture.o)
                              C:\nxp\projects\Workspace_NBrazo_V1.2\LIB_GLCDgui\Debug\libLIB_GLCDgui.a(object.o) (GUI_Picture_Draw)
C:\nxp\projects\Workspace_NBrazo_V1.2\LIB_GLCDgui\Debug\libLIB_GLCDgui.a(textSlider.o)
                              C:\nxp\projects\Workspace_NBrazo_V1.2\LIB_GLCDgui\Debug\libLIB_GLCDgui.a(object.o) (GUI_TextSlider_Draw)
C:\nxp\projects\Workspace_NBrazo_V1.2\LIB_GLCDPrimitives\Debug\libLIB_GLCDPrimitives.a(GLCDFonts.o)
                              C:\nxp\projects\Workspace_NBrazo_V1.2\LIB_GLCDgui\Debug\libLIB_GLCDgui.a(button.o) (GLCD_SelectFont)
C:\nxp\projects\Workspace_NBrazo_V1.2\LIB_GLCDPrimitives\Debug\libLIB_GLCDPrimitives.a(GLCDPrimitives.o)
                              C:\nxp\projects\Workspace_NBrazo_V1.2\LIB_GLCDgui\Debug\libLIB_GLCDgui.a(GLCDgui.o) (GLCDPrimitives_ClearScreen)
C:\nxp\projects\Workspace_NBrazo_V1.2\Lib_GLCDLowLevel\Debug\libLib_GLCDLowLevel.a(GLCDLowLevel.o)
                              C:\nxp\projects\Workspace_NBrazo_V1.2\LIB_GLCDgui\Debug\libLIB_GLCDgui.a(GLCDgui.o) (GLCDLowLevel_Init)
C:\nxp\projects\Workspace_NBrazo_V1.2\Lib_GLCDLowLevel\Debug\libLib_GLCDLowLevel.a(MicroInterface.o)
                              C:\nxp\projects\Workspace_NBrazo_V1.2\Lib_GLCDLowLevel\Debug\libLib_GLCDLowLevel.a(GLCDLowLevel.o) (MicroInterface_Init)
C:\nxp\projects\Workspace_NBrazo_V1.2\Lib_MCU\Debug\libLib_MCU.a(lpc17xx_gpio.o)
                              C:\nxp\projects\Workspace_NBrazo_V1.2\Lib_GLCDLowLevel\Debug\libLib_GLCDLowLevel.a(MicroInterface.o) (FIO_SetDir)
c:/nxp/lpcxpresso_7.0.2_102/lpcxpresso/tools/bin/../lib/gcc/arm-none-eabi/4.8.3/../../../../arm-none-eabi/lib/armv7-m\libcr_semihost.a(__sys_write.o)
                              ./debug.o (__write)
c:/nxp/lpcxpresso_7.0.2_102/lpcxpresso/tools/bin/../lib/gcc/arm-none-eabi/4.8.3/../../../../arm-none-eabi/lib/armv7-m\libcr_semihost.a(_cr__main.o)
                              ./cr_startup_lpc17.o (__main)
c:/nxp/lpcxpresso_7.0.2_102/lpcxpresso/tools/bin/../lib/gcc/arm-none-eabi/4.8.3/../../../../arm-none-eabi/lib/armv7-m\libcr_c.a(memcpy.o)
                              ./Lib_FreeRTOS/queue.o (memcpy)
c:/nxp/lpcxpresso_7.0.2_102/lpcxpresso/tools/bin/../lib/gcc/arm-none-eabi/4.8.3/../../../../arm-none-eabi/lib/armv7-m\libcr_c.a(memset.o)
                              ./Lib_FreeRTOS/tasks.o (memset)
c:/nxp/lpcxpresso_7.0.2_102/lpcxpresso/tools/bin/../lib/gcc/arm-none-eabi/4.8.3/../../../../arm-none-eabi/lib/armv7-m\libcr_c.a(floor.o)
                              ./Funciones.o (floor)
c:/nxp/lpcxpresso_7.0.2_102/lpcxpresso/tools/bin/../lib/gcc/arm-none-eabi/4.8.3/../../../../arm-none-eabi/lib/armv7-m\libcr_c.a(fpprintf.o)
                              ./Lib_FreeRTOS/tasks.o (sprintf)
c:/nxp/lpcxpresso_7.0.2_102/lpcxpresso/tools/bin/../lib/gcc/arm-none-eabi/4.8.3/../../../../arm-none-eabi/lib/armv7-m\libcr_c.a(initio.o)
[...]
Memory Configuration

Name             Origin             Length             Attributes
MFlash512        0x00000000         0x00080000         xr
RamLoc32         0x10000000         0x00008000         xrw
RamAHB32         0x2007c000         0x00008000         xrw
*default*        0x00000000         0xffffffff

Linker script and memory map

LOAD ./Lib_FreeRTOS/portable/MemMang/heap_2.o
LOAD ./Lib_FreeRTOS/portable/GCC/ARM_CM3/port.o
LOAD ./Lib_FreeRTOS/list.o
LOAD ./Lib_FreeRTOS/queue.o
LOAD ./Lib_FreeRTOS/tasks.o
LOAD ./Funciones.o
LOAD ./Graficos.o
LOAD ./Mef_Menu.o
LOAD ./adc.o
LOAD ./cr_startup_lpc17.o
LOAD ./debug.o
LOAD ./freq.o
LOAD ./iap_driver.o
LOAD ./main.o
LOAD ./rtc.o
LOAD ./uart.o
LOAD C:\nxp\projects\Workspace_NBrazo_V1.2\cr_dsplibFFTbin_cm3\libcr_dsplibFFT_cm3.a
LOAD C:\nxp\projects\Workspace_NBrazo_V1.2\CMSISv1p30_LPC17xx\Debug\libCMSISv1p30_LPC17xx.a
LOAD C:\nxp\projects\Workspace_NBrazo_V1.2\lib_small_printf_m3\Lib\liblib_small_printf_m3.a
LOAD C:\nxp\projects\Workspace_NBrazo_V1.2\LIB_GLCDgui\Debug\libLIB_GLCDgui.a
LOAD C:\nxp\projects\Workspace_NBrazo_V1.2\LIB_GLCDPrimitives\Debug\libLIB_GLCDPrimitives.a
LOAD C:\nxp\projects\Workspace_NBrazo_V1.2\Lib_GLCDLowLevel\Debug\libLib_GLCDLowLevel.a
LOAD C:\nxp\projects\Workspace_NBrazo_V1.2\Lib_TouchPanel\Debug\libLib_TouchPanel.a
LOAD C:\nxp\projects\Workspace_NBrazo_V1.2\Lib_MCU\Debug\libLib_MCU.a
LOAD C:\nxp\projects\Workspace_NBrazo_V1.2\CMSISv1p30_LPC17xx\Debug\libCMSISv1p30_LPC17xx.a
START GROUP
LOAD c:/nxp/lpcxpresso_7.0.2_102/lpcxpresso/tools/bin/../lib/gcc/arm-none-eabi/4.8.3/../../../../arm-none-eabi/lib/armv7-m\libcr_semihost.a
LOAD c:/nxp/lpcxpresso_7.0.2_102/lpcxpresso/tools/bin/../lib/gcc/arm-none-eabi/4.8.3/../../../../arm-none-eabi/lib/armv7-m\libcr_c.a
LOAD c:/nxp/lpcxpresso_7.0.2_102/lpcxpresso/tools/bin/../lib/gcc/arm-none-eabi/4.8.3/armv7-m\libcr_eabihelpers.a
END GROUP
                0x00080000                __top_MFlash512 = 0x80000
                0x10008000                __top_RamLoc32 = 0x10008000
                0x20084000                __top_RamAHB32 = 0x20084000

.text           0x00000000     0xc8f8
 FILL mask 0xff
                0x00000000                __vectors_start__ = ABSOLUTE (.)
 *(.isr_vector)
 .isr_vector    0x00000000       0xcc ./cr_startup_lpc17.o
                0x00000000                g_pfnVectors
                0x000000cc                . = ALIGN (0x4)
                0x000000cc                __section_table_start = .
                0x000000cc                __data_section_table = .
                0x000000cc        0x4 LONG 0xc8f8 LOADADDR (.data)
                0x000000d0        0x4 LONG 0x10000000 ADDR (.data)
                0x000000d4        0x4 LONG 0x190 SIZEOF (.data)
                0x000000d8        0x4 LONG 0xc8f8 LOADADDR (.data_RAM2)
                0x000000dc        0x4 LONG 0x2007c000 ADDR (.data_RAM2)
                0x000000e0        0x4 LONG 0x0 SIZEOF (.data_RAM2)
                0x000000e4                __data_section_table_end = .
                0x000000e4                __bss_section_table = .
                0x000000e4        0x4 LONG 0x10000190 ADDR (.bss)
                0x000000e8        0x4 LONG 0x7d88 SIZEOF (.bss)
                0x000000ec        0x4 LONG 0x2007c000 ADDR (.bss_RAM2)
                0x000000f0        0x4 LONG 0x0 SIZEOF (.bss_RAM2)
                0x000000f4                __bss_section_table_end = .
                0x000000f4                __section_table_end = .
 *(.after_vectors*)
 .after_vectors
                0x000000f4      0x144 ./cr_startup_lpc17.o
                0x000000f4                data_init
                0x00000138                bss_init
                0x00000170                ResetISR
                0x000001e8                NMI_Handler
                0x000001f0                HardFault_Handler
                0x000001f8                MemManage_Handler
                0x00000200                BusFault_Handler
                0x00000208                UsageFault_Handler
                0x00000210                SVC_Handler
                0x00000218                DebugMon_Handler
                0x00000220                PendSV_Handler
                0x00000230                CANActivity_IRQHandler
                0x00000230                TIMER3_IRQHandler
                0x00000230                USBActivity_IRQHandler
                0x00000230                EINT2_IRQHandler
                0x00000230                IntDefaultHandler
                0x00000230                PLL0_IRQHandler
                0x00000230                CAN_IRQHandler
                0x00000230                PLL1_IRQHandler
                0x00000230                I2C0_IRQHandler
                0x00000230                I2S_IRQHandler
                0x00000230                I2C1_IRQHandler
                0x00000230                TIMER0_IRQHandler
                0x00000230                SPI_IRQHandler
                0x00000230                RIT_IRQHandler
                0x00000230                EINT1_IRQHandler
                0x00000230                TIMER1_IRQHandler
                0x00000230                UART2_IRQHandler
                0x00000230                ADC_IRQHandler
                0x00000230                SSP1_IRQHandler
                0x00000230                USB_IRQHandler
                0x00000230                BOD_IRQHandler
                0x00000230                PWM1_IRQHandler
                0x00000230                WDT_IRQHandler
                0x00000230                I2C2_IRQHandler
                0x00000230                QEI_IRQHandler
                0x00000230                EINT0_IRQHandler
                0x00000230                SSP0_IRQHandler
                0x00000230                DMA_IRQHandler
                0x00000230                TIMER2_IRQHandler
                0x00000230                MCPWM_IRQHandler
                0x00000230                ENET_IRQHandler
 *(.text*)
 .text.pvPortMalloc
                0x00000238      0x144 ./Lib_FreeRTOS/portable/MemMang/heap_2.o
                0x00000238                pvPortMalloc
 .text.vPortFree
                0x0000037c       0x70 ./Lib_FreeRTOS/portable/MemMang/heap_2.o
                0x0000037c                vPortFree
 .text.vPortYieldFromISR
                0x000003ec       0x18 ./Lib_FreeRTOS/portable/GCC/ARM_CM3/port.o
                0x000003ec                vPortYieldFromISR
 .text.vPortEnterCritical
                0x00000404       0x24 ./Lib_FreeRTOS/portable/GCC/ARM_CM3/port.o
                0x00000404                vPortEnterCritical
 .text.vPortExitCritical
                0x00000428       0x2c ./Lib_FreeRTOS/portable/GCC/ARM_CM3/port.o
                0x00000428                vPortExitCritical
 .text.vListInsertEnd
                0x00000454       0x50 ./Lib_FreeRTOS/list.o
                0x00000454                vListInsertEnd
 .text.vListRemove
                0x000004a4       0x50 ./Lib_FreeRTOS/list.o
                0x000004a4                vListRemove
 .text.xQueueGenericSendFromISR
                0x000004f4       0x80 ./Lib_FreeRTOS/queue.o
                0x000004f4                xQueueGenericSendFromISR
 .text.prvCopyDataToQueue
                0x00000574       0xb8 ./Lib_FreeRTOS/queue.o
 .text.vTaskSuspendAll
                0x0000062c       0x1c ./Lib_FreeRTOS/tasks.o
                0x0000062c                vTaskSuspendAll
 .text.xTaskResumeAll
                0x00000648       0xf4 ./Lib_FreeRTOS/tasks.o
                0x00000648                xTaskResumeAll
 .text.vTaskIncrementTick
                0x0000073c      0x12c ./Lib_FreeRTOS/tasks.o
                0x0000073c                vTaskIncrementTick
 .text.xTaskRemoveFromEventList
                0x00000868       0xa0 ./Lib_FreeRTOS/tasks.o
                0x00000868                xTaskRemoveFromEventList
 .text.vTaskPriorityDisinherit
                0x00000908       0x7c ./Lib_FreeRTOS/tasks.o
                0x00000908                vTaskPriorityDisinherit
 .text.NVIC_EnableIRQ
                0x00000984       0x30 ./Funciones.o
 .text.NVIC_DisableIRQ
                0x000009b4       0x34 ./Funciones.o
 .text.Getter_Variables_uint16
                0x000009e8       0x70 ./Funciones.o
                0x000009e8                Getter_Variables_uint16
 .text.Getter_Variables_uint8
                0x00000a58       0x3c ./Funciones.o
                0x00000a58                Getter_Variables_uint8
 .text.Getter_Array_char
                0x00000a94       0x50 ./Funciones.o
                0x00000a94                Getter_Array_char
 .text.PresentaResultados
                0x00000ae4      0x1c4 ./Funciones.o
                0x00000ae4                PresentaResultados
 .text.PresentaGrafico
                0x00000ca8      0x10c ./Funciones.o
                0x00000ca8                PresentaGrafico
 .text.Teclado  0x00000db4       0x40 ./Funciones.o
                0x00000db4                Teclado
 .text.IniciarPromedio
                0x00000df4       0x5c ./Funciones.o
                0x00000df4                IniciarPromedio
 .text.IniciarVariables
                0x00000e50       0xbc ./Funciones.o
                0x00000e50                IniciarVariables
 .text.EsperaTecla
                0x00000f0c       0x28 ./Funciones.o
                0x00000f0c                EsperaTecla
 .text.GLCD_Bmp
                0x00000f34       0x90 ./Funciones.o
                0x00000f34                GLCD_Bmp
 .text.itoa     0x00000fc4       0xb4 ./Funciones.o
                0x00000fc4                itoa
 .text.CalculoRMS
                0x00001078      0x448 ./Funciones.o
                0x00001078                CalculoRMS
 .text.AnalisisFrec
                0x000014c0      0x268 ./Funciones.o
                0x000014c0                AnalisisFrec
 .text.CalculaDecibeles
                0x00001728      0x130 ./Funciones.o
                0x00001728                CalculaDecibeles
 .text.LargaMedicion
                0x00001858      0x370 ./Funciones.o
                0x00001858                LargaMedicion
 .text.BorraYGraba
                0x00001bc8       0x54 ./Funciones.o
                0x00001bc8                BorraYGraba
 .text.LeeMemoria
                0x00001c1c       0x10 ./Funciones.o
                0x00001c1c                LeeMemoria
 .text.BorraMemoria
                0x00001c2c       0x74 ./Funciones.o
                0x00001c2c                BorraMemoria
 .text.Tiempito
                0x00001ca0       0x44 ./Funciones.o
                0x00001ca0                Tiempito
 .text.PoneFechaHora
                0x00001ce4       0x20 ./Funciones.o
                0x00001ce4                PoneFechaHora
 .text.Inicializar_pines
                0x00001d04       0xec ./Funciones.o
                0x00001d04                Inicializar_pines
 .text.Apaga_Salida_Seisg
                0x00001df0       0x18 ./Funciones.o
                0x00001df0                Apaga_Salida_Seisg
 .text.Apaga_Salida_Unopcincog
                0x00001e08       0x18 ./Funciones.o
                0x00001e08                Apaga_Salida_Unopcincog
 .text.Iniciar_sistema
                0x00001e20       0x34 ./Funciones.o
                0x00001e20                Iniciar_sistema
 .text.vTest_PerformFFT
                0x00001e54       0x20 ./Funciones.o
 .text.EINT3_IRQHandler
                0x00001e74       0x40 ./Funciones.o
                0x00001e74                EINT3_IRQHandler
 .text.GUI_init
                0x00001eb4       0x20 ./Graficos.o
                0x00001eb4                GUI_init
 .text.StartGUI
                0x00001ed4       0x20 ./Graficos.o
                0x00001ed4                StartGUI
 .text.Posicion_Flecha
                0x00001ef4       0x50 ./Graficos.o
                0x00001ef4                Posicion_Flecha
 .text.CreateGUI
                0x00001f44      0x8a0 ./Graficos.o
                0x00001f44                CreateGUI
 .text.wndHome_btnSettings_OnClik
                0x000027e4       0x18 ./Graficos.o
                0x000027e4                wndHome_btnSettings_OnClik
 .text.NVIC_SetPriority
                0x000027fc       0x54 ./Mef_Menu.o
 .text.SysTick_Config
                0x00002850       0x44 ./Mef_Menu.o
 .text.Incializar_variables_locales
                0x00002894       0x54 ./Mef_Menu.o
                0x00002894                Incializar_variables_locales
 .text.Rutina_Medicion
                0x000028e8      0x1c8 ./Mef_Menu.o
                0x000028e8                Rutina_Medicion
 .text.Medir    0x00002ab0      0x11c ./Mef_Menu.o
                0x00002ab0                Medir
 .text.Rutina_Remoto
                0x00002bcc       0x70 ./Mef_Menu.o
                0x00002bcc                Rutina_Remoto
 .text.Rutina_Presenta_Anterior
                0x00002c3c      0x168 ./Mef_Menu.o
                0x00002c3c                Rutina_Presenta_Anterior
 .text.PresentaTMedicion
                0x00002da4      0x144 ./Mef_Menu.o
                0x00002da4                PresentaTMedicion
 .text.Presenta_Anterior
                0x00002ee8      0x148 ./Mef_Menu.o
                0x00002ee8                Presenta_Anterior
 .text.Rutina_Borrar_Memoria
                0x00003030       0xa8 ./Mef_Menu.o
                0x00003030                Rutina_Borrar_Memoria
 .text.Rutina_Principal
                0x000030d8      0x11c ./Mef_Menu.o
                0x000030d8                Rutina_Principal
 .text.Seleccion_Menus
                0x000031f4       0xf4 ./Mef_Menu.o
                0x000031f4                Seleccion_Menus
 .text.Rutina_Salir
                0x000032e8       0x4c ./Mef_Menu.o
                0x000032e8                Rutina_Salir
 .text.SysTick_Handler
                0x00003334       0x2c ./Mef_Menu.o
                0x00003334                SysTick_Handler
 .text.Mef_Init
                0x00003360       0x70 ./Mef_Menu.o
                0x00003360                Mef_Init
 .text.ActualizarMef
                0x000033d0       0x98 ./Mef_Menu.o
                0x000033d0                ActualizarMef
 .text.ADCInit  0x00003468       0xc0 ./adc.o
                0x00003468                ADCInit
 .text.ADC0Read
                0x00003528       0x8c ./adc.o
                0x00003528                ADC0Read
 .text.iap_erase_sector
                0x000035b4       0x4c ./iap_driver.o
                0x000035b4                iap_erase_sector
 .text.iap_prepare_sector
                0x00003600       0x34 ./iap_driver.o
                0x00003600                iap_prepare_sector
 .text.iap_copy_ram_to_flash
                0x00003634       0x50 ./iap_driver.o
                0x00003634                iap_copy_ram_to_flash
 .text.main     0x00003684       0x34 ./main.o
                0x00003684                main
 .text.RTC_IRQHandler
                0x000036b8       0x2c ./rtc.o
                0x000036b8                RTC_IRQHandler
 .text.RTCInit  0x000036e4       0x68 ./rtc.o
                0x000036e4                RTCInit
 .text.RTCStart
                0x0000374c       0x28 ./rtc.o
                0x0000374c                RTCStart
 .text.NVIC_EnableIRQ
                0x00003774       0x30 ./uart.o
 .text.UART0_IRQHandler
                0x000037a4       0xf4 ./uart.o
                0x000037a4                UART0_IRQHandler
 .text.UART1_IRQHandler
                0x00003898       0xf4 ./uart.o
                0x00003898                UART1_IRQHandler
 .text.UART3_IRQHandler
                0x0000398c       0xf4 ./uart.o
                0x0000398c                UART3_IRQHandler
 .text.UARTInit
                0x00003a80      0x220 ./uart.o
                0x00003a80                UARTInit
 .text          0x00003ca0     0x11dc C:\nxp\projects\Workspace_NBrazo_V1.2\cr_dsplibFFTbin_cm3\libcr_dsplibFFT_cm3.a(cr_dsplib_fft1024.o)
                0x00003ca0                vF_dspl_fftR4b16N1024
 .text.SystemCoreClockUpdate
                0x00004e7c      0x218 C:\nxp\projects\Workspace_NBrazo_V1.2\CMSISv1p30_LPC17xx\Debug\libCMSISv1p30_LPC17xx.a(system_LPC17xx.o)
                0x00004e7c                SystemCoreClockUpdate
 .text.SystemInit
                0x00005094      0x22c C:\nxp\projects\Workspace_NBrazo_V1.2\CMSISv1p30_LPC17xx\Debug\libCMSISv1p30_LPC17xx.a(system_LPC17xx.o)
                0x00005094                SystemInit
 .text.GUI_StartLibrary
                0x000052c0       0x28 C:\nxp\projects\Workspace_NBrazo_V1.2\LIB_GLCDgui\Debug\libLIB_GLCDgui.a(GLCDgui.o)
                0x000052c0                GUI_StartLibrary
 .text.GUI_DefineHeapMalloc
                0x000052e8       0x20 C:\nxp\projects\Workspace_NBrazo_V1.2\LIB_GLCDgui\Debug\libLIB_GLCDgui.a(GLCDgui.o)
                0x000052e8                GUI_DefineHeapMalloc
 .text.GUI_DefineHeapFree
                0x00005308       0x20 C:\nxp\projects\Workspace_NBrazo_V1.2\LIB_GLCDgui\Debug\libLIB_GLCDgui.a(GLCDgui.o)
                0x00005308                GUI_DefineHeapFree
 .text.GUI_Malloc
                0x00005328       0x24 C:\nxp\projects\Workspace_NBrazo_V1.2\LIB_GLCDgui\Debug\libLIB_GLCDgui.a(GLCDgui.o)
                0x00005328                GUI_Malloc
 .text.GUI_Button_Create
                0x0000534c      0x104 C:\nxp\projects\Workspace_NBrazo_V1.2\LIB_GLCDgui\Debug\libLIB_GLCDgui.a(button.o)
                0x0000534c                GUI_Button_Create
 .text.GUI_Button_Draw
                0x00005450       0xc4 C:\nxp\projects\Workspace_NBrazo_V1.2\LIB_GLCDgui\Debug\libLIB_GLCDgui.a(button.o)
                0x00005450                GUI_Button_Draw
 .text.List_Init
                0x00005514       0x2c C:\nxp\projects\Workspace_NBrazo_V1.2\LIB_GLCDgui\Debug\libLIB_GLCDgui.a(list.o)
                0x00005514                List_Init
 .text.List_AddNode
                0x00005540       0x74 C:\nxp\projects\Workspace_NBrazo_V1.2\LIB_GLCDgui\Debug\libLIB_GLCDgui.a(list.o)
                0x00005540                List_AddNode
 .text.List_SearchNode
                0x000055b4       0x40 C:\nxp\projects\Workspace_NBrazo_V1.2\LIB_GLCDgui\Debug\libLIB_GLCDgui.a(list.o)
                0x000055b4                List_SearchNode
 .text.GUI_Text_Create
                0x000055f4       0xec C:\nxp\projects\Workspace_NBrazo_V1.2\LIB_GLCDgui\Debug\libLIB_GLCDgui.a(text.o)
                0x000055f4                GUI_Text_Create
 .text.GUI_Text_Draw
                0x000056e0       0x40 C:\nxp\projects\Workspace_NBrazo_V1.2\LIB_GLCDgui\Debug\libLIB_GLCDgui.a(text.o)
                0x000056e0                GUI_Text_Draw
 .text.GUI_Text_Draw_In_Dimmer
                0x00005720      0x110 C:\nxp\projects\Workspace_NBrazo_V1.2\LIB_GLCDgui\Debug\libLIB_GLCDgui.a(text.o)
                0x00005720                GUI_Text_Draw_In_Dimmer
 .text.GUI_Text_Draw_In_Menu
                0x00005830      0x12c C:\nxp\projects\Workspace_NBrazo_V1.2\LIB_GLCDgui\Debug\libLIB_GLCDgui.a(text.o)
                0x00005830                GUI_Text_Draw_In_Menu
 .text.GUI_Text_Draw_In_Credits
                0x0000595c      0x144 C:\nxp\projects\Workspace_NBrazo_V1.2\LIB_GLCDgui\Debug\libLIB_GLCDgui.a(text.o)
                0x0000595c                GUI_Text_Draw_In_Credits
 .text.GUI_Text_Draw_In_Credit4
                0x00005aa0      0x144 C:\nxp\projects\Workspace_NBrazo_V1.2\LIB_GLCDgui\Debug\libLIB_GLCDgui.a(text.o)
                0x00005aa0                GUI_Text_Draw_In_Credit4
 .text.GUI_Text_Draw_In_Credits5
                0x00005be4      0x144 C:\nxp\projects\Workspace_NBrazo_V1.2\LIB_GLCDgui\Debug\libLIB_GLCDgui.a(text.o)
                0x00005be4                GUI_Text_Draw_In_Credits5
 .text.GUI_Text_Draw_In_GrafRes
                0x00005d28      0x204 C:\nxp\projects\Workspace_NBrazo_V1.2\LIB_GLCDgui\Debug\libLIB_GLCDgui.a(text.o)
                0x00005d28                GUI_Text_Draw_In_GrafRes
 .text.GUI_Window_Create
                0x00005f2c       0xb4 C:\nxp\projects\Workspace_NBrazo_V1.2\LIB_GLCDgui\Debug\libLIB_GLCDgui.a(windows.o)
                0x00005f2c                GUI_Window_Create
 .text.GUI_Window_Draw
                0x00005fe0      0x1bc C:\nxp\projects\Workspace_NBrazo_V1.2\LIB_GLCDgui\Debug\libLIB_GLCDgui.a(windows.o)
                0x00005fe0                GUI_Window_Draw
 .text.GUI_DrawObject
                0x0000619c       0x64 C:\nxp\projects\Workspace_NBrazo_V1.2\LIB_GLCDgui\Debug\libLIB_GLCDgui.a(object.o)
                0x0000619c                GUI_DrawObject
 .text.GUI_Picture_Draw
                0x00006200       0x9c C:\nxp\projects\Workspace_NBrazo_V1.2\LIB_GLCDgui\Debug\libLIB_GLCDgui.a(picture.o)
                0x00006200                GUI_Picture_Draw
 .text.GUI_TextSlider_Draw
                0x0000629c       0xd0 C:\nxp\projects\Workspace_NBrazo_V1.2\LIB_GLCDgui\Debug\libLIB_GLCDgui.a(textSlider.o)
                0x0000629c                GUI_TextSlider_Draw
 .text.FontRead
                0x0000636c       0x18 C:\nxp\projects\Workspace_NBrazo_V1.2\LIB_GLCDPrimitives\Debug\libLIB_GLCDPrimitives.a(GLCDFonts.o)
                0x0000636c                FontRead
 .text.GLCD_SelectFont
                0x00006384       0x30 C:\nxp\projects\Workspace_NBrazo_V1.2\LIB_GLCDPrimitives\Debug\libLIB_GLCDPrimitives.a(GLCDFonts.o)
                0x00006384                GLCD_SelectFont
 .text.GLCD_FreePuts
                0x000063b4       0x90 C:\nxp\projects\Workspace_NBrazo_V1.2\LIB_GLCDPrimitives\Debug\libLIB_GLCDPrimitives.a(GLCDFonts.o)
                0x000063b4                GLCD_FreePuts
 .text.GLCD_FreePutChar
                0x00006444      0x5a0 C:\nxp\projects\Workspace_NBrazo_V1.2\LIB_GLCDPrimitives\Debug\libLIB_GLCDPrimitives.a(GLCDFonts.o)
                0x00006444                GLCD_FreePutChar
 .text.GLCD_CursorFreeTo
                0x000069e4       0x30 C:\nxp\projects\Workspace_NBrazo_V1.2\LIB_GLCDPrimitives\Debug\libLIB_GLCDPrimitives.a(GLCDFonts.o)
                0x000069e4                GLCD_CursorFreeTo
 .text.SetPage  0x00006a14       0x48 C:\nxp\projects\Workspace_NBrazo_V1.2\LIB_GLCDPrimitives\Debug\libLIB_GLCDPrimitives.a(GLCDPrimitives.o)
                0x00006a14                SetPage
 .text.GLCDPrimitives_ClearScreen
                0x00006a5c       0x68 C:\nxp\projects\Workspace_NBrazo_V1.2\LIB_GLCDPrimitives\Debug\libLIB_GLCDPrimitives.a(GLCDPrimitives.o)
                0x00006a5c                GLCDPrimitives_ClearScreen
 .text.GLCDPrimitives_DrawBitmap
                0x00006ac4       0xc8 C:\nxp\projects\Workspace_NBrazo_V1.2\LIB_GLCDPrimitives\Debug\libLIB_GLCDPrimitives.a(GLCDPrimitives.o)
                0x00006ac4                GLCDPrimitives_DrawBitmap
 .text.GLCDPrimitives_DrawLine
                0x00006b8c      0x358 C:\nxp\projects\Workspace_NBrazo_V1.2\LIB_GLCDPrimitives\Debug\libLIB_GLCDPrimitives.a(GLCDPrimitives.o)
                0x00006b8c                GLCDPrimitives_DrawLine
 .text.GLCDPrimitives_FillRect
                0x00006ee4      0x274 C:\nxp\projects\Workspace_NBrazo_V1.2\LIB_GLCDPrimitives\Debug\libLIB_GLCDPrimitives.a(GLCDPrimitives.o)
                0x00006ee4                GLCDPrimitives_FillRect
 .text.SendData
                0x00007158      0x10c C:\nxp\projects\Workspace_NBrazo_V1.2\Lib_GLCDLowLevel\Debug\libLib_GLCDLowLevel.a(GLCDLowLevel.o)
 .text.GLCDLowLevel_Init
                0x00007264       0xe0 C:\nxp\projects\Workspace_NBrazo_V1.2\Lib_GLCDLowLevel\Debug\libLib_GLCDLowLevel.a(GLCDLowLevel.o)
                0x00007264                GLCDLowLevel_Init
 .text.GLCDLowLevel_SwapBuffer
                0x00007344       0xd4 C:\nxp\projects\Workspace_NBrazo_V1.2\Lib_GLCDLowLevel\Debug\libLib_GLCDLowLevel.a(GLCDLowLevel.o)
                0x00007344                GLCDLowLevel_SwapBuffer
 .text.MicroInterface_Init
                0x00007418       0x7c C:\nxp\projects\Workspace_NBrazo_V1.2\Lib_GLCDLowLevel\Debug\libLib_GLCDLowLevel.a(MicroInterface.o)
                0x00007418                MicroInterface_Init
 .text.MicroInterface_Bit_WriteLow
                0x00007494       0x2c C:\nxp\projects\Workspace_NBrazo_V1.2\Lib_GLCDLowLevel\Debug\libLib_GLCDLowLevel.a(MicroInterface.o)
                0x00007494                MicroInterface_Bit_WriteLow
 .text.MicroInterface_Bit_WriteHigh
                0x000074c0       0x2c C:\nxp\projects\Workspace_NBrazo_V1.2\Lib_GLCDLowLevel\Debug\libLib_GLCDLowLevel.a(MicroInterface.o)
                0x000074c0                MicroInterface_Bit_WriteHigh
 .text.MicroInterface_Byte_WriteData
                0x000074ec       0x5c C:\nxp\projects\Workspace_NBrazo_V1.2\Lib_GLCDLowLevel\Debug\libLib_GLCDLowLevel.a(MicroInterface.o)
                0x000074ec                MicroInterface_Byte_WriteData
 .text.GPIO_GetPointer
                0x00007548       0x7c C:\nxp\projects\Workspace_NBrazo_V1.2\Lib_MCU\Debug\libLib_MCU.a(lpc17xx_gpio.o)
 .text.FIO_ByteGetPointer
                0x000075c4       0x7c C:\nxp\projects\Workspace_NBrazo_V1.2\Lib_MCU\Debug\libLib_MCU.a(lpc17xx_gpio.o)
 .text.GPIO_SetDir
                0x00007640       0x54 C:\nxp\projects\Workspace_NBrazo_V1.2\Lib_MCU\Debug\libLib_MCU.a(lpc17xx_gpio.o)
                0x00007640                GPIO_SetDir
 .text.GPIO_SetValue
                0x00007694       0x2c C:\nxp\projects\Workspace_NBrazo_V1.2\Lib_MCU\Debug\libLib_MCU.a(lpc17xx_gpio.o)
                0x00007694                GPIO_SetValue
 .text.GPIO_ClearValue
                0x000076c0       0x2c C:\nxp\projects\Workspace_NBrazo_V1.2\Lib_MCU\Debug\libLib_MCU.a(lpc17xx_gpio.o)
                0x000076c0                GPIO_ClearValue
 .text.FIO_SetDir
                0x000076ec       0x28 C:\nxp\projects\Workspace_NBrazo_V1.2\Lib_MCU\Debug\libLib_MCU.a(lpc17xx_gpio.o)
                0x000076ec                FIO_SetDir
 .text.FIO_SetValue
                0x00007714       0x20 C:\nxp\projects\Workspace_NBrazo_V1.2\Lib_MCU\Debug\libLib_MCU.a(lpc17xx_gpio.o)
                0x00007714                FIO_SetValue
 .text.FIO_ClearValue
                0x00007734       0x20 C:\nxp\projects\Workspace_NBrazo_V1.2\Lib_MCU\Debug\libLib_MCU.a(lpc17xx_gpio.o)
                0x00007734                FIO_ClearValue
 .text.FIO_ByteSetDir
                0x00007754       0x70 C:\nxp\projects\Workspace_NBrazo_V1.2\Lib_MCU\Debug\libLib_MCU.a(lpc17xx_gpio.o)
                0x00007754                FIO_ByteSetDir
 .text.FIO_ByteSetValue
                0x000077c4       0x3c C:\nxp\projects\Workspace_NBrazo_V1.2\Lib_MCU\Debug\libLib_MCU.a(lpc17xx_gpio.o)
                0x000077c4                FIO_ByteSetValue
 .text.FIO_ByteClearValue
                0x00007800       0x3c C:\nxp\projects\Workspace_NBrazo_V1.2\Lib_MCU\Debug\libLib_MCU.a(lpc17xx_gpio.o)
                0x00007800                FIO_ByteClearValue
 .text.__sys_write
                0x0000783c        0xc c:/nxp/lpcxpresso_7.0.2_102/lpcxpresso/tools/bin/../lib/gcc/arm-none-eabi/4.8.3/../../../../arm-none-eabi/lib/armv7-m\libcr_semihost.a(__sys_write.o)
                0x0000783c                __sys_write
                0x0000783c                __write
 .text.__main   0x00007848       0x14 c:/nxp/lpcxpresso_7.0.2_102/lpcxpresso/tools/bin/../lib/gcc/arm-none-eabi/4.8.3/../../../../arm-none-eabi/lib/armv7-m\libcr_semihost.a(_cr__main.o)
                0x00007848                __main
 .text.memcpy   0x0000785c        0x4 c:/nxp/lpcxpresso_7.0.2_102/lpcxpresso/tools/bin/../lib/gcc/arm-none-eabi/4.8.3/../../../../arm-none-eabi/lib/armv7-m\libcr_c.a(memcpy.o)
                0x0000785c                memcpy
 .text.memset   0x00007860        0x4 c:/nxp/lpcxpresso_7.0.2_102/lpcxpresso/tools/bin/../lib/gcc/arm-none-eabi/4.8.3/../../../../arm-none-eabi/lib/armv7-m\libcr_c.a(memset.o)
                0x00007860                memset
 .text.floor    0x00007864       0x90 c:/nxp/lpcxpresso_7.0.2_102/lpcxpresso/tools/bin/../lib/gcc/arm-none-eabi/4.8.3/../../../../arm-none-eabi/lib/armv7-m\libcr_c.a(floor.o)
                0x00007864                floor
 .text.fp_round
                0x000078f4       0x4e c:/nxp/lpcxpresso_7.0.2_102/lpcxpresso/tools/bin/../lib/gcc/arm-none-eabi/4.8.3/../../../../arm-none-eabi/lib/armv7-m\libcr_c.a(fpprintf.o)
 .text.pr_dec.constprop.1
                0x00007942       0x26 c:/nxp/lpcxpresso_7.0.2_102/lpcxpresso/tools/bin/../lib/gcc/arm-none-eabi/4.8.3/../../../../arm-none-eabi/lib/armv7-m\libcr_c.a(fpprintf.o)
 .text.sprintf  0x00007968       0x6c c:/nxp/lpcxpresso_7.0.2_102/lpcxpresso/tools/bin/../lib/gcc/arm-none-eabi/4.8.3/../../../../arm-none-eabi/lib/armv7-m\libcr_c.a(fpprintf.o)
                0x00007968                sprintf
 *fill*         0x000079d4        0x4 
 .text.fp_display
                0x000079d8      0x998 c:/nxp/lpcxpresso_7.0.2_102/lpcxpresso/tools/bin/../lib/gcc/arm-none-eabi/4.8.3/../../../../arm-none-eabi/lib/armv7-m\libcr_c.a(fpprintf.o)
 .text._initio  0x00008370       0xa4 c:/nxp/lpcxpresso_7.0.2_102/lpcxpresso/tools/bin/../lib/gcc/arm-none-eabi/4.8.3/../../../../arm-none-eabi/lib/armv7-m\libcr_c.a(initio.o)
                0x00008370                _initio
 *fill*         0x00008414        0x4 
 .text.log10    0x00008418       0x20 c:/nxp/lpcxpresso_7.0.2_102/lpcxpresso/tools/bin/../lib/gcc/arm-none-eabi/4.8.3/../../../../arm-none-eabi/lib/armv7-m\libcr_c.a(log10.o)
                0x00008418                log10
 .text.pow      0x00008438      0x570 c:/nxp/lpcxpresso_7.0.2_102/lpcxpresso/tools/bin/../lib/gcc/arm-none-eabi/4.8.3/../../../../arm-none-eabi/lib/armv7-m\libcr_c.a(pow.o)
                0x00008438                pow
 .text.__vfprintf
                0x000089a8      0xca0 c:/nxp/lpcxpresso_7.0.2_102/lpcxpresso/tools/bin/../lib/gcc/arm-none-eabi/4.8.3/../../../../arm-none-eabi/lib/armv7-m\libcr_c.a(printf.o)
                0x000089a8                __vfprintf
 .text.setvbuf  0x00009648       0x40 c:/nxp/lpcxpresso_7.0.2_102/lpcxpresso/tools/bin/../lib/gcc/arm-none-eabi/4.8.3/../../../../arm-none-eabi/lib/armv7-m\libcr_c.a(setvbuf.o)
                0x00009648                setvbuf
 .text.sqrt     0x00009688      0x138 c:/nxp/lpcxpresso_7.0.2_102/lpcxpresso/tools/bin/../lib/gcc/arm-none-eabi/4.8.3/../../../../arm-none-eabi/lib/armv7-m\libcr_c.a(sqrt.o)
                0x00009688                sqrt
 .text.strcat   0x000097c0       0x1a c:/nxp/lpcxpresso_7.0.2_102/lpcxpresso/tools/bin/../lib/gcc/arm-none-eabi/4.8.3/../../../../arm-none-eabi/lib/armv7-m\libcr_c.a(strcat.o)
                0x000097c0                strcat
 .text.strcpy   0x000097da       0x40 c:/nxp/lpcxpresso_7.0.2_102/lpcxpresso/tools/bin/../lib/gcc/arm-none-eabi/4.8.3/../../../../arm-none-eabi/lib/armv7-m\libcr_c.a(strcpy.o)
                0x000097da                strcpy
 .text.strlen   0x0000981a       0x4a c:/nxp/lpcxpresso_7.0.2_102/lpcxpresso/tools/bin/../lib/gcc/arm-none-eabi/4.8.3/../../../../arm-none-eabi/lib/armv7-m\libcr_c.a(strlen.o)
                0x0000981a                strlen
 .text.strncmp  0x00009864       0x54 c:/nxp/lpcxpresso_7.0.2_102/lpcxpresso/tools/bin/../lib/gcc/arm-none-eabi/4.8.3/../../../../arm-none-eabi/lib/armv7-m\libcr_c.a(strncmp.o)
                0x00009864                strncmp
 .text.strncpy  0x000098b8       0x58 c:/nxp/lpcxpresso_7.0.2_102/lpcxpresso/tools/bin/../lib/gcc/arm-none-eabi/4.8.3/../../../../arm-none-eabi/lib/armv7-m\libcr_c.a(strncpy.o)
                0x000098b8                strncpy
 .text._deferredlazyseek
                0x00009910       0x44 c:/nxp/lpcxpresso_7.0.2_102/lpcxpresso/tools/bin/../lib/gcc/arm-none-eabi/4.8.3/../../../../arm-none-eabi/lib/armv7-m\libcr_c.a(_deferredlazyseek.o)
                0x00009910                _deferredlazyseek
 .text.__flsbuf
                0x00009954      0x142 c:/nxp/lpcxpresso_7.0.2_102/lpcxpresso/tools/bin/../lib/gcc/arm-none-eabi/4.8.3/../../../../arm-none-eabi/lib/armv7-m\libcr_c.a(_deferredlazyseek.o)
                0x00009954                __flsbuf
 .text._fdopen  0x00009a96       0x6a c:/nxp/lpcxpresso_7.0.2_102/lpcxpresso/tools/bin/../lib/gcc/arm-none-eabi/4.8.3/../../../../arm-none-eabi/lib/armv7-m\libcr_c.a(_fdopen.o)
                0x00009a96                _fdopen
 .text._fflush  0x00009b00       0x58 c:/nxp/lpcxpresso_7.0.2_102/lpcxpresso/tools/bin/../lib/gcc/arm-none-eabi/4.8.3/../../../../arm-none-eabi/lib/armv7-m\libcr_c.a(_fflush.o)
                0x00009b00                _fflush
 .text._frexpl  0x00009b58       0x5c c:/nxp/lpcxpresso_7.0.2_102/lpcxpresso/tools/bin/../lib/gcc/arm-none-eabi/4.8.3/../../../../arm-none-eabi/lib/armv7-m\libcr_c.a(_frexpl.o)
                0x00009b58                _frexpl
 .text._ldexpl  0x00009bb4       0x4c c:/nxp/lpcxpresso_7.0.2_102/lpcxpresso/tools/bin/../lib/gcc/arm-none-eabi/4.8.3/../../../../arm-none-eabi/lib/armv7-m\libcr_c.a(_ldexpl.o)
                0x00009bb4                _ldexpl
 .text._Cwritebuf
                0x00009c00       0x70 c:/nxp/lpcxpresso_7.0.2_102/lpcxpresso/tools/bin/../lib/gcc/arm-none-eabi/4.8.3/../../../../arm-none-eabi/lib/armv7-m\libcr_c.a(_writebuf.o)
                0x00009c00                _Cwritebuf
 .text.malloc   0x00009c70       0xc4 c:/nxp/lpcxpresso_7.0.2_102/lpcxpresso/tools/bin/../lib/gcc/arm-none-eabi/4.8.3/../../../../arm-none-eabi/lib/armv7-m\libcr_c.a(alloc.o)
                0x00009c70                malloc
 .text.free     0x00009d34        0xc c:/nxp/lpcxpresso_7.0.2_102/lpcxpresso/tools/bin/../lib/gcc/arm-none-eabi/4.8.3/../../../../arm-none-eabi/lib/armv7-m\libcr_c.a(alloc.o)
                0x00009d34                free
 .text._Csys_alloc
                0x00009d40       0x20 c:/nxp/lpcxpresso_7.0.2_102/lpcxpresso/tools/bin/../lib/gcc/arm-none-eabi/4.8.3/../../../../arm-none-eabi/lib/armv7-m\libcr_c.a(alloc.o)
                0x00009d40                _Csys_alloc
 .text.fclose   0x00009d60       0x6c c:/nxp/lpcxpresso_7.0.2_102/lpcxpresso/tools/bin/../lib/gcc/arm-none-eabi/4.8.3/../../../../arm-none-eabi/lib/armv7-m\libcr_c.a(fclose.o)
                0x00009d60                fclose
 .text.fflush   0x00009dcc       0x30 c:/nxp/lpcxpresso_7.0.2_102/lpcxpresso/tools/bin/../lib/gcc/arm-none-eabi/4.8.3/../../../../arm-none-eabi/lib/armv7-m\libcr_c.a(fflush.o)
                0x00009dcc                fflush
 .text.frexp    0x00009dfc       0x5c c:/nxp/lpcxpresso_7.0.2_102/lpcxpresso/tools/bin/../lib/gcc/arm-none-eabi/4.8.3/../../../../arm-none-eabi/lib/armv7-m\libcr_c.a(frexp.o)
                0x00009dfc                frexp
 .text.fseek    0x00009e58      0x10c c:/nxp/lpcxpresso_7.0.2_102/lpcxpresso/tools/bin/../lib/gcc/arm-none-eabi/4.8.3/../../../../arm-none-eabi/lib/armv7-m\libcr_c.a(fseek.o)
                0x00009e58                fseek
 .text.ftell    0x00009f64       0x4c c:/nxp/lpcxpresso_7.0.2_102/lpcxpresso/tools/bin/../lib/gcc/arm-none-eabi/4.8.3/../../../../arm-none-eabi/lib/armv7-m\libcr_c.a(ftell.o)
                0x00009f64                ftell
 .text.ldexp    0x00009fb0       0x4c c:/nxp/lpcxpresso_7.0.2_102/lpcxpresso/tools/bin/../lib/gcc/arm-none-eabi/4.8.3/../../../../arm-none-eabi/lib/armv7-m\libcr_c.a(ldexp.o)
                0x00009fb0                ldexp
 *fill*         0x00009ffc        0x4 
 .text.log      0x0000a000      0x1e0 c:/nxp/lpcxpresso_7.0.2_102/lpcxpresso/tools/bin/../lib/gcc/arm-none-eabi/4.8.3/../../../../arm-none-eabi/lib/armv7-m\libcr_c.a(log.o)
                0x0000a000                log
 .text.remove   0x0000a1e0       0x14 c:/nxp/lpcxpresso_7.0.2_102/lpcxpresso/tools/bin/../lib/gcc/arm-none-eabi/4.8.3/../../../../arm-none-eabi/lib/armv7-m\libcr_c.a(remove.o)
                0x0000a1e0                remove
 .text._sbrk    0x0000a1f4       0x40 c:/nxp/lpcxpresso_7.0.2_102/lpcxpresso/tools/bin/../lib/gcc/arm-none-eabi/4.8.3/../../../../arm-none-eabi/lib/armv7-m\libcr_c.a(_cr_sbrk.o)
                0x0000a1f4                _sbrk
 .text._do_fflush
                0x0000a234       0x44 c:/nxp/lpcxpresso_7.0.2_102/lpcxpresso/tools/bin/../lib/gcc/arm-none-eabi/4.8.3/../../../../arm-none-eabi/lib/armv7-m\libcr_c.a(_do_fflush.o)
                0x0000a234                _do_fflush
 .text.__check_heap_overflow
                0x0000a278       0x24 c:/nxp/lpcxpresso_7.0.2_102/lpcxpresso/tools/bin/../lib/gcc/arm-none-eabi/4.8.3/../../../../arm-none-eabi/lib/armv7-m\libcr_c.a(_cr_check_heap.o)
                0x0000a278                __check_heap_overflow
 .text.__aeabi_dmul
                0x0000a29c      0x12c c:/nxp/lpcxpresso_7.0.2_102/lpcxpresso/tools/bin/../lib/gcc/arm-none-eabi/4.8.3/armv7-m\libcr_eabihelpers.a(double.o)
                0x0000a29c                __aeabi_dmul
 .text.__aeabi_ddiv
                0x0000a3c8      0x16c c:/nxp/lpcxpresso_7.0.2_102/lpcxpresso/tools/bin/../lib/gcc/arm-none-eabi/4.8.3/armv7-m\libcr_eabihelpers.a(double.o)
                0x0000a3c8                __aeabi_ddiv
 .text.__aeabi_dsub
                0x0000a534      0x228 c:/nxp/lpcxpresso_7.0.2_102/lpcxpresso/tools/bin/../lib/gcc/arm-none-eabi/4.8.3/armv7-m\libcr_eabihelpers.a(double.o)
                0x0000a534                __aeabi_dsub
 .text.__aeabi_dadd
                0x0000a75c      0x178 c:/nxp/lpcxpresso_7.0.2_102/lpcxpresso/tools/bin/../lib/gcc/arm-none-eabi/4.8.3/armv7-m\libcr_eabihelpers.a(double.o)
                0x0000a75c                __aeabi_dadd
 .text.__aeabi_d2f
                0x0000a8d4       0x58 c:/nxp/lpcxpresso_7.0.2_102/lpcxpresso/tools/bin/../lib/gcc/arm-none-eabi/4.8.3/armv7-m\libcr_eabihelpers.a(double.o)
                0x0000a8d4                __aeabi_d2f
 .text.__aeabi_d2iz
                0x0000a92c       0x4c c:/nxp/lpcxpresso_7.0.2_102/lpcxpresso/tools/bin/../lib/gcc/arm-none-eabi/4.8.3/armv7-m\libcr_eabihelpers.a(double.o)
                0x0000a92c                __aeabi_d2iz
 .text.__bhs_ui2d
                0x0000a978       0x48 c:/nxp/lpcxpresso_7.0.2_102/lpcxpresso/tools/bin/../lib/gcc/arm-none-eabi/4.8.3/armv7-m\libcr_eabihelpers.a(double.o)
                0x0000a978                __bhs_ui2d
 .text.__aeabi_i2d
                0x0000a9c0       0x10 c:/nxp/lpcxpresso_7.0.2_102/lpcxpresso/tools/bin/../lib/gcc/arm-none-eabi/4.8.3/armv7-m\libcr_eabihelpers.a(double.o)
                0x0000a9c0                __aeabi_i2d
 .text.__aeabi_dcmpeq
                0x0000a9d0       0x40 c:/nxp/lpcxpresso_7.0.2_102/lpcxpresso/tools/bin/../lib/gcc/arm-none-eabi/4.8.3/armv7-m\libcr_eabihelpers.a(double.o)
                0x0000a9d0                __aeabi_dcmpeq
 .text.__aeabi_dcmplt
                0x0000aa10       0x60 c:/nxp/lpcxpresso_7.0.2_102/lpcxpresso/tools/bin/../lib/gcc/arm-none-eabi/4.8.3/armv7-m\libcr_eabihelpers.a(double.o)
                0x0000aa10                __aeabi_dcmplt
 .text.__aeabi_dcmpgt
                0x0000aa70       0x5c c:/nxp/lpcxpresso_7.0.2_102/lpcxpresso/tools/bin/../lib/gcc/arm-none-eabi/4.8.3/armv7-m\libcr_eabihelpers.a(double.o)
                0x0000aa70                __aeabi_dcmpgt
 .text.__aeabi_dcmple
                0x0000aacc       0x60 c:/nxp/lpcxpresso_7.0.2_102/lpcxpresso/tools/bin/../lib/gcc/arm-none-eabi/4.8.3/armv7-m\libcr_eabihelpers.a(double.o)
                0x0000aacc                __aeabi_dcmple
 .text.__aeabi_dcmpge
                0x0000ab2c       0x5c c:/nxp/lpcxpresso_7.0.2_102/lpcxpresso/tools/bin/../lib/gcc/arm-none-eabi/4.8.3/armv7-m\libcr_eabihelpers.a(double.o)
                0x0000ab2c                __aeabi_dcmpge
 .text.__bhs_ui2f.part.0
                0x0000ab88       0x20 c:/nxp/lpcxpresso_7.0.2_102/lpcxpresso/tools/bin/../lib/gcc/arm-none-eabi/4.8.3/armv7-m\libcr_eabihelpers.a(float.o)
 .text.__aeabi_fmul
                0x0000aba8       0xbc c:/nxp/lpcxpresso_7.0.2_102/lpcxpresso/tools/bin/../lib/gcc/arm-none-eabi/4.8.3/armv7-m\libcr_eabihelpers.a(float.o)
                0x0000aba8                __aeabi_fmul
 .text.__aeabi_fdiv
                0x0000ac64       0xc0 c:/nxp/lpcxpresso_7.0.2_102/lpcxpresso/tools/bin/../lib/gcc/arm-none-eabi/4.8.3/armv7-m\libcr_eabihelpers.a(float.o)
                0x0000ac64                __aeabi_fdiv
 .text.__aeabi_fsub
                0x0000ad24       0xfc c:/nxp/lpcxpresso_7.0.2_102/lpcxpresso/tools/bin/../lib/gcc/arm-none-eabi/4.8.3/armv7-m\libcr_eabihelpers.a(float.o)
                0x0000ad24                __aeabi_fsub
 .text.__aeabi_fadd
                0x0000ae20       0xb0 c:/nxp/lpcxpresso_7.0.2_102/lpcxpresso/tools/bin/../lib/gcc/arm-none-eabi/4.8.3/armv7-m\libcr_eabihelpers.a(float.o)
                0x0000ae20                __aeabi_fadd
 .text.__aeabi_f2iz
                0x0000aed0       0x34 c:/nxp/lpcxpresso_7.0.2_102/lpcxpresso/tools/bin/../lib/gcc/arm-none-eabi/4.8.3/armv7-m\libcr_eabihelpers.a(float.o)
                0x0000aed0                __aeabi_f2iz
 .text.__aeabi_i2f
                0x0000af04       0x18 c:/nxp/lpcxpresso_7.0.2_102/lpcxpresso/tools/bin/../lib/gcc/arm-none-eabi/4.8.3/armv7-m\libcr_eabihelpers.a(float.o)
                0x0000af04                __aeabi_i2f
 .text.__aeabi_f2d
                0x0000af1c       0x44 c:/nxp/lpcxpresso_7.0.2_102/lpcxpresso/tools/bin/../lib/gcc/arm-none-eabi/4.8.3/armv7-m\libcr_eabihelpers.a(float.o)
                0x0000af1c                __aeabi_f2d
 .text.__aeabi_fcmplt
                0x0000af60       0x34 c:/nxp/lpcxpresso_7.0.2_102/lpcxpresso/tools/bin/../lib/gcc/arm-none-eabi/4.8.3/armv7-m\libcr_eabihelpers.a(float.o)
                0x0000af60                __aeabi_fcmplt
 .text.__aeabi_fcmpgt
                0x0000af94       0x34 c:/nxp/lpcxpresso_7.0.2_102/lpcxpresso/tools/bin/../lib/gcc/arm-none-eabi/4.8.3/armv7-m\libcr_eabihelpers.a(float.o)
                0x0000af94                __aeabi_fcmpgt
 .text.__aeabi_memcpy
                0x0000afc8       0x2a c:/nxp/lpcxpresso_7.0.2_102/lpcxpresso/tools/bin/../lib/gcc/arm-none-eabi/4.8.3/armv7-m\libcr_eabihelpers.a(memcpy.o)
                0x0000afc8                __aeabi_memcpy4
                0x0000afc8                __aeabi_memcpy8
                0x0000afc8                __aeabi_memcpy
 .text.__aeabi_memset_lowlevel
                0x0000aff2       0x2c c:/nxp/lpcxpresso_7.0.2_102/lpcxpresso/tools/bin/../lib/gcc/arm-none-eabi/4.8.3/armv7-m\libcr_eabihelpers.a(memcpy.o)
                0x0000aff2                __aeabi_lowlevel_memset
 *fill*         0x0000b01e        0x2 
 .text.__sys_appexit
                0x0000b020        0xc c:/nxp/lpcxpresso_7.0.2_102/lpcxpresso/tools/bin/../lib/gcc/arm-none-eabi/4.8.3/../../../../arm-none-eabi/lib/armv7-m\libcr_semihost.a(__sys_appexit.o)
                0x0000b020                __sys_appexit
                0x0000b020                __exit
 .text.__sys_close
                0x0000b02c        0xc c:/nxp/lpcxpresso_7.0.2_102/lpcxpresso/tools/bin/../lib/gcc/arm-none-eabi/4.8.3/../../../../arm-none-eabi/lib/armv7-m\libcr_semihost.a(__sys_close.o)
                0x0000b02c                __sys_close
 .text.__sys_flen
                0x0000b038        0xc c:/nxp/lpcxpresso_7.0.2_102/lpcxpresso/tools/bin/../lib/gcc/arm-none-eabi/4.8.3/../../../../arm-none-eabi/lib/armv7-m\libcr_semihost.a(__sys_flen.o)
                0x0000b038                __sys_flen
 .text.__sys_istty
                0x0000b044        0xc c:/nxp/lpcxpresso_7.0.2_102/lpcxpresso/tools/bin/../lib/gcc/arm-none-eabi/4.8.3/../../../../arm-none-eabi/lib/armv7-m\libcr_semihost.a(__sys_istty.o)
                0x0000b044                __sys_istty
 .text.__sys_remove
                0x0000b050        0xc c:/nxp/lpcxpresso_7.0.2_102/lpcxpresso/tools/bin/../lib/gcc/arm-none-eabi/4.8.3/../../../../arm-none-eabi/lib/armv7-m\libcr_semihost.a(__sys_remove.o)
                0x0000b050                __sys_remove
 .text.__sys_seek
                0x0000b05c        0xc c:/nxp/lpcxpresso_7.0.2_102/lpcxpresso/tools/bin/../lib/gcc/arm-none-eabi/4.8.3/../../../../arm-none-eabi/lib/armv7-m\libcr_semihost.a(__sys_seek.o)
                0x0000b05c                __sys_seek
 .text.__sys_tmpnam
                0x0000b068        0xc c:/nxp/lpcxpresso_7.0.2_102/lpcxpresso/tools/bin/../lib/gcc/arm-none-eabi/4.8.3/../../../../arm-none-eabi/lib/armv7-m\libcr_semihost.a(__sys_tmpnam.o)
                0x0000b068                __sys_tmpnam
 *(.rodata .rodata.* .constdata .constdata.*)
 .rodata        0x0000b074      0x560 ./Funciones.o
                0x0000b25c                Octavas
                0x0000b2d8                NumCanal
                0x0000b2dc                FacTiempo
                0x0000b2e4                AnchoBanda
                0x0000b2ec                NumMuestras
                0x0000b2f0                FacEsc
                0x0000b308                LongReg
                0x0000b30c                W
 .rodata        0x0000b5d4      0x528 ./Graficos.o
 .rodata        0x0000bafc      0x2d8 ./Mef_Menu.o
                0x0000bce4                VecTMedicion
 .rodata        0x0000bdd4      0x1f0 ./main.o
 .rodata.System5x7
                0x0000bfc4      0x1e8 C:\nxp\projects\Workspace_NBrazo_V1.2\LIB_GLCDgui\Debug\libLIB_GLCDgui.a(button.o)
 .rodata.System5x7
                0x0000c1ac      0x1e8 C:\nxp\projects\Workspace_NBrazo_V1.2\LIB_GLCDgui\Debug\libLIB_GLCDgui.a(text.o)
 .rodata        0x0000c394       0x20 C:\nxp\projects\Workspace_NBrazo_V1.2\LIB_GLCDgui\Debug\libLIB_GLCDgui.a(text.o)
 .rodata.System5x7
                0x0000c3b4      0x1e8 C:\nxp\projects\Workspace_NBrazo_V1.2\LIB_GLCDgui\Debug\libLIB_GLCDgui.a(windows.o)
 .rodata.System5x7
                0x0000c59c      0x1e8 C:\nxp\projects\Workspace_NBrazo_V1.2\LIB_GLCDgui\Debug\libLIB_GLCDgui.a(textSlider.o)
 .rodata        0x0000c784       0x14 C:\nxp\projects\Workspace_NBrazo_V1.2\LIB_GLCDgui\Debug\libLIB_GLCDgui.a(textSlider.o)
 .rodata.str1.1
                0x0000c798       0x34 c:/nxp/lpcxpresso_7.0.2_102/lpcxpresso/tools/bin/../lib/gcc/arm-none-eabi/4.8.3/../../../../arm-none-eabi/lib/armv7-m\libcr_c.a(fpprintf.o)
                                 0x35 (size before relaxing)
 .rodata.str1.1
                0x0000c7cc        0x4 c:/nxp/lpcxpresso_7.0.2_102/lpcxpresso/tools/bin/../lib/gcc/arm-none-eabi/4.8.3/../../../../arm-none-eabi/lib/armv7-m\libcr_c.a(initio.o)
 .rodata.a2.3913
                0x0000c7d0       0x40 c:/nxp/lpcxpresso_7.0.2_102/lpcxpresso/tools/bin/../lib/gcc/arm-none-eabi/4.8.3/../../../../arm-none-eabi/lib/armv7-m\libcr_c.a(pow.o)
 .rodata.a1.3912
                0x0000c810       0x88 c:/nxp/lpcxpresso_7.0.2_102/lpcxpresso/tools/bin/../lib/gcc/arm-none-eabi/4.8.3/../../../../arm-none-eabi/lib/armv7-m\libcr_c.a(pow.o)
 .rodata.str1.1
                0x0000c898       0x31 c:/nxp/lpcxpresso_7.0.2_102/lpcxpresso/tools/bin/../lib/gcc/arm-none-eabi/4.8.3/../../../../arm-none-eabi/lib/armv7-m\libcr_c.a(printf.o)
                                 0x38 (size before relaxing)
 *fill*         0x0000c8c9        0x7 
 .rodata.__huge_val
                0x0000c8d0        0x8 c:/nxp/lpcxpresso_7.0.2_102/lpcxpresso/tools/bin/../lib/gcc/arm-none-eabi/4.8.3/../../../../arm-none-eabi/lib/armv7-m\libcr_c.a(_hugeval.o)
                0x0000c8d0                __huge_val
 .rodata.__huge_vall
                0x0000c8d8        0x8 c:/nxp/lpcxpresso_7.0.2_102/lpcxpresso/tools/bin/../lib/gcc/arm-none-eabi/4.8.3/../../../../arm-none-eabi/lib/armv7-m\libcr_c.a(_hugeval.o)
                0x0000c8d8                __huge_vall
 .rodata.str1.1
                0x0000c8e0       0x18 c:/nxp/lpcxpresso_7.0.2_102/lpcxpresso/tools/bin/../lib/gcc/arm-none-eabi/4.8.3/../../../../arm-none-eabi/lib/armv7-m\libcr_c.a(alloc.o)
                0x0000c8f8                . = ALIGN (0x4)

.glue_7         0x0000c8f8        0x0
 .glue_7        0x00000000        0x0 linker stubs

.glue_7t        0x0000c8f8        0x0
 .glue_7t       0x00000000        0x0 linker stubs

.vfp11_veneer   0x0000c8f8        0x0
 .vfp11_veneer  0x00000000        0x0 linker stubs

.v4_bx          0x0000c8f8        0x0
 .v4_bx         0x00000000        0x0 linker stubs

.iplt           0x0000c8f8        0x0
 .iplt          0x00000000        0x0 ./Lib_FreeRTOS/portable/MemMang/heap_2.o

.rel.dyn        0x0000c8f8        0x0
 .rel.iplt      0x00000000        0x0 ./Lib_FreeRTOS/portable/MemMang/heap_2.o

.ARM.extab
 *(.ARM.extab* .gnu.linkonce.armextab.*)
                0x0000c8f8                __exidx_start = .

.ARM.exidx
 *(.ARM.exidx* .gnu.linkonce.armexidx.*)
                0x0000c8f8                __exidx_end = .
                0x0000c8f8                _etext = .

.data_RAM2      0x2007c000        0x0 load address 0x0000c8f8
 FILL mask 0xff
 *(.ramfunc.$RAM2)
 *(.data.$RAM2*)
 *(.data.$RamAHB32*)
                0x2007c000                . = ALIGN (0x4)

.uninit_RESERVED
                0x10000000        0x0
 *(.bss.$RESERVED*)
                0x10000000                . = ALIGN (0x4)
                0x10000000                _end_uninit_RESERVED = .

.data           0x10000000      0x190 load address 0x0000c8f8
 FILL mask 0xff
                0x10000000                _data = .
 *(vtable)
 *(.ramfunc*)
 *(.data*)
 .data          0x10000000        0x4 ./Lib_FreeRTOS/portable/MemMang/heap_2.o
 .data          0x10000004        0x4 ./Lib_FreeRTOS/portable/GCC/ARM_CM3/port.o
 .data          0x10000008        0x8 ./Lib_FreeRTOS/tasks.o
 .data          0x10000010       0xc0 ./Funciones.o
                0x100000cc                coma
 .data          0x100000d0       0xb8 ./Mef_Menu.o
                0x10000184                Max_Mediciones
 .data          0x10000188        0x3 ./uart.o
                0x10000188                UART0TxEmpty
                0x10000189                UART1TxEmpty
                0x1000018a                UART3TxEmpty
 *fill*         0x1000018b        0x1 
 .data          0x1000018c        0x4 C:\nxp\projects\Workspace_NBrazo_V1.2\CMSISv1p30_LPC17xx\Debug\libCMSISv1p30_LPC17xx.a(system_LPC17xx.o)
                0x1000018c                SystemCoreClock
                0x10000190                . = ALIGN (0x4)
                0x10000190                _edata = .

.igot.plt       0x10000190        0x0 load address 0x0000ca88
 .igot.plt      0x00000000        0x0 ./Lib_FreeRTOS/portable/MemMang/heap_2.o

.bss_RAM2       0x2007c000        0x0
 *(.bss.$RAM2*)
 *(.bss.$RamAHB32*)
                0x2007c000                . = ALIGN (0x4)

.bss            0x10000190     0x7d88
                0x10000190                _bss = .
 *(.bss*)
 .bss           0x10000190     0x3c18 ./Lib_FreeRTOS/portable/MemMang/heap_2.o
 .bss           0x10003da8      0x144 ./Lib_FreeRTOS/tasks.o
                0x10003da8                pxCurrentTCB
 .bss           0x10003eec      0xf50 ./Funciones.o
 .bss           0x10004e3c        0x4 ./rtc.o
                0x10004e3c                alarm_on
 .bss           0x10004e40        0xc ./uart.o
                0x10004e40                UART0Count
                0x10004e44                UART1Count
                0x10004e48                UART3Count
 .bss.__GLCD_Coord
                0x10004e4c        0x4 C:\nxp\projects\Workspace_NBrazo_V1.2\LIB_GLCDPrimitives\Debug\libLIB_GLCDPrimitives.a(GLCDFonts.o)
 .bss.Font      0x10004e50        0x4 C:\nxp\projects\Workspace_NBrazo_V1.2\LIB_GLCDPrimitives\Debug\libLIB_GLCDPrimitives.a(GLCDFonts.o)
 .bss.FontColor
                0x10004e54        0x1 C:\nxp\projects\Workspace_NBrazo_V1.2\LIB_GLCDPrimitives\Debug\libLIB_GLCDPrimitives.a(GLCDFonts.o)
 *fill*         0x10004e55        0x3 
 .bss.errno     0x10004e58        0x4 c:/nxp/lpcxpresso_7.0.2_102/lpcxpresso/tools/bin/../lib/gcc/arm-none-eabi/4.8.3/../../../../arm-none-eabi/lib/armv7-m\libcr_c.a(errno.o)
                0x10004e58                errno
 *(COMMON)
 COMMON         0x10004e5c     0x2e72 ./Funciones.o
                0x10004e5c                Minutos
                0x10004e5e                NumeroOctavas
                0x10004e60                TG
                0x10004e64                inicio
                0x10004e68                j
                0x10004e6c                FechaHora
                0x10004e80                promedio
                0x10004e88                final
                0x10004e8c                MemoriaVacia
                0x10004e8e                DI
                0x10004e90                local_time
                0x10004eb0                current_time
                0x10004ed0                TGBHIn
                0x10004ed4                iap_status
                0x10004ed8                alarm_time
                0x10004ef8                AN
                0x10004efa                CantMediciones
                0x10004efc                MedTie
                0x10004efe                LongitudTotal
                0x10004f00                w
                0x10004f04                k
                0x10004f08                GUI_Malloc_Pointer
                0x10004f0c                NumEje
                0x10004f10                AcelEficaz
                0x10004f1c                aux
                0x10004f26                Divisor
                0x10004f28                pActiveWindow
                0x10004f2c                HO
                0x10004f30                diferencia
                0x10004f34                windowsList
                0x10004f40                NumFiltro
                0x10004f44                lectura
                0x10004f48                touchPanel_eventPoints
                0x10004f84                aceler
                0x10004f88                ValorOctava
                0x10005000                SE
                0x10005002                c
                0x10005004                NumRepe
                0x10005006                Segundos
                0x10005008                Dia
                0x1000500c                TBH
                0x10005010                GUI_Free_Pointer
                0x10005014                Year
                0x10005018                Fourier
                0x1000581c                ME
                0x10005820                estafeta
                0x10005852                Hora
                0x10005854                AceEnvio
                0x1000586c                TGBHOut
                0x10005870                MI
                0x10005874                GLCDLowLevel_VideoRAM
                0x10005c74                NumMedicion
                0x10005c75                touchPanel_pointsCounter
                0x10005c78                AceleDecibel
                0x10005cf0                TBS
                0x10005cf4                Mes
                0x10005cf8                semaphore_TouchInterrupt
                0x10005cfc                m
                0x10005d00                q
                0x10005d04                HR
                0x10005d08                vector
                0x10007514                cadena
                0x10007cbc                FH
                0x10007ccc                IndiceOctava
 *fill*         0x10007cce        0x2 
 COMMON         0x10007cd0       0x2c ./Mef_Menu.o
                0x10007cd0                TMedicion
                0x10007cd4                SysTickCount
                0x10007cd8                Contador
                0x10007cdc                contador10
                0x10007ce0                tecla_membrana
                0x10007ce4                mens
                0x10007ce8                coso
                0x10007cec                Menu_seleccionado
                0x10007cee                salid
                0x10007cf0                Sensibilidad
                0x10007cf1                Sensor
                0x10007cf2                old_cursor1
                0x10007cf3                cursor1
                0x10007cf4                stringMemory
                0x10007cf8                Menu_medir
                0x10007cfa                CantMedici
 COMMON         0x10007cfc       0xcc ./uart.o
                0x10007cfc                UART1Buffer
                0x10007d3c                UART3Status
                0x10007d40                UART0Buffer
                0x10007d80                UART1Status
                0x10007d84                UART3Buffer
                0x10007dc4                UART0Status
 COMMON         0x10007dc8        0x4 C:\nxp\projects\Workspace_NBrazo_V1.2\Lib_GLCDLowLevel\Debug\libLib_GLCDLowLevel.a(GLCDLowLevel.o)
                0x10007dc8                _delayCounter
 COMMON         0x10007dcc        0x4 c:/nxp/lpcxpresso_7.0.2_102/lpcxpresso/tools/bin/../lib/gcc/arm-none-eabi/4.8.3/../../../../arm-none-eabi/lib/armv7-m\libcr_c.a(initio.o)
                0x10007dcc                _extra
 COMMON         0x10007dd0      0x140 c:/nxp/lpcxpresso_7.0.2_102/lpcxpresso/tools/bin/../lib/gcc/arm-none-eabi/4.8.3/../../../../arm-none-eabi/lib/armv7-m\libcr_c.a(stdio.o)
                0x10007dd0                __Ciob
 COMMON         0x10007f10        0x8 c:/nxp/lpcxpresso_7.0.2_102/lpcxpresso/tools/bin/../lib/gcc/arm-none-eabi/4.8.3/../../../../arm-none-eabi/lib/armv7-m\libcr_c.a(__init_alloc.o)
                0x10007f10                __heaps
                0x10007f14                __end_of_heap
                0x10007f18                . = ALIGN (0x4)
                0x10007f18                _ebss = .
                0x10007f18                PROVIDE (end, .)

.noinit_RAM2    0x2007c000        0x0
 *(.noinit.$RAM2*)
 *(.noinit.$RamAHB32*)
                0x2007c000                . = ALIGN (0x4)

.noinit         0x10007f18        0x0
                0x10007f18                _noinit = .
 *(.noinit*)
                0x10007f18                . = ALIGN (0x4)
                0x10007f18                _end_noinit = .
                0x10007f18                PROVIDE (_pvHeapStart, .)
                0x10008000                PROVIDE (_vStackTop, (__top_RamLoc32 - 0x0))
OUTPUT(Application.axf elf32-littlearm)

.debug_info     0x00000000     0xbd45
 .debug_info    0x00000000      0x2b4 ./Lib_FreeRTOS/portable/MemMang/heap_2.o
 .debug_info    0x000002b4      0x1c7 ./Lib_FreeRTOS/portable/GCC/ARM_CM3/port.o
 .debug_info    0x0000047b      0x29c ./Lib_FreeRTOS/list.o
 .debug_info    0x00000717      0x85a ./Lib_FreeRTOS/queue.o
 .debug_info    0x00000f71      0xf81 ./Lib_FreeRTOS/tasks.o
 .debug_info    0x00001ef2     0x2246 ./Funciones.o
 .debug_info    0x00004138      0x4ee ./Graficos.o
 .debug_info    0x00004626      0xee6 ./Mef_Menu.o
 .debug_info    0x0000550c      0x5d3 ./adc.o
 .debug_info    0x00005adf      0x24b ./cr_startup_lpc17.o
 .debug_info    0x00005d2a      0x21a ./iap_driver.o
 .debug_info    0x00005f44      0x37f ./main.o
 .debug_info    0x000062c3      0x722 ./rtc.o
 .debug_info    0x000069e5      0xdc1 ./uart.o
 .debug_info    0x000077a6      0x357 C:\nxp\projects\Workspace_NBrazo_V1.2\CMSISv1p30_LPC17xx\Debug\libCMSISv1p30_LPC17xx.a(system_LPC17xx.o)
 .debug_info    0x00007afd      0x34c C:\nxp\projects\Workspace_NBrazo_V1.2\LIB_GLCDgui\Debug\libLIB_GLCDgui.a(GLCDgui.o)
 .debug_info    0x00007e49      0x670 C:\nxp\projects\Workspace_NBrazo_V1.2\LIB_GLCDgui\Debug\libLIB_GLCDgui.a(button.o)
 .debug_info    0x000084b9      0x1f6 C:\nxp\projects\Workspace_NBrazo_V1.2\LIB_GLCDgui\Debug\libLIB_GLCDgui.a(list.o)
 .debug_info    0x000086af      0x7e1 C:\nxp\projects\Workspace_NBrazo_V1.2\LIB_GLCDgui\Debug\libLIB_GLCDgui.a(text.o)
 .debug_info    0x00008e90      0x595 C:\nxp\projects\Workspace_NBrazo_V1.2\LIB_GLCDgui\Debug\libLIB_GLCDgui.a(windows.o)
 .debug_info    0x00009425      0x543 C:\nxp\projects\Workspace_NBrazo_V1.2\LIB_GLCDgui\Debug\libLIB_GLCDgui.a(object.o)
 .debug_info    0x00009968      0x475 C:\nxp\projects\Workspace_NBrazo_V1.2\LIB_GLCDgui\Debug\libLIB_GLCDgui.a(picture.o)
 .debug_info    0x00009ddd      0x6d1 C:\nxp\projects\Workspace_NBrazo_V1.2\LIB_GLCDgui\Debug\libLIB_GLCDgui.a(textSlider.o)
 .debug_info    0x0000a4ae      0x5b1 C:\nxp\projects\Workspace_NBrazo_V1.2\LIB_GLCDPrimitives\Debug\libLIB_GLCDPrimitives.a(GLCDFonts.o)
 .debug_info    0x0000aa5f      0x470 C:\nxp\projects\Workspace_NBrazo_V1.2\LIB_GLCDPrimitives\Debug\libLIB_GLCDPrimitives.a(GLCDPrimitives.o)
 .debug_info    0x0000aecf      0x192 C:\nxp\projects\Workspace_NBrazo_V1.2\Lib_GLCDLowLevel\Debug\libLib_GLCDLowLevel.a(GLCDLowLevel.o)
 .debug_info    0x0000b061      0x14f C:\nxp\projects\Workspace_NBrazo_V1.2\Lib_GLCDLowLevel\Debug\libLib_GLCDLowLevel.a(MicroInterface.o)
 .debug_info    0x0000b1b0      0xb95 C:\nxp\projects\Workspace_NBrazo_V1.2\Lib_MCU\Debug\libLib_MCU.a(lpc17xx_gpio.o)

.debug_abbrev   0x00000000     0x269c
 .debug_abbrev  0x00000000      0x17c ./Lib_FreeRTOS/portable/MemMang/heap_2.o
 .debug_abbrev  0x0000017c      0x10c ./Lib_FreeRTOS/portable/GCC/ARM_CM3/port.o
 .debug_abbrev  0x00000288       0xb8 ./Lib_FreeRTOS/list.o
 .debug_abbrev  0x00000340      0x1cc ./Lib_FreeRTOS/queue.o
 .debug_abbrev  0x0000050c      0x1fd ./Lib_FreeRTOS/tasks.o
 .debug_abbrev  0x00000709      0x393 ./Funciones.o
 .debug_abbrev  0x00000a9c      0x162 ./Graficos.o
 .debug_abbrev  0x00000bfe      0x338 ./Mef_Menu.o
 .debug_abbrev  0x00000f36      0x14f ./adc.o
 .debug_abbrev  0x00001085       0xf5 ./cr_startup_lpc17.o
 .debug_abbrev  0x0000117a       0xff ./iap_driver.o
 .debug_abbrev  0x00001279      0x10d ./main.o
 .debug_abbrev  0x00001386      0x167 ./rtc.o
 .debug_abbrev  0x000014ed      0x1fb ./uart.o
 .debug_abbrev  0x000016e8       0xce C:\nxp\projects\Workspace_NBrazo_V1.2\CMSISv1p30_LPC17xx\Debug\libCMSISv1p30_LPC17xx.a(system_LPC17xx.o)
 .debug_abbrev  0x000017b6      0x111 C:\nxp\projects\Workspace_NBrazo_V1.2\LIB_GLCDgui\Debug\libLIB_GLCDgui.a(GLCDgui.o)
 .debug_abbrev  0x000018c7      0x12e C:\nxp\projects\Workspace_NBrazo_V1.2\LIB_GLCDgui\Debug\libLIB_GLCDgui.a(button.o)
 .debug_abbrev  0x000019f5       0xd2 C:\nxp\projects\Workspace_NBrazo_V1.2\LIB_GLCDgui\Debug\libLIB_GLCDgui.a(list.o)
 .debug_abbrev  0x00001ac7      0x181 C:\nxp\projects\Workspace_NBrazo_V1.2\LIB_GLCDgui\Debug\libLIB_GLCDgui.a(text.o)
 .debug_abbrev  0x00001c48      0x150 C:\nxp\projects\Workspace_NBrazo_V1.2\LIB_GLCDgui\Debug\libLIB_GLCDgui.a(windows.o)
 .debug_abbrev  0x00001d98       0xef C:\nxp\projects\Workspace_NBrazo_V1.2\LIB_GLCDgui\Debug\libLIB_GLCDgui.a(object.o)
 .debug_abbrev  0x00001e87      0x140 C:\nxp\projects\Workspace_NBrazo_V1.2\LIB_GLCDgui\Debug\libLIB_GLCDgui.a(picture.o)
 .debug_abbrev  0x00001fc7      0x11e C:\nxp\projects\Workspace_NBrazo_V1.2\LIB_GLCDgui\Debug\libLIB_GLCDgui.a(textSlider.o)
 .debug_abbrev  0x000020e5      0x19b C:\nxp\projects\Workspace_NBrazo_V1.2\LIB_GLCDPrimitives\Debug\libLIB_GLCDPrimitives.a(GLCDFonts.o)
 .debug_abbrev  0x00002280      0x12e C:\nxp\projects\Workspace_NBrazo_V1.2\LIB_GLCDPrimitives\Debug\libLIB_GLCDPrimitives.a(GLCDPrimitives.o)
 .debug_abbrev  0x000023ae       0xce C:\nxp\projects\Workspace_NBrazo_V1.2\Lib_GLCDLowLevel\Debug\libLib_GLCDLowLevel.a(GLCDLowLevel.o)
 .debug_abbrev  0x0000247c       0x9b C:\nxp\projects\Workspace_NBrazo_V1.2\Lib_GLCDLowLevel\Debug\libLib_GLCDLowLevel.a(MicroInterface.o)
 .debug_abbrev  0x00002517      0x185 C:\nxp\projects\Workspace_NBrazo_V1.2\Lib_MCU\Debug\libLib_MCU.a(lpc17xx_gpio.o)

.debug_aranges  0x00000000      0xb18
 .debug_aranges
                0x00000000       0x38 ./Lib_FreeRTOS/portable/MemMang/heap_2.o
 .debug_aranges
                0x00000038       0x68 ./Lib_FreeRTOS/portable/GCC/ARM_CM3/port.o
 .debug_aranges
                0x000000a0       0x40 ./Lib_FreeRTOS/list.o
 .debug_aranges
                0x000000e0       0xb8 ./Lib_FreeRTOS/queue.o
 .debug_aranges
                0x00000198      0x158 ./Lib_FreeRTOS/tasks.o
 .debug_aranges
                0x000002f0      0x190 ./Funciones.o
 .debug_aranges
                0x00000480       0x70 ./Graficos.o
 .debug_aranges
                0x000004f0       0x98 ./Mef_Menu.o
 .debug_aranges
                0x00000588       0x30 ./adc.o
 .debug_aranges
                0x000005b8       0x80 ./cr_startup_lpc17.o
 .debug_aranges
                0x00000638       0x38 ./iap_driver.o
 .debug_aranges
                0x00000670       0x20 ./main.o
 .debug_aranges
                0x00000690       0x60 ./rtc.o
 .debug_aranges
                0x000006f0       0x48 ./uart.o
 .debug_aranges
                0x00000738       0x28 C:\nxp\projects\Workspace_NBrazo_V1.2\CMSISv1p30_LPC17xx\Debug\libCMSISv1p30_LPC17xx.a(system_LPC17xx.o)
 .debug_aranges
                0x00000760       0x40 C:\nxp\projects\Workspace_NBrazo_V1.2\LIB_GLCDgui\Debug\libLIB_GLCDgui.a(GLCDgui.o)
 .debug_aranges
                0x000007a0       0x30 C:\nxp\projects\Workspace_NBrazo_V1.2\LIB_GLCDgui\Debug\libLIB_GLCDgui.a(button.o)
 .debug_aranges
                0x000007d0       0x30 C:\nxp\projects\Workspace_NBrazo_V1.2\LIB_GLCDgui\Debug\libLIB_GLCDgui.a(list.o)
 .debug_aranges
                0x00000800       0x58 C:\nxp\projects\Workspace_NBrazo_V1.2\LIB_GLCDgui\Debug\libLIB_GLCDgui.a(text.o)
 .debug_aranges
                0x00000858       0x40 C:\nxp\projects\Workspace_NBrazo_V1.2\LIB_GLCDgui\Debug\libLIB_GLCDgui.a(windows.o)
 .debug_aranges
                0x00000898       0x28 C:\nxp\projects\Workspace_NBrazo_V1.2\LIB_GLCDgui\Debug\libLIB_GLCDgui.a(object.o)
 .debug_aranges
                0x000008c0       0x28 C:\nxp\projects\Workspace_NBrazo_V1.2\LIB_GLCDgui\Debug\libLIB_GLCDgui.a(picture.o)
 .debug_aranges
                0x000008e8       0x38 C:\nxp\projects\Workspace_NBrazo_V1.2\LIB_GLCDgui\Debug\libLIB_GLCDgui.a(textSlider.o)
 .debug_aranges
                0x00000920       0x70 C:\nxp\projects\Workspace_NBrazo_V1.2\LIB_GLCDPrimitives\Debug\libLIB_GLCDPrimitives.a(GLCDFonts.o)
 .debug_aranges
                0x00000990       0x58 C:\nxp\projects\Workspace_NBrazo_V1.2\LIB_GLCDPrimitives\Debug\libLIB_GLCDPrimitives.a(GLCDPrimitives.o)
 .debug_aranges
                0x000009e8       0x30 C:\nxp\projects\Workspace_NBrazo_V1.2\Lib_GLCDLowLevel\Debug\libLib_GLCDLowLevel.a(GLCDLowLevel.o)
 .debug_aranges
                0x00000a18       0x38 C:\nxp\projects\Workspace_NBrazo_V1.2\Lib_GLCDLowLevel\Debug\libLib_GLCDLowLevel.a(MicroInterface.o)
 .debug_aranges
                0x00000a50       0xc8 C:\nxp\projects\Workspace_NBrazo_V1.2\Lib_MCU\Debug\libLib_MCU.a(lpc17xx_gpio.o)

.debug_ranges   0x00000000      0x970
 .debug_ranges  0x00000000       0x28 ./Lib_FreeRTOS/portable/MemMang/heap_2.o
 .debug_ranges  0x00000028       0x58 ./Lib_FreeRTOS/portable/GCC/ARM_CM3/port.o
 .debug_ranges  0x00000080       0x30 ./Lib_FreeRTOS/list.o
 .debug_ranges  0x000000b0       0xa8 ./Lib_FreeRTOS/queue.o
 .debug_ranges  0x00000158      0x148 ./Lib_FreeRTOS/tasks.o
 .debug_ranges  0x000002a0      0x180 ./Funciones.o
 .debug_ranges  0x00000420       0x60 ./Graficos.o
 .debug_ranges  0x00000480       0xa0 ./Mef_Menu.o
 .debug_ranges  0x00000520       0x20 ./adc.o
 .debug_ranges  0x00000540       0x70 ./cr_startup_lpc17.o
 .debug_ranges  0x000005b0       0x28 ./iap_driver.o
 .debug_ranges  0x000005d8       0x10 ./main.o
 .debug_ranges  0x000005e8       0x50 ./rtc.o
 .debug_ranges  0x00000638       0x38 ./uart.o
 .debug_ranges  0x00000670       0x18 C:\nxp\projects\Workspace_NBrazo_V1.2\CMSISv1p30_LPC17xx\Debug\libCMSISv1p30_LPC17xx.a(system_LPC17xx.o)
 .debug_ranges  0x00000688       0x30 C:\nxp\projects\Workspace_NBrazo_V1.2\LIB_GLCDgui\Debug\libLIB_GLCDgui.a(GLCDgui.o)
 .debug_ranges  0x000006b8       0x20 C:\nxp\projects\Workspace_NBrazo_V1.2\LIB_GLCDgui\Debug\libLIB_GLCDgui.a(button.o)
 .debug_ranges  0x000006d8       0x20 C:\nxp\projects\Workspace_NBrazo_V1.2\LIB_GLCDgui\Debug\libLIB_GLCDgui.a(list.o)
 .debug_ranges  0x000006f8       0x48 C:\nxp\projects\Workspace_NBrazo_V1.2\LIB_GLCDgui\Debug\libLIB_GLCDgui.a(text.o)
 .debug_ranges  0x00000740       0x30 C:\nxp\projects\Workspace_NBrazo_V1.2\LIB_GLCDgui\Debug\libLIB_GLCDgui.a(windows.o)
 .debug_ranges  0x00000770       0x18 C:\nxp\projects\Workspace_NBrazo_V1.2\LIB_GLCDgui\Debug\libLIB_GLCDgui.a(object.o)
 .debug_ranges  0x00000788       0x18 C:\nxp\projects\Workspace_NBrazo_V1.2\LIB_GLCDgui\Debug\libLIB_GLCDgui.a(picture.o)
 .debug_ranges  0x000007a0       0x28 C:\nxp\projects\Workspace_NBrazo_V1.2\LIB_GLCDgui\Debug\libLIB_GLCDgui.a(textSlider.o)
 .debug_ranges  0x000007c8       0x60 C:\nxp\projects\Workspace_NBrazo_V1.2\LIB_GLCDPrimitives\Debug\libLIB_GLCDPrimitives.a(GLCDFonts.o)
 .debug_ranges  0x00000828       0x48 C:\nxp\projects\Workspace_NBrazo_V1.2\LIB_GLCDPrimitives\Debug\libLIB_GLCDPrimitives.a(GLCDPrimitives.o)
 .debug_ranges  0x00000870       0x20 C:\nxp\projects\Workspace_NBrazo_V1.2\Lib_GLCDLowLevel\Debug\libLib_GLCDLowLevel.a(GLCDLowLevel.o)
 .debug_ranges  0x00000890       0x28 C:\nxp\projects\Workspace_NBrazo_V1.2\Lib_GLCDLowLevel\Debug\libLib_GLCDLowLevel.a(MicroInterface.o)
 .debug_ranges  0x000008b8       0xb8 C:\nxp\projects\Workspace_NBrazo_V1.2\Lib_MCU\Debug\libLib_MCU.a(lpc17xx_gpio.o)

.debug_macro    0x00000000     0x4565
 .debug_macro   0x00000000      0x10a ./Lib_FreeRTOS/portable/MemMang/heap_2.o
 .debug_macro   0x0000010a      0x862 ./Lib_FreeRTOS/portable/MemMang/heap_2.o
 .debug_macro   0x0000096c       0x10 ./Lib_FreeRTOS/portable/MemMang/heap_2.o
 .debug_macro   0x0000097c      0x122 ./Lib_FreeRTOS/portable/MemMang/heap_2.o
 .debug_macro   0x00000a9e       0x28 ./Lib_FreeRTOS/portable/MemMang/heap_2.o
 .debug_macro   0x00000ac6       0x46 ./Lib_FreeRTOS/portable/MemMang/heap_2.o
 .debug_macro   0x00000b0c       0xa3 ./Lib_FreeRTOS/portable/MemMang/heap_2.o
 .debug_macro   0x00000baf       0x12 ./Lib_FreeRTOS/portable/MemMang/heap_2.o
 .debug_macro   0x00000bc1       0x1f ./Lib_FreeRTOS/portable/MemMang/heap_2.o
 .debug_macro   0x00000be0       0x1c ./Lib_FreeRTOS/portable/MemMang/heap_2.o
 .debug_macro   0x00000bfc       0x22 ./Lib_FreeRTOS/portable/MemMang/heap_2.o
 .debug_macro   0x00000c1e      0x5b9 ./Lib_FreeRTOS/portable/MemMang/heap_2.o
 .debug_macro   0x000011d7      0x7b7 ./Lib_FreeRTOS/portable/MemMang/heap_2.o
 .debug_macro   0x0000198e      0x2c7 ./Lib_FreeRTOS/portable/MemMang/heap_2.o
 .debug_macro   0x00001c55      0x129 ./Lib_FreeRTOS/portable/MemMang/heap_2.o
 .debug_macro   0x00001d7e      0x17e ./Lib_FreeRTOS/portable/MemMang/heap_2.o
 .debug_macro   0x00001efc       0x49 ./Lib_FreeRTOS/portable/MemMang/heap_2.o
 .debug_macro   0x00001f45       0x57 ./Lib_FreeRTOS/portable/MemMang/heap_2.o
 .debug_macro   0x00001f9c      0x119 ./Lib_FreeRTOS/portable/GCC/ARM_CM3/port.o
 .debug_macro   0x000020b5       0x16 ./Lib_FreeRTOS/portable/GCC/ARM_CM3/port.o
 .debug_macro   0x000020cb       0xdc ./Lib_FreeRTOS/list.o
 .debug_macro   0x000021a7      0x15d ./Lib_FreeRTOS/queue.o
 .debug_macro   0x00002304       0x49 ./Lib_FreeRTOS/queue.o
 .debug_macro   0x0000234d      0x176 ./Lib_FreeRTOS/tasks.o
 .debug_macro   0x000024c3       0xa0 ./Lib_FreeRTOS/tasks.o
 .debug_macro   0x00002563       0x22 ./Lib_FreeRTOS/tasks.o
 .debug_macro   0x00002585       0x61 ./Lib_FreeRTOS/tasks.o
 .debug_macro   0x000025e6       0x17 ./Lib_FreeRTOS/tasks.o
 .debug_macro   0x000025fd      0x290 ./Funciones.o
 .debug_macro   0x0000288d       0x8e ./Funciones.o
 .debug_macro   0x0000291b       0x40 ./Funciones.o
 .debug_macro   0x0000295b       0x1c ./Funciones.o
 .debug_macro   0x00002977       0x16 ./Funciones.o
 .debug_macro   0x0000298d       0x40 ./Funciones.o
 .debug_macro   0x000029cd       0x70 ./Funciones.o
 .debug_macro   0x00002a3d       0x10 ./Funciones.o
 .debug_macro   0x00002a4d       0x22 ./Funciones.o
 .debug_macro   0x00002a6f       0x16 ./Funciones.o
 .debug_macro   0x00002a85       0x3a ./Funciones.o
 .debug_macro   0x00002abf       0x10 ./Funciones.o
 .debug_macro   0x00002acf      0x12f ./Funciones.o
 .debug_macro   0x00002bfe       0x6a ./Funciones.o
 .debug_macro   0x00002c68       0x62 ./Funciones.o
 .debug_macro   0x00002cca       0x52 ./Funciones.o
 .debug_macro   0x00002d1c       0x5d ./Funciones.o
 .debug_macro   0x00002d79       0xee ./Funciones.o
 .debug_macro   0x00002e67      0x149 ./Funciones.o
 .debug_macro   0x00002fb0       0x4c ./Funciones.o
 .debug_macro   0x00002ffc       0x16 ./Funciones.o
 .debug_macro   0x00003012       0x4c ./Funciones.o
 .debug_macro   0x0000305e       0x94 ./Funciones.o
 .debug_macro   0x000030f2       0xc4 ./Funciones.o
 .debug_macro   0x000031b6      0x1da ./Graficos.o
 .debug_macro   0x00003390      0x7d5 ./Graficos.o
 .debug_macro   0x00003b65      0x263 ./Mef_Menu.o
 .debug_macro   0x00003dc8       0x10 ./Mef_Menu.o
 .debug_macro   0x00003dd8       0x74 ./adc.o
 .debug_macro   0x00003e4c       0x1c ./adc.o
 .debug_macro   0x00003e68       0x1d ./cr_startup_lpc17.o
 .debug_macro   0x00003e85       0xa8 ./iap_driver.o
 .debug_macro   0x00003f2d      0x26d ./main.o
 .debug_macro   0x0000419a       0x74 ./rtc.o
 .debug_macro   0x0000420e       0x1c ./rtc.o
 .debug_macro   0x0000422a      0x2c7 ./rtc.o
 .debug_macro   0x000044f1       0x74 ./uart.o

.debug_line     0x00000000     0x8cbd
 .debug_line    0x00000000      0x345 ./Lib_FreeRTOS/portable/MemMang/heap_2.o
 .debug_line    0x00000345      0x35b ./Lib_FreeRTOS/portable/GCC/ARM_CM3/port.o
 .debug_line    0x000006a0      0x305 ./Lib_FreeRTOS/list.o
 .debug_line    0x000009a5      0x54e ./Lib_FreeRTOS/queue.o
 .debug_line    0x00000ef3      0x8d1 ./Lib_FreeRTOS/tasks.o
 .debug_line    0x000017c4     0x1025 ./Funciones.o
 .debug_line    0x000027e9      0x690 ./Graficos.o
 .debug_line    0x00002e79      0x9a5 ./Mef_Menu.o
 .debug_line    0x0000381e      0x1cd ./adc.o
 .debug_line    0x000039eb       0xd4 ./cr_startup_lpc17.o
 .debug_line    0x00003abf      0x1c9 ./iap_driver.o
 .debug_line    0x00003c88      0x721 ./main.o
 .debug_line    0x000043a9      0x236 ./rtc.o
 .debug_line    0x000045df      0x2bf ./uart.o
 .debug_line    0x0000489e      0x41c C:\nxp\projects\Workspace_NBrazo_V1.2\CMSISv1p30_LPC17xx\Debug\libCMSISv1p30_LPC17xx.a(system_LPC17xx.o)
 .debug_line    0x00004cba      0x474 C:\nxp\projects\Workspace_NBrazo_V1.2\LIB_GLCDgui\Debug\libLIB_GLCDgui.a(GLCDgui.o)
 .debug_line    0x0000512e      0x502 C:\nxp\projects\Workspace_NBrazo_V1.2\LIB_GLCDgui\Debug\libLIB_GLCDgui.a(button.o)
 .debug_line    0x00005630      0x39a C:\nxp\projects\Workspace_NBrazo_V1.2\LIB_GLCDgui\Debug\libLIB_GLCDgui.a(list.o)
 .debug_line    0x000059ca      0x625 C:\nxp\projects\Workspace_NBrazo_V1.2\LIB_GLCDgui\Debug\libLIB_GLCDgui.a(text.o)
 .debug_line    0x00005fef      0x558 C:\nxp\projects\Workspace_NBrazo_V1.2\LIB_GLCDgui\Debug\libLIB_GLCDgui.a(windows.o)
 .debug_line    0x00006547      0x402 C:\nxp\projects\Workspace_NBrazo_V1.2\LIB_GLCDgui\Debug\libLIB_GLCDgui.a(object.o)
 .debug_line    0x00006949      0x41d C:\nxp\projects\Workspace_NBrazo_V1.2\LIB_GLCDgui\Debug\libLIB_GLCDgui.a(picture.o)
 .debug_line    0x00006d66      0x534 C:\nxp\projects\Workspace_NBrazo_V1.2\LIB_GLCDgui\Debug\libLIB_GLCDgui.a(textSlider.o)
 .debug_line    0x0000729a      0x5d6 C:\nxp\projects\Workspace_NBrazo_V1.2\LIB_GLCDPrimitives\Debug\libLIB_GLCDPrimitives.a(GLCDFonts.o)
 .debug_line    0x00007870      0x59a C:\nxp\projects\Workspace_NBrazo_V1.2\LIB_GLCDPrimitives\Debug\libLIB_GLCDPrimitives.a(GLCDPrimitives.o)
 .debug_line    0x00007e0a      0x417 C:\nxp\projects\Workspace_NBrazo_V1.2\Lib_GLCDLowLevel\Debug\libLib_GLCDLowLevel.a(GLCDLowLevel.o)
 .debug_line    0x00008221      0x4a0 C:\nxp\projects\Workspace_NBrazo_V1.2\Lib_GLCDLowLevel\Debug\libLib_GLCDLowLevel.a(MicroInterface.o)
 .debug_line    0x000086c1      0x5fc C:\nxp\projects\Workspace_NBrazo_V1.2\Lib_MCU\Debug\libLib_MCU.a(lpc17xx_gpio.o)

.debug_str      0x00000000    0x119fc
 .debug_str     0x00000000     0x9aa8 ./Lib_FreeRTOS/portable/MemMang/heap_2.o
                               0x9b33 (size before relaxing)
 .debug_str     0x00009aa8      0x38f ./Lib_FreeRTOS/portable/GCC/ARM_CM3/port.o
                               0x9996 (size before relaxing)
 .debug_str     0x00009e37      0x12a ./Lib_FreeRTOS/list.o
                               0x9494 (size before relaxing)
 .debug_str     0x00009f61      0xc42 ./Lib_FreeRTOS/queue.o
                               0xa3e3 (size before relaxing)
 .debug_str     0x0000aba3     0x19f6 ./Lib_FreeRTOS/tasks.o
                               0xb211 (size before relaxing)
 .debug_str     0x0000c599     0x3cd0 ./Funciones.o
                               0xd433 (size before relaxing)
 .debug_str     0x00010269      0x10d ./Graficos.o
                               0xb928 (size before relaxing)
 .debug_str     0x00010376      0x31e ./Mef_Menu.o
                               0xcb41 (size before relaxing)
 .debug_str     0x00010694       0xec ./adc.o
                               0x7f05 (size before relaxing)
 .debug_str     0x00010780      0x1a9 ./cr_startup_lpc17.o
                               0x25d7 (size before relaxing)
 .debug_str     0x00010929      0x155 ./iap_driver.o
                               0x7c86 (size before relaxing)
 .debug_str     0x00010a7e       0x18 ./main.o
                               0xc45a (size before relaxing)
 .debug_str     0x00010a96       0x83 ./rtc.o
                               0x8045 (size before relaxing)
 .debug_str     0x00010b19      0x125 ./uart.o
                               0x824a (size before relaxing)
 .debug_str     0x00010c3e       0xe4 C:\nxp\projects\Workspace_NBrazo_V1.2\CMSISv1p30_LPC17xx\Debug\libCMSISv1p30_LPC17xx.a(system_LPC17xx.o)
                                0x2b4 (size before relaxing)
 .debug_str     0x00010d22       0xb0 C:\nxp\projects\Workspace_NBrazo_V1.2\LIB_GLCDgui\Debug\libLIB_GLCDgui.a(GLCDgui.o)
                                0x29a (size before relaxing)
 .debug_str     0x00010dd2      0x1a9 C:\nxp\projects\Workspace_NBrazo_V1.2\LIB_GLCDgui\Debug\libLIB_GLCDgui.a(button.o)
                                0x41a (size before relaxing)
 .debug_str     0x00010f7b       0x59 C:\nxp\projects\Workspace_NBrazo_V1.2\LIB_GLCDgui\Debug\libLIB_GLCDgui.a(list.o)
                                0x1aa (size before relaxing)
 .debug_str     0x00010fd4       0x67 C:\nxp\projects\Workspace_NBrazo_V1.2\LIB_GLCDgui\Debug\libLIB_GLCDgui.a(text.o)
                                0x3d6 (size before relaxing)
 .debug_str     0x0001103b      0x1c5 C:\nxp\projects\Workspace_NBrazo_V1.2\LIB_GLCDgui\Debug\libLIB_GLCDgui.a(windows.o)
                                0x4ab (size before relaxing)
 .debug_str     0x00011200       0xa3 C:\nxp\projects\Workspace_NBrazo_V1.2\LIB_GLCDgui\Debug\libLIB_GLCDgui.a(object.o)
                                0x3ca (size before relaxing)
 .debug_str     0x000112a3       0x44 C:\nxp\projects\Workspace_NBrazo_V1.2\LIB_GLCDgui\Debug\libLIB_GLCDgui.a(picture.o)
                                0x321 (size before relaxing)
 .debug_str     0x000112e7      0x119 C:\nxp\projects\Workspace_NBrazo_V1.2\LIB_GLCDgui\Debug\libLIB_GLCDgui.a(textSlider.o)
                                0x4eb (size before relaxing)
 .debug_str     0x00011400      0x144 C:\nxp\projects\Workspace_NBrazo_V1.2\LIB_GLCDPrimitives\Debug\libLIB_GLCDPrimitives.a(GLCDFonts.o)
                                0x259 (size before relaxing)
 .debug_str     0x00011544      0x111 C:\nxp\projects\Workspace_NBrazo_V1.2\LIB_GLCDPrimitives\Debug\libLIB_GLCDPrimitives.a(GLCDPrimitives.o)
                                0x25c (size before relaxing)
 .debug_str     0x00011655       0xca C:\nxp\projects\Workspace_NBrazo_V1.2\Lib_GLCDLowLevel\Debug\libLib_GLCDLowLevel.a(GLCDLowLevel.o)
                                0x1af (size before relaxing)
 .debug_str     0x0001171f       0x88 C:\nxp\projects\Workspace_NBrazo_V1.2\Lib_GLCDLowLevel\Debug\libLib_GLCDLowLevel.a(MicroInterface.o)
                                0x1b7 (size before relaxing)
 .debug_str     0x000117a7      0x255 C:\nxp\projects\Workspace_NBrazo_V1.2\Lib_MCU\Debug\libLib_MCU.a(lpc17xx_gpio.o)
                                0x480 (size before relaxing)

.comment        0x00000000       0xe0
 .comment       0x00000000       0x70 ./Lib_FreeRTOS/portable/MemMang/heap_2.o
                                 0x71 (size before relaxing)
 .comment       0x00000000       0x71 ./Lib_FreeRTOS/portable/GCC/ARM_CM3/port.o
 .comment       0x00000000       0x71 ./Lib_FreeRTOS/list.o
 .comment       0x00000000       0x71 ./Lib_FreeRTOS/queue.o
 .comment       0x00000000       0x71 ./Lib_FreeRTOS/tasks.o
 .comment       0x00000000       0x71 ./Funciones.o
 .comment       0x00000000       0x71 ./Graficos.o
 .comment       0x00000000       0x71 ./Mef_Menu.o
 .comment       0x00000000       0x71 ./adc.o
 .comment       0x00000000       0x71 ./cr_startup_lpc17.o
 .comment       0x00000000       0x71 ./iap_driver.o
 .comment       0x00000000       0x71 ./main.o
 .comment       0x00000000       0x71 ./rtc.o
 .comment       0x00000000       0x71 ./uart.o
 .comment       0x00000070       0x70 C:\nxp\projects\Workspace_NBrazo_V1.2\CMSISv1p30_LPC17xx\Debug\libCMSISv1p30_LPC17xx.a(system_LPC17xx.o)
                                 0x71 (size before relaxing)
 .comment       0x00000000       0x71 C:\nxp\projects\Workspace_NBrazo_V1.2\LIB_GLCDgui\Debug\libLIB_GLCDgui.a(GLCDgui.o)
 .comment       0x00000000       0x71 C:\nxp\projects\Workspace_NBrazo_V1.2\LIB_GLCDgui\Debug\libLIB_GLCDgui.a(button.o)
 .comment       0x00000000       0x71 C:\nxp\projects\Workspace_NBrazo_V1.2\LIB_GLCDgui\Debug\libLIB_GLCDgui.a(list.o)
 .comment       0x00000000       0x71 C:\nxp\projects\Workspace_NBrazo_V1.2\LIB_GLCDgui\Debug\libLIB_GLCDgui.a(text.o)
 .comment       0x00000000       0x71 C:\nxp\projects\Workspace_NBrazo_V1.2\LIB_GLCDgui\Debug\libLIB_GLCDgui.a(windows.o)
 .comment       0x00000000       0x71 C:\nxp\projects\Workspace_NBrazo_V1.2\LIB_GLCDgui\Debug\libLIB_GLCDgui.a(object.o)
 .comment       0x00000000       0x71 C:\nxp\projects\Workspace_NBrazo_V1.2\LIB_GLCDgui\Debug\libLIB_GLCDgui.a(picture.o)
 .comment       0x00000000       0x71 C:\nxp\projects\Workspace_NBrazo_V1.2\LIB_GLCDgui\Debug\libLIB_GLCDgui.a(textSlider.o)
 .comment       0x00000000       0x71 C:\nxp\projects\Workspace_NBrazo_V1.2\LIB_GLCDPrimitives\Debug\libLIB_GLCDPrimitives.a(GLCDFonts.o)
 .comment       0x00000000       0x71 C:\nxp\projects\Workspace_NBrazo_V1.2\LIB_GLCDPrimitives\Debug\libLIB_GLCDPrimitives.a(GLCDPrimitives.o)
 .comment       0x00000000       0x71 C:\nxp\projects\Workspace_NBrazo_V1.2\Lib_GLCDLowLevel\Debug\libLib_GLCDLowLevel.a(GLCDLowLevel.o)
 .comment       0x00000000       0x71 C:\nxp\projects\Workspace_NBrazo_V1.2\Lib_GLCDLowLevel\Debug\libLib_GLCDLowLevel.a(MicroInterface.o)
 .comment       0x00000000       0x71 C:\nxp\projects\Workspace_NBrazo_V1.2\Lib_MCU\Debug\libLib_MCU.a(lpc17xx_gpio.o)
 .comment       0x00000000       0x71 c:/nxp/lpcxpresso_7.0.2_102/lpcxpresso/tools/bin/../lib/gcc/arm-none-eabi/4.8.3/../../../../arm-none-eabi/lib/armv7-m\libcr_semihost.a(_cr__main.o)
 .comment       0x00000000       0x71 c:/nxp/lpcxpresso_7.0.2_102/lpcxpresso/tools/bin/../lib/gcc/arm-none-eabi/4.8.3/../../../../arm-none-eabi/lib/armv7-m\libcr_c.a(memcpy.o)
 .comment       0x00000000       0x71 c:/nxp/lpcxpresso_7.0.2_102/lpcxpresso/tools/bin/../lib/gcc/arm-none-eabi/4.8.3/../../../../arm-none-eabi/lib/armv7-m\libcr_c.a(memset.o)
 .comment       0x00000000       0x71 c:/nxp/lpcxpresso_7.0.2_102/lpcxpresso/tools/bin/../lib/gcc/arm-none-eabi/4.8.3/../../../../arm-none-eabi/lib/armv7-m\libcr_c.a(floor.o)
 .comment       0x00000000       0x71 c:/nxp/lpcxpresso_7.0.2_102/lpcxpresso/tools/bin/../lib/gcc/arm-none-eabi/4.8.3/../../../../arm-none-eabi/lib/armv7-m\libcr_c.a(fpprintf.o)
 .comment       0x00000000       0x71 c:/nxp/lpcxpresso_7.0.2_102/lpcxpresso/tools/bin/../lib/gcc/arm-none-eabi/4.8.3/../../../../arm-none-eabi/lib/armv7-m\libcr_c.a(initio.o)
 .comment       0x00000000       0x71 c:/nxp/lpcxpresso_7.0.2_102/lpcxpresso/tools/bin/../lib/gcc/arm-none-eabi/4.8.3/../../../../arm-none-eabi/lib/armv7-m\libcr_c.a(log10.o)
 .comment       0x00000000       0x71 c:/nxp/lpcxpresso_7.0.2_102/lpcxpresso/tools/bin/../lib/gcc/arm-none-eabi/4.8.3/../../../../arm-none-eabi/lib/armv7-m\libcr_c.a(pow.o)
 .comment       0x00000000       0x71 c:/nxp/lpcxpresso_7.0.2_102/lpcxpresso/tools/bin/../lib/gcc/arm-none-eabi/4.8.3/../../../../arm-none-eabi/lib/armv7-m\libcr_c.a(printf.o)
 .comment       0x00000000       0x71 c:/nxp/lpcxpresso_7.0.2_102/lpcxpresso/tools/bin/../lib/gcc/arm-none-eabi/4.8.3/../../../../arm-none-eabi/lib/armv7-m\libcr_c.a(setvbuf.o)
 .comment       0x00000000       0x71 c:/nxp/lpcxpresso_7.0.2_102/lpcxpresso/tools/bin/../lib/gcc/arm-none-eabi/4.8.3/../../../../arm-none-eabi/lib/armv7-m\libcr_c.a(sqrt.o)
 .comment       0x00000000       0x71 c:/nxp/lpcxpresso_7.0.2_102/lpcxpresso/tools/bin/../lib/gcc/arm-none-eabi/4.8.3/../../../../arm-none-eabi/lib/armv7-m\libcr_c.a(stdio.o)
 .comment       0x00000000       0x71 c:/nxp/lpcxpresso_7.0.2_102/lpcxpresso/tools/bin/../lib/gcc/arm-none-eabi/4.8.3/../../../../arm-none-eabi/lib/armv7-m\libcr_c.a(strcat.o)
 .comment       0x00000000       0x71 c:/nxp/lpcxpresso_7.0.2_102/lpcxpresso/tools/bin/../lib/gcc/arm-none-eabi/4.8.3/../../../../arm-none-eabi/lib/armv7-m\libcr_c.a(strcpy.o)
 .comment       0x00000000       0x71 c:/nxp/lpcxpresso_7.0.2_102/lpcxpresso/tools/bin/../lib/gcc/arm-none-eabi/4.8.3/../../../../arm-none-eabi/lib/armv7-m\libcr_c.a(strlen.o)
 .comment       0x00000000       0x71 c:/nxp/lpcxpresso_7.0.2_102/lpcxpresso/tools/bin/../lib/gcc/arm-none-eabi/4.8.3/../../../../arm-none-eabi/lib/armv7-m\libcr_c.a(strncmp.o)
 .comment       0x00000000       0x71 c:/nxp/lpcxpresso_7.0.2_102/lpcxpresso/tools/bin/../lib/gcc/arm-none-eabi/4.8.3/../../../../arm-none-eabi/lib/armv7-m\libcr_c.a(strncpy.o)
 .comment       0x00000000       0x71 c:/nxp/lpcxpresso_7.0.2_102/lpcxpresso/tools/bin/../lib/gcc/arm-none-eabi/4.8.3/../../../../arm-none-eabi/lib/armv7-m\libcr_c.a(_deferredlazyseek.o)
 .comment       0x00000000       0x71 c:/nxp/lpcxpresso_7.0.2_102/lpcxpresso/tools/bin/../lib/gcc/arm-none-eabi/4.8.3/../../../../arm-none-eabi/lib/armv7-m\libcr_c.a(_fdopen.o)
 .comment       0x00000000       0x71 c:/nxp/lpcxpresso_7.0.2_102/lpcxpresso/tools/bin/../lib/gcc/arm-none-eabi/4.8.3/../../../../arm-none-eabi/lib/armv7-m\libcr_c.a(_fflush.o)
 .comment       0x00000000       0x71 c:/nxp/lpcxpresso_7.0.2_102/lpcxpresso/tools/bin/../lib/gcc/arm-none-eabi/4.8.3/../../../../arm-none-eabi/lib/armv7-m\libcr_c.a(_frexpl.o)
 .comment       0x00000000       0x71 c:/nxp/lpcxpresso_7.0.2_102/lpcxpresso/tools/bin/../lib/gcc/arm-none-eabi/4.8.3/../../../../arm-none-eabi/lib/armv7-m\libcr_c.a(_hugeval.o)
 .comment       0x00000000       0x71 c:/nxp/lpcxpresso_7.0.2_102/lpcxpresso/tools/bin/../lib/gcc/arm-none-eabi/4.8.3/../../../../arm-none-eabi/lib/armv7-m\libcr_c.a(_ldexpl.o)
 .comment       0x00000000       0x71 c:/nxp/lpcxpresso_7.0.2_102/lpcxpresso/tools/bin/../lib/gcc/arm-none-eabi/4.8.3/../../../../arm-none-eabi/lib/armv7-m\libcr_c.a(_writebuf.o)
 .comment       0x00000000       0x71 c:/nxp/lpcxpresso_7.0.2_102/lpcxpresso/tools/bin/../lib/gcc/arm-none-eabi/4.8.3/../../../../arm-none-eabi/lib/armv7-m\libcr_c.a(alloc.o)
 .comment       0x00000000       0x71 c:/nxp/lpcxpresso_7.0.2_102/lpcxpresso/tools/bin/../lib/gcc/arm-none-eabi/4.8.3/../../../../arm-none-eabi/lib/armv7-m\libcr_c.a(errno.o)
 .comment       0x00000000       0x71 c:/nxp/lpcxpresso_7.0.2_102/lpcxpresso/tools/bin/../lib/gcc/arm-none-eabi/4.8.3/../../../../arm-none-eabi/lib/armv7-m\libcr_c.a(fclose.o)
 .comment       0x00000000       0x71 c:/nxp/lpcxpresso_7.0.2_102/lpcxpresso/tools/bin/../lib/gcc/arm-none-eabi/4.8.3/../../../../arm-none-eabi/lib/armv7-m\libcr_c.a(fflush.o)
 .comment       0x00000000       0x71 c:/nxp/lpcxpresso_7.0.2_102/lpcxpresso/tools/bin/../lib/gcc/arm-none-eabi/4.8.3/../../../../arm-none-eabi/lib/armv7-m\libcr_c.a(frexp.o)
 .comment       0x00000000       0x71 c:/nxp/lpcxpresso_7.0.2_102/lpcxpresso/tools/bin/../lib/gcc/arm-none-eabi/4.8.3/../../../../arm-none-eabi/lib/armv7-m\libcr_c.a(fseek.o)
 .comment       0x00000000       0x71 c:/nxp/lpcxpresso_7.0.2_102/lpcxpresso/tools/bin/../lib/gcc/arm-none-eabi/4.8.3/../../../../arm-none-eabi/lib/armv7-m\libcr_c.a(ftell.o)
 .comment       0x00000000       0x71 c:/nxp/lpcxpresso_7.0.2_102/lpcxpresso/tools/bin/../lib/gcc/arm-none-eabi/4.8.3/../../../../arm-none-eabi/lib/armv7-m\libcr_c.a(ldexp.o)
 .comment       0x00000000       0x71 c:/nxp/lpcxpresso_7.0.2_102/lpcxpresso/tools/bin/../lib/gcc/arm-none-eabi/4.8.3/../../../../arm-none-eabi/lib/armv7-m\libcr_c.a(log.o)
 .comment       0x00000000       0x71 c:/nxp/lpcxpresso_7.0.2_102/lpcxpresso/tools/bin/../lib/gcc/arm-none-eabi/4.8.3/../../../../arm-none-eabi/lib/armv7-m\libcr_c.a(remove.o)
 .comment       0x00000000       0x71 c:/nxp/lpcxpresso_7.0.2_102/lpcxpresso/tools/bin/../lib/gcc/arm-none-eabi/4.8.3/../../../../arm-none-eabi/lib/armv7-m\libcr_c.a(__init_alloc.o)
 .comment       0x00000000       0x71 c:/nxp/lpcxpresso_7.0.2_102/lpcxpresso/tools/bin/../lib/gcc/arm-none-eabi/4.8.3/../../../../arm-none-eabi/lib/armv7-m\libcr_c.a(_cr_sbrk.o)
 .comment       0x00000000       0x71 c:/nxp/lpcxpresso_7.0.2_102/lpcxpresso/tools/bin/../lib/gcc/arm-none-eabi/4.8.3/../../../../arm-none-eabi/lib/armv7-m\libcr_c.a(_do_fflush.o)
 .comment       0x00000000       0x71 c:/nxp/lpcxpresso_7.0.2_102/lpcxpresso/tools/bin/../lib/gcc/arm-none-eabi/4.8.3/../../../../arm-none-eabi/lib/armv7-m\libcr_c.a(_cr_check_heap.o)
 .comment       0x00000000       0x71 c:/nxp/lpcxpresso_7.0.2_102/lpcxpresso/tools/bin/../lib/gcc/arm-none-eabi/4.8.3/armv7-m\libcr_eabihelpers.a(double.o)
 .comment       0x00000000       0x71 c:/nxp/lpcxpresso_7.0.2_102/lpcxpresso/tools/bin/../lib/gcc/arm-none-eabi/4.8.3/armv7-m\libcr_eabihelpers.a(float.o)

.ARM.attributes
                0x00000000       0x31
 .ARM.attributes
                0x00000000       0x33 ./Lib_FreeRTOS/portable/MemMang/heap_2.o
 .ARM.attributes
                0x00000033       0x33 ./Lib_FreeRTOS/portable/GCC/ARM_CM3/port.o
 .ARM.attributes
                0x00000066       0x33 ./Lib_FreeRTOS/list.o
 .ARM.attributes
                0x00000099       0x33 ./Lib_FreeRTOS/queue.o
 .ARM.attributes
                0x000000cc       0x33 ./Lib_FreeRTOS/tasks.o
 .ARM.attributes
                0x000000ff       0x33 ./Funciones.o
 .ARM.attributes
                0x00000132       0x33 ./Graficos.o
 .ARM.attributes
                0x00000165       0x33 ./Mef_Menu.o
 .ARM.attributes
                0x00000198       0x33 ./adc.o
 .ARM.attributes
                0x000001cb       0x33 ./cr_startup_lpc17.o
 .ARM.attributes
                0x000001fe       0x33 ./iap_driver.o
 .ARM.attributes
                0x00000231       0x33 ./main.o
 .ARM.attributes
                0x00000264       0x33 ./rtc.o
 .ARM.attributes
                0x00000297       0x33 ./uart.o
 .ARM.attributes
                0x000002ca       0x21 C:\nxp\projects\Workspace_NBrazo_V1.2\cr_dsplibFFTbin_cm3\libcr_dsplibFFT_cm3.a(cr_dsplib_fft1024.o)
 .ARM.attributes
                0x000002eb       0x33 C:\nxp\projects\Workspace_NBrazo_V1.2\CMSISv1p30_LPC17xx\Debug\libCMSISv1p30_LPC17xx.a(system_LPC17xx.o)
 .ARM.attributes
                0x0000031e       0x33 C:\nxp\projects\Workspace_NBrazo_V1.2\LIB_GLCDgui\Debug\libLIB_GLCDgui.a(GLCDgui.o)
 .ARM.attributes
                0x00000351       0x33 C:\nxp\projects\Workspace_NBrazo_V1.2\LIB_GLCDgui\Debug\libLIB_GLCDgui.a(button.o)
 .ARM.attributes
                0x00000384       0x33 C:\nxp\projects\Workspace_NBrazo_V1.2\LIB_GLCDgui\Debug\libLIB_GLCDgui.a(list.o)
 .ARM.attributes
                0x000003b7       0x33 C:\nxp\projects\Workspace_NBrazo_V1.2\LIB_GLCDgui\Debug\libLIB_GLCDgui.a(text.o)
 .ARM.attributes
                0x000003ea       0x33 C:\nxp\projects\Workspace_NBrazo_V1.2\LIB_GLCDgui\Debug\libLIB_GLCDgui.a(windows.o)
 .ARM.attributes
                0x0000041d       0x33 C:\nxp\projects\Workspace_NBrazo_V1.2\LIB_GLCDgui\Debug\libLIB_GLCDgui.a(object.o)
 .ARM.attributes
                0x00000450       0x33 C:\nxp\projects\Workspace_NBrazo_V1.2\LIB_GLCDgui\Debug\libLIB_GLCDgui.a(picture.o)
 .ARM.attributes
                0x00000483       0x33 C:\nxp\projects\Workspace_NBrazo_V1.2\LIB_GLCDgui\Debug\libLIB_GLCDgui.a(textSlider.o)
 .ARM.attributes
                0x000004b6       0x33 C:\nxp\projects\Workspace_NBrazo_V1.2\LIB_GLCDPrimitives\Debug\libLIB_GLCDPrimitives.a(GLCDFonts.o)
 .ARM.attributes
                0x000004e9       0x33 C:\nxp\projects\Workspace_NBrazo_V1.2\LIB_GLCDPrimitives\Debug\libLIB_GLCDPrimitives.a(GLCDPrimitives.o)
 .ARM.attributes
                0x0000051c       0x33 C:\nxp\projects\Workspace_NBrazo_V1.2\Lib_GLCDLowLevel\Debug\libLib_GLCDLowLevel.a(GLCDLowLevel.o)
 .ARM.attributes
                0x0000054f       0x33 C:\nxp\projects\Workspace_NBrazo_V1.2\Lib_GLCDLowLevel\Debug\libLib_GLCDLowLevel.a(MicroInterface.o)
 .ARM.attributes
                0x00000582       0x33 C:\nxp\projects\Workspace_NBrazo_V1.2\Lib_MCU\Debug\libLib_MCU.a(lpc17xx_gpio.o)
 .ARM.attributes
                0x000005b5       0x21 c:/nxp/lpcxpresso_7.0.2_102/lpcxpresso/tools/bin/../lib/gcc/arm-none-eabi/4.8.3/../../../../arm-none-eabi/lib/armv7-m\libcr_semihost.a(__sys_write.o)
 .ARM.attributes
                0x000005d6       0x33 c:/nxp/lpcxpresso_7.0.2_102/lpcxpresso/tools/bin/../lib/gcc/arm-none-eabi/4.8.3/../../../../arm-none-eabi/lib/armv7-m\libcr_semihost.a(_cr__main.o)
 .ARM.attributes
                0x00000609       0x33 c:/nxp/lpcxpresso_7.0.2_102/lpcxpresso/tools/bin/../lib/gcc/arm-none-eabi/4.8.3/../../../../arm-none-eabi/lib/armv7-m\libcr_c.a(memcpy.o)
 .ARM.attributes
                0x0000063c       0x33 c:/nxp/lpcxpresso_7.0.2_102/lpcxpresso/tools/bin/../lib/gcc/arm-none-eabi/4.8.3/../../../../arm-none-eabi/lib/armv7-m\libcr_c.a(memset.o)
 .ARM.attributes
                0x0000066f       0x33 c:/nxp/lpcxpresso_7.0.2_102/lpcxpresso/tools/bin/../lib/gcc/arm-none-eabi/4.8.3/../../../../arm-none-eabi/lib/armv7-m\libcr_c.a(floor.o)
 .ARM.attributes
                0x000006a2       0x33 c:/nxp/lpcxpresso_7.0.2_102/lpcxpresso/tools/bin/../lib/gcc/arm-none-eabi/4.8.3/../../../../arm-none-eabi/lib/armv7-m\libcr_c.a(fpprintf.o)
 .ARM.attributes
                0x000006d5       0x33 c:/nxp/lpcxpresso_7.0.2_102/lpcxpresso/tools/bin/../lib/gcc/arm-none-eabi/4.8.3/../../../../arm-none-eabi/lib/armv7-m\libcr_c.a(initio.o)
 .ARM.attributes
                0x00000708       0x33 c:/nxp/lpcxpresso_7.0.2_102/lpcxpresso/tools/bin/../lib/gcc/arm-none-eabi/4.8.3/../../../../arm-none-eabi/lib/armv7-m\libcr_c.a(log10.o)
 .ARM.attributes
                0x0000073b       0x33 c:/nxp/lpcxpresso_7.0.2_102/lpcxpresso/tools/bin/../lib/gcc/arm-none-eabi/4.8.3/../../../../arm-none-eabi/lib/armv7-m\libcr_c.a(pow.o)
 .ARM.attributes
                0x0000076e       0x33 c:/nxp/lpcxpresso_7.0.2_102/lpcxpresso/tools/bin/../lib/gcc/arm-none-eabi/4.8.3/../../../../arm-none-eabi/lib/armv7-m\libcr_c.a(printf.o)
 .ARM.attributes